07-23 23:15:42.340 I/SurfaceFlinger( 1885): id=150238 Removed Background for da9d5c0 SurfaceView[com.spherify.app/com.spherify.app.MainActivity]@0#150238 (205)
07-23 23:15:42.340 I/SurfaceFlinger( 1885): id=150235 Removed Bounds for - com.spherify.app/com.spherify.app.MainActivity@0#150235 (205)
07-23 23:15:42.340 D/SGM:FgCheckThread( 2724): getForegroundApp(), foregroundPkgName=com.spherify.app
07-23 23:15:42.342 D/SGM:FgCheckThread( 2724): pkgName: com.spherify.app is in foreground
07-23 23:15:42.348 I/SurfaceFlinger( 1885): destroyed Background for da9d5c0 SurfaceView[com.spherify.app/com.spherify.app.MainActivity]@0#150238 form LifecycleManager
07-23 23:15:42.348 I/SurfaceFlinger( 1885): destroyed da9d5c0 SurfaceView[com.spherify.app/com.spherify.app.MainActivity]@0#150236 form LifecycleManager
07-23 23:15:42.348 I/SurfaceFlinger( 1885): destroyed Bounds for - com.spherify.app/com.spherify.app.MainActivity@0#150235 form LifecycleManager
07-23 23:15:42.348 I/SurfaceFlinger( 1885): destroyed da9d5c0 SurfaceView[com.spherify.app/com.spherify.app.MainActivity]@0(BLAST)#150237 form LifecycleManager
07-23 23:15:42.348 I/SurfaceFlinger( 1885): [LayerHierarchy{RequestedLayerState{com.spherify.app/com.spherify.app.MainActivity$_10055#150232} no children}] reparent to OffscreenRoot
07-23 23:15:42.348 I/SurfaceFlinger( 1885): [LayerHierarchy{RequestedLayerState{com.spherify.app/com.spherify.app.MainActivity$_10055#150232} no children}] RelativeParent to null
07-23 23:15:42.348 I/SurfaceFlinger( 1885): id=150238 onLayerDestroyed from LayerHierarchyBuilder(RequestedLayerState{Background for da9d5c0 SurfaceView[com.spherify.app/com.spherify.app.MainActivity]@0#150238 !handle z=-2147483648})
07-23 23:15:42.348 I/SurfaceFlinger( 1885): id=150236 onLayerDestroyed from LayerHierarchyBuilder(RequestedLayerState{da9d5c0 SurfaceView[com.spherify.app/com.spherify.app.MainActivity]@0#150236 !handle z=-2})
07-23 23:15:42.348 I/SurfaceFlinger( 1885): id=150235 onLayerDestroyed from LayerHierarchyBuilder(RequestedLayerState{Bounds for - com.spherify.app/com.spherify.app.MainActivity@0#150235 !handle})
07-23 23:15:42.348 I/SurfaceFlinger( 1885): id=150237 onLayerDestroyed from LayerHierarchyBuilder(RequestedLayerState{da9d5c0 SurfaceView[com.spherify.app/com.spherify.app.MainActivity]@0(BLAST)#150237 !handle})
07-23 23:15:42.348 I/SurfaceFlinger( 1885): id=150238 Destroyed Background for da9d5c0 SurfaceView[com.spherify.app/com.spherify.app.MainActivity]@0#150238
07-23 23:15:42.348 I/SurfaceFlinger( 1885): id=150236 Destroyed da9d5c0 SurfaceView[com.spherify.app/com.spherify.app.MainActivity]@0#150236
07-23 23:15:42.348 I/SurfaceFlinger( 1885): id=150235 Destroyed Bounds for - com.spherify.app/com.spherify.app.MainActivity@0#150235
07-23 23:15:42.348 I/SurfaceFlinger( 1885): id=150237 Destroyed da9d5c0 SurfaceView[com.spherify.app/com.spherify.app.MainActivity]@0(BLAST)#150237
07-23 23:15:42.349 I/SurfaceFlinger( 1885): id=150232 Removed com.spherify.app/com.spherify.app.MainActivity$_10055#150232 (201)
07-23 23:15:42.354 D/SGM:GameManager( 2724): identifyGamePackage. com.spherify.app, mCurrentUserId: 0, callingMethodInfo: com.samsung.android.game.SemGameManager.isGamePackage(SemGameManager.java:106)
07-23 23:15:42.354 D/SGM:SemGameManager( 2724): isGamePackage(), pkgName=com.spherify.app, ret=false
07-23 23:15:42.356 I/SurfaceFlinger( 1885): destroyed com.spherify.app/com.spherify.app.MainActivity$_10055#150232 form LifecycleManager
07-23 23:15:42.356 I/SurfaceFlinger( 1885): id=150232 onLayerDestroyed from LayerHierarchyBuilder(RequestedLayerState{com.spherify.app/com.spherify.app.MainActivity$_10055#150232 !handle})
07-23 23:15:42.357 I/SurfaceFlinger( 1885): id=150232 Destroyed com.spherify.app/com.spherify.app.MainActivity$_10055#150232
07-23 23:15:42.373 D/SGM:GameManager( 2724): identifyForegroundApp. com.spherify.app, mCurrentUserId: 0, callerUserId: 0
07-23 23:15:42.781 I/Pageboost( 2724): db create : CREATE TABLE IF NOT EXISTS comspherifyapp (FILENAME TEXT, OFFSET INTEGER, SIZE INTEGER, FORVRAMDISK INTEGER, BITMAP BLOB, unique (FILENAME, OFFSET) );
07-23 23:15:42.786 I/Pageboost( 2724): db create : CREATE TABLE IF NOT EXISTS comspherifyapp (FILENAME TEXT, OFFSET INTEGER, SIZE INTEGER, FORVRAMDISK INTEGER, BITMAP BLOB, unique (FILENAME, OFFSET) );
07-23 23:15:42.804 I/Pageboost( 2724): db update :com.spherify.app ret 1
07-23 23:15:42.804 D/SGM:GameManager( 2724): identifyGamePackage. com.spherify.app, mCurrentUserId: 0, callingMethodInfo: com.samsung.android.game.IGameManagerService$Stub.onTransact(IGameManagerService.java:247)
07-23 23:15:42.841 I/Pageboost( 2724): memUsage collected : 257209 57432 41576 for com.spherify.app 10055
07-23 23:15:43.270 D/ProfileInstaller(10055): Installing profile for com.spherify.app
07-23 23:15:44.382 D/io_stats( 1207): !@ Read_top(KB): stagram.android(10127) 29380 ch_zygote(10370) 28336 om.spherify.app(10055) 11564
07-23 23:15:45.374 D/SGM:GameManager( 2724): identifyGamePackage. com.spherify.app, mCurrentUserId: 0, callingMethodInfo: com.samsung.android.game.SemGameManager.isGamePackage(SemGameManager.java:106)
07-23 23:15:45.374 D/SGM:SemGameManager( 2724): isGamePackage(), pkgName=com.spherify.app, ret=false
07-23 23:15:48.393 D/SGM:GameManager( 2724): identifyGamePackage. com.spherify.app, mCurrentUserId: 0, callingMethodInfo: com.samsung.android.game.SemGameManager.isGamePackage(SemGameManager.java:106)
07-23 23:15:48.394 D/SGM:SemGameManager( 2724): isGamePackage(), pkgName=com.spherify.app, ret=false
07-23 23:15:48.629 I/VRI[SharedCameraCaptureActivity]@3dac1(10055): ViewPostIme pointer 0
07-23 23:15:48.630 I/VRI[SharedCameraCaptureActivity]@3dac1(10055): call setFrameRateCategory for touch hint category=high hint, reason=touch, vri=VRI[SharedCameraCaptureActivity]@3dac1
07-23 23:15:48.633 I/SurfaceFlinger( 1885): [com.spherify.app/com.spherify.app.SharedCameraCaptureActivity$_10055#150256] setFrameRateCategory: HighHint
07-23 23:15:48.637 D/SurfaceFlinger( 1885):        DEVICE |           43185896161288 | 00000502 | RGBx_8888    |    0.0    0.0 1080.0 2106.0 |    0   75 1080 2181 | 79267de SurfaceView[com.spherify.app[...]meraCaptureActivity]@0(BLAST)#150248 (2)
07-23 23:15:48.637 D/SurfaceFlinger( 1885):        DEVICE |           43185896161286 | 00002100 | RGBA_8888    |    0.0    0.0 1080.0 2340.0 |    0    0 1080 2340 | com.spherify.app/com.spherify.app.SharedCameraCaptureActivity$_10055#150243 (4)
07-23 23:15:48.637 D/SurfaceFlinger( 1885):        DEVICE |           43185896161292 | 00002100 | RGBA_8888    |  108.0    0.0 1188.0  851.0 |    0  725 1080 1576 | com.spherify.app/com.spherify.app.SharedCameraCaptureActivity$_10055#150256 (2)
07-23 23:15:48.680 I/VRI[SharedCameraCaptureActivity]@3dac1(10055): ViewPostIme pointer 1
07-23 23:15:48.688 V/WindowManager( 2724): Collecting in transition 15250: ActivityRecord{236409941 u0 com.spherify.app/.SharedCameraCaptureActivity t18380 f}}, caller=com.android.server.wm.Transition.collectExistenceChange:40 com.android.server.wm.ActivityRecord.finishIfPossible:62 com.android.server.wm.ActivityClientController.finishActivity:268 android.app.IActivityClientController$Stub.onTransact:929 com.android.server.wm.ActivityClientController.onTransact:1 
07-23 23:15:48.689 D/WindowManager( 2724): prepareSync <SYNC_STATE_WAITING_FOR_DRAW>, mPrepareSyncSeqId=0, win=Window{52adaa4 u0 com.spherify.app/com.spherify.app.SharedCameraCaptureActivity}
07-23 23:15:48.689 D/WindowManager( 2724): prepareSync <SYNC_STATE_WAITING_FOR_DRAW>, mPrepareSyncSeqId=0, win=Window{43027d5 u0 com.spherify.app/com.spherify.app.SharedCameraCaptureActivity}
07-23 23:15:48.689 V/WindowManager( 2724): Collecting in transition 15250: ActivityRecord{236409941 u0 com.spherify.app/.SharedCameraCaptureActivity t18380 f}}, caller=com.android.server.wm.TransitionController.collect:7 com.android.server.wm.ActivityRecord.setVisibility:132 com.android.server.wm.ActivityRecord.finishIfPossible:89 com.android.server.wm.ActivityClientController.finishActivity:268 android.app.IActivityClientController$Stub.onTransact:929 
07-23 23:15:48.689 D/ActivityTaskManager( 2724): scheduleTopResumedActivityChanged, onTop=false, r=ActivityRecord{236409941 u0 com.spherify.app/.SharedCameraCaptureActivity t18380 f}}, caller=com.android.server.wm.ActivityTaskSupervisor.scheduleTopResumedActivityStateLossIfNeeded:19 com.android.server.wm.ActivityTaskSupervisor.updateTopResumedActivityIfNeeded:44 com.android.server.wm.TaskFragment.setResumedActivity:29 com.android.server.wm.ActivityRecord.setState:91 com.android.server.wm.TaskFragment.startPausing$1:231 com.android.server.wm.ActivityRecord.finishIfPossible:104 
07-23 23:15:48.693 I/WindowManager(10055): WindowManagerGlobal#removeView, ty=2, view=com.android.internal.policy.DecorView{b451fa8 V.E...... R....... 0,0-1026,581}[SharedCameraCaptureActivity], caller=android.view.WindowManagerGlobal.removeView:654 android.view.WindowManagerImpl.removeViewImmediate:254 android.app.Dialog.dismissDialog:854 
07-23 23:15:48.696 D/CoreBackPreview( 2724): Window{52adaa4 u0 com.spherify.app/com.spherify.app.SharedCameraCaptureActivity}: Setting back callback null
07-23 23:15:48.697 I/VRI[SharedCameraCaptureActivity]@3dac1(10055): dispatchDetachedFromWindow
07-23 23:15:48.698 V/WindowManager( 2724): Remove Window{52adaa4 u0 com.spherify.app/com.spherify.app.SharedCameraCaptureActivity}: mSurfaceControl=Surface(name=com.spherify.app/com.spherify.app.SharedCameraCaptureActivity$_10055#150256)/@0xb4b3498 mAnimatingExit=false mRemoveOnExit=false mHasSurface=true surfaceShowing=true animating=false app-animation=false callers=com.android.server.wm.Session.remove:15 android.view.IWindowSession$Stub.onTransact:813 com.android.server.wm.Session.onTransact:1 android.os.Binder.execTransactInternal:1509 android.os.Binder.execTransact:1454 <bottom of call stack> 
07-23 23:15:48.699 I/WindowManager( 2724): Reparenting to leash, surface=Surface(name=52adaa4 com.spherify.app/com.spherify.app.SharedCameraCaptureActivity#150252)/@0xef11088, leashParent=Surface(name=ActivityRecord{236409941 u0 com.spherify.app/.SharedCameraCaptureActivity t18380}#150241)/@0x112746b
07-23 23:15:48.700 I/SurfaceFlinger( 1885): id=150260 createSurf, flag=24000, Surface(name=52adaa4 com.spherify.app/com.spherify.app.SharedCameraCaptureActivity#150252)/@0xef11088 - animation-leash of window_animation#150260
07-23 23:15:48.700 D/WindowManager( 2724): makeSurface duration=0 leash=Surface(name=Surface(name=52adaa4 com.spherify.app/com.spherify.app.SharedCameraCaptureActivity#150252)/@0xef11088 - animation-leash of window_animation#150260)/@0xc07f757
07-23 23:15:48.700 I/SurfaceFlinger( 1885): [Surface(name=52adaa4 com.spherify.app/com.spherify.app.SharedCameraCaptureActivity#150252)/@0xef11088 - animation-leash of window_animation#150260] attach to parent LayerHierarchy{RequestedLayerState{ActivityRecord{236409941 u0 com.spherify.app/.SharedCameraCaptureActivity t18380}#150241 parentId=150220 z=1} 5 children}
07-23 23:15:48.700 D/WindowManager( 2724): Changing focus from Window{52adaa4 u0 com.spherify.app/com.spherify.app.SharedCameraCaptureActivity EXITING} to null displayId=0 Callers=com.android.server.wm.WindowState.removeIfPossible:659 com.android.server.wm.Session.remove:15 android.view.IWindowSession$Stub.onTransact:813 com.android.server.wm.Session.onTransact:1 
07-23 23:15:48.701 D/InsetsSourceProvider( 2724): updateControlForTarget: control=InsetsSourceControl: {1f6d0001 mType=navigationBars initiallyVisible mSurfacePosition=Point(0, 2205) mInsetsHint=Insets{left=0, top=0, right=0, bottom=135}}, target=Window{43027d5 u0 com.spherify.app/com.spherify.app.SharedCameraCaptureActivity}, from=com.android.server.wm.InsetsStateController.onControlTargetChanged:82 com.android.server.wm.InsetsPolicy.updateBarControlTarget:216 com.android.server.wm.DisplayPolicy.updateSystemBarAttributes:439 com.android.server.wm.WindowManagerService.updateFocusedWindowLocked:358 com.android.server.wm.WindowState.removeIfPossible:659 
07-23 23:15:48.701 D/InsetsSourceProvider( 2724): updateControlForTarget: control=InsetsSourceControl: {14360000 mType=statusBars initiallyVisible mSurfacePosition=Point(0, 0) mInsetsHint=Insets{left=0, top=97, right=0, bottom=0}}, target=Window{43027d5 u0 com.spherify.app/com.spherify.app.SharedCameraCaptureActivity}, from=com.android.server.wm.InsetsStateController.onControlTargetChanged:82 com.android.server.wm.InsetsPolicy.updateBarControlTarget:203 com.android.server.wm.DisplayPolicy.updateSystemBarAttributes:439 com.android.server.wm.WindowManagerService.updateFocusedWindowLocked:358 com.android.server.wm.WindowState.removeIfPossible:659 
07-23 23:15:48.701 D/WindowManager( 2724): updateSystemBarAttributes: displayId=0, focusedCanBeNavColorWin=false, win=Window{43027d5 u0 com.spherify.app/com.spherify.app.SharedCameraCaptureActivity}, navColorWin=Window{52adaa4 u0 com.spherify.app/com.spherify.app.SharedCameraCaptureActivity EXITING}, caller=com.android.server.wm.WindowManagerService.updateFocusedWindowLocked:358 com.android.server.wm.WindowState.removeIfPossible:659 com.android.server.wm.Session.remove:15 
07-23 23:15:48.702 D/WindowManager( 2724): updateSystemBarAttributes: displayId=0, focusedCanBeNavColorWin=false, win=Window{43027d5 u0 com.spherify.app/com.spherify.app.SharedCameraCaptureActivity}, navColorWin=Window{43027d5 u0 com.spherify.app/com.spherify.app.SharedCameraCaptureActivity}, caller=com.android.server.wm.DisplayPolicy.finishPostLayoutPolicyLw:17 com.android.server.wm.RootWindowContainer.applySurfaceChangesTransaction$1:188 com.android.server.wm.RootWindowContainer.performSurfacePlacement:59 
07-23 23:15:48.704 D/InputDispatcher( 2724): Focus left window (0): 52adaa4 com.spherify.app/com.spherify.app.SharedCameraCaptureActivity
07-23 23:15:48.706 V/WindowManager( 2724): Collecting in transition 15250: ActivityRecord{75023820 u0 com.spherify.app/.MainActivity t18380}, caller=com.android.server.wm.TransitionController.collect:7 com.android.server.wm.ActivityRecord.setVisibility:132 com.android.server.wm.TaskFragment.resumeTopActivity:1932 com.android.server.wm.Task.resumeTopActivityInnerLocked:125 com.android.server.wm.Task.resumeTopActivityUncheckedLocked:23 
07-23 23:15:48.706 D/WindowManager( 2724): prepareSync <SYNC_STATE_WAITING_FOR_DRAW>, mPrepareSyncSeqId=0, win=Window{397fbf3 u0 com.spherify.app/com.spherify.app.MainActivity}
07-23 23:15:48.706 V/WindowManager( 2724): Setting visibility of Window{397fbf3 u0 com.spherify.app/com.spherify.app.MainActivity}: true, caller=com.android.server.wm.WindowContainer.sendAppVisibilityToClients:19 com.android.server.wm.WindowToken.setClientVisible:91 com.android.server.wm.ActivityRecord.setVisibility:491 com.android.server.wm.TaskFragment.resumeTopActivity:1932 com.android.server.wm.Task.resumeTopActivityInnerLocked:125 
07-23 23:15:48.706 D/InputDispatcher( 2724): Focused application(0): ActivityRecord{75023820 u0 com.spherify.app/.MainActivity t18380}
07-23 23:15:48.707 D/WindowManager( 2724): rotationForOrientation, orientationSource=ActivityRecord{75023820 u0 com.spherify.app/.MainActivity t18380}
07-23 23:15:48.707 D/WindowManagerServiceExt( 2724): updateTaskbarTargetIfNeeded: cn=ComponentInfo{com.spherify.app/com.spherify.app.MainActivity} occludesParent=true isInSplitScreenMode=false
07-23 23:15:48.707 D/NavigationBar( 4213): onSystemBarAttributesChanged() -  displayId:0, appearance:520, packageName: com.spherify.app (APPEARANCE_LIGHT_STATUS_BARS ), navbarColorManagedByIme:false
07-23 23:15:48.707 D/NavigationBar( 4213): onSystemBarAttributesChanged() -  displayId:0, appearance:536, packageName: com.spherify.app (APPEARANCE_LIGHT_STATUS_BARS APPEARANCE_LIGHT_NAVIGATION_BARS ), navbarColorManagedByIme:false
07-23 23:15:48.707 D/ActivityTaskManager( 2724): scheduleTopResumedActivityChanged, onTop=true, r=ActivityRecord{75023820 u0 com.spherify.app/.MainActivity t18380}, caller=com.android.server.wm.ActivityTaskSupervisor.scheduleTopResumedActivityStateIfNeeded:18 com.android.server.wm.ActivityTaskSupervisor.handleTopResumedStateReleasedIfNeeded:57 com.android.server.wm.ActivityRecord.activityPaused:94 com.android.server.wm.ActivityClientController.activityPaused:26 android.app.IActivityClientController$Stub.onTransact:812 com.android.server.wm.ActivityClientController.onTransact:1 
07-23 23:15:48.707 D/SamsungLightBarControlHelper( 4213): updateNavigationBar (BLACK button) isLightOpaque:false, hasLightNavigationBarFlag:true, packageName:com.spherify.app, DirectReplying:false, NavBarColorMangedByIme:false, ForceDarkForScrim:false, ForceLightForScrim:false, QsCustomizing:false, QsExpanded:false
07-23 23:15:48.708 D/BLASTSyncEngine( 2724): SyncGroup 15250:  Unfinished container: ActivityRecord{75023820 u0 com.spherify.app/.MainActivity t18380} mSyncState=2
07-23 23:15:48.708 D/VRI[MainActivity]@ec013b1(10055): WindowStopped on com.spherify.app/com.spherify.app.MainActivity set to false
07-23 23:15:48.708 D/SGM:FgCheckThread( 2724): notePauseComponent(), received pkgName: com.spherify.app, userId: 0
07-23 23:15:48.708 I/SurfaceFlinger( 1885): [LayerHierarchy{RequestedLayerState{52adaa4 com.spherify.app/com.spherify.app.SharedCameraCaptureActivity#150252 parentId=150260 z=1} 2 children}] reparent to LayerHierarchy{RequestedLayerState{Surface(name=52adaa4 com.spherify.app/com.spherify.app.SharedCameraCaptureActivity#150252)/@0xef11088 - animation-leash of window_animation#150260 parentId=150241} 1 children}
07-23 23:15:48.709 D/SGM:GameManager( 2724): identifyGamePackage. com.spherify.app, mCurrentUserId: 0, callingMethodInfo: com.samsung.android.game.IGameManagerService$Stub.onTransact(IGameManagerService.java:247)
07-23 23:15:48.716 D/SGM:FgCheckThread( 2724): noteResumeComponent(), received pkgName: com.spherify.app, userId: 0
07-23 23:15:48.716 I/SDHMS:k ( 6852): handleResumeComponent : put = com.spherify.app, userid = 0 instanceid =58322730
07-23 23:15:48.716 D/SGM:FgCheckThread( 2724): onLooperPrepared(), msg: MSG_APP_RESUME, pkgName: com.spherify.app, userid: 0
07-23 23:15:48.716 D/SGM:FgCheckThread( 2724):   handleResume(). pkgName: com.spherify.app, userId: 0, category: non-game
07-23 23:15:48.716 D/SGM:FgCheckThread( 2724): notifyFocusInOut(). of pkg: com.spherify.app, type: 4, isSecGameFamily: false, userId: 0
07-23 23:15:48.716 I/HoneySpace.EdgePanel.EdgePanelContainerViewModel( 4796): cocktailHostRepository.edgePanelOperation NoteResumeComponent(componentName=ComponentInfo{com.spherify.app/com.spherify.app.MainActivity})
07-23 23:15:48.716 I/HoneySpace.EdgePanel.ActivityUtils( 4796): HomePackage : com.sec.android.app.launcher, resumePackageName : com.spherify.app, className : com.spherify.app.MainActivity
07-23 23:15:48.732 I/SV[229234112 MainActivity](10055): onWindowVisibilityChanged(0) false com.spherify.app.GLProjectionView{da9d5c0 VFE...... ........ 0,254-1080,1879} of VRI[MainActivity]@ec013b1
07-23 23:15:48.732 I/WindowManager( 2724): Relayout Window{397fbf3 u0 com.spherify.app/com.spherify.app.MainActivity}: viewVisibility=0 req=1080x2340 ty=1 d0
07-23 23:15:48.732 I/SurfaceFlinger( 1885): id=150263 createSurf, flag=44004, com.spherify.app/com.spherify.app.MainActivity$_10055#150263
07-23 23:15:48.732 D/WindowManager( 2724): makeSurface duration=1 name=com.spherify.app/com.spherify.app.MainActivity$_10055
07-23 23:15:48.733 D/BLASTSyncEngine( 2724): SyncGroup 15250:  Unfinished container: ActivityRecord{75023820 u0 com.spherify.app/.MainActivity t18380} mSyncState=2
07-23 23:15:48.733 I/SurfaceFlinger( 1885): [com.spherify.app/com.spherify.app.MainActivity$_10055#150263] attach to parent LayerHierarchy{RequestedLayerState{397fbf3 com.spherify.app/com.spherify.app.MainActivity#150231 parentId=150221} 1 children}
07-23 23:15:48.734 D/WindowManager( 2724): Changing focus from null to Window{397fbf3 u0 com.spherify.app/com.spherify.app.MainActivity} displayId=0 Callers=com.android.server.wm.WindowManagerService.relayoutWindow:1350 com.android.server.wm.Session.relayout:30 android.view.IWindowSession$Stub.onTransact:840 com.android.server.wm.Session.onTransact:1 
07-23 23:15:48.734 D/InsetsSourceProvider( 2724): updateControlForTarget: control=InsetsSourceControl: {1f6d0001 mType=navigationBars initiallyVisible mSurfacePosition=Point(0, 2205) mInsetsHint=Insets{left=0, top=0, right=0, bottom=135}}, target=Window{397fbf3 u0 com.spherify.app/com.spherify.app.MainActivity}, from=com.android.server.wm.InsetsStateController.onControlTargetChanged:82 com.android.server.wm.InsetsPolicy.updateBarControlTarget:216 com.android.server.wm.DisplayPolicy.updateSystemBarAttributes:439 com.android.server.wm.WindowManagerService.updateFocusedWindowLocked:358 com.android.server.wm.WindowManagerService.relayoutWindow:1350 
07-23 23:15:48.735 D/InsetsSourceProvider( 2724): updateControlForTarget: control=InsetsSourceControl: {14360000 mType=statusBars initiallyVisible mSurfacePosition=Point(0, 0) mInsetsHint=Insets{left=0, top=97, right=0, bottom=0}}, target=Window{397fbf3 u0 com.spherify.app/com.spherify.app.MainActivity}, from=com.android.server.wm.InsetsStateController.onControlTargetChanged:82 com.android.server.wm.InsetsPolicy.updateBarControlTarget:203 com.android.server.wm.DisplayPolicy.updateSystemBarAttributes:439 com.android.server.wm.WindowManagerService.updateFocusedWindowLocked:358 com.android.server.wm.WindowManagerService.relayoutWindow:1350 
07-23 23:15:48.735 V/SystemKeyManager( 2724): updateFocusedWindow() is called, com.spherify.app/com.spherify.app.MainActivity
07-23 23:15:48.736 I/SystemKeyManager( 2724): requested systemKeyInfo size=1 focusedWindow=com.spherify.app/com.spherify.app.MainActivity
07-23 23:15:48.736 I/SystemKeyManager( 2724): requested systemKeyInfo size=1 focusedWindow=com.spherify.app/com.spherify.app.MainActivity
07-23 23:15:48.738 I/SV[229234112 MainActivity](10055): windowStopped(false) true com.spherify.app.GLProjectionView{da9d5c0 VFE...... ........ 0,254-1080,1879} of VRI[MainActivity]@ec013b1
07-23 23:15:48.738 I/SurfaceFlinger( 1885): id=150266 createSurf, flag=20004, Bounds for - com.spherify.app/com.spherify.app.MainActivity@1#150266
07-23 23:15:48.738 I/SurfaceFlinger( 1885): id=150267 createSurf, flag=84004, da9d5c0 SurfaceView[com.spherify.app/com.spherify.app.MainActivity]@0#150267
07-23 23:15:48.739 I/SurfaceFlinger( 1885): id=150268 createSurf, flag=44400, da9d5c0 SurfaceView[com.spherify.app/com.spherify.app.MainActivity]@0(BLAST)#150268
07-23 23:15:48.739 I/SurfaceFlinger( 1885): id=150269 createSurf, flag=20404, Background for da9d5c0 SurfaceView[com.spherify.app/com.spherify.app.MainActivity]@0#150269
07-23 23:15:48.739 I/BLASTBufferQueue_Java(10055): new BLASTBufferQueue, mName= da9d5c0 SurfaceView[com.spherify.app/com.spherify.app.MainActivity]@0 mNativeObject= 0xb400006dbfa71090 caller= android.view.SurfaceView.createBlastSurfaceControls:1878 android.view.SurfaceView.updateSurface:1519 android.view.SurfaceView.setWindowStopped:542 android.view.SurfaceView.surfaceCreated:2429 android.view.ViewRootImpl.notifySurfaceCreated:3520 android.view.ViewRootImpl.performTraversals:5350 android.view.ViewRootImpl.doTraversal:3959 android.view.ViewRootImpl$TraversalRunnable.run:13034 android.view.Choreographer$CallbackRecord.run:1961 android.view.Choreographer$CallbackRecord.run:1970 
07-23 23:15:48.739 I/BLASTBufferQueue_Java(10055): update, w= 1080 h= 1625 mName = da9d5c0 SurfaceView[com.spherify.app/com.spherify.app.MainActivity]@0 mNativeObject= 0xb400006dbfa71090 sc.mNativeObject= 0xb400006e9fa68110 format= 4 caller= android.view.SurfaceView.createBlastSurfaceControls:1879 android.view.SurfaceView.updateSurface:1519 android.view.SurfaceView.setWindowStopped:542 android.view.SurfaceView.surfaceCreated:2429 android.view.ViewRootImpl.notifySurfaceCreated:3520 android.view.ViewRootImpl.performTraversals:5350 
07-23 23:15:48.740 I/SV[229234112 MainActivity](10055): surfaceCreated 1 #1 com.spherify.app.GLProjectionView{da9d5c0 VFE...... ........ 0,254-1080,1879}
07-23 23:15:48.740 I/SV[229234112 MainActivity](10055): surfaceChanged (1080,1625) 1 #1 com.spherify.app.GLProjectionView{da9d5c0 VFE...... ........ 0,254-1080,1879}
07-23 23:15:48.742 I/SurfaceFlinger( 1885): [Bounds for - com.spherify.app/com.spherify.app.MainActivity@1#150266] attach to parent LayerHierarchy{RequestedLayerState{com.spherify.app/com.spherify.app.MainActivity$_10055#150263 parentId=150231} 1 children}
07-23 23:15:48.742 I/SurfaceFlinger( 1885): [da9d5c0 SurfaceView[com.spherify.app/com.spherify.app.MainActivity]@0#150267] attach to parent LayerHierarchy{RequestedLayerState{Bounds for - com.spherify.app/com.spherify.app.MainActivity@1#150266 parentId=150263} 1 children}
07-23 23:15:48.742 I/SurfaceFlinger( 1885): [da9d5c0 SurfaceView[com.spherify.app/com.spherify.app.MainActivity]@0(BLAST)#150268] attach to parent LayerHierarchy{RequestedLayerState{da9d5c0 SurfaceView[com.spherify.app/com.spherify.app.MainActivity]@0#150267 parentId=150266} 1 children}
07-23 23:15:48.742 I/SurfaceFlinger( 1885): [Background for da9d5c0 SurfaceView[com.spherify.app/com.spherify.app.MainActivity]@0#150269] attach to parent LayerHierarchy{RequestedLayerState{da9d5c0 SurfaceView[com.spherify.app/com.spherify.app.MainActivity]@0#150267 parentId=150266} 2 children}
07-23 23:15:48.742 I/SurfaceControl( 2724): apply, lowDebugName=Focus request: 397fbf3 com.spherify.app/com.spherify.app.MainActivity, caller=android.view.SurfaceControl$Transaction.apply:3569 android.view.SurfaceControl$Transaction.apply:3519 com.android.server.wm.WindowAnimator.animate:468 com.android.server.wm.WindowAnimator$$ExternalSyntheticLambda1.doFrame:14 android.view.Choreographer$CallbackRecord.run:1959 android.view.Choreographer$CallbackRecord.run:1970 
07-23 23:15:48.742 I/BLASTBufferQueue(10055): [da9d5c0 SurfaceView[com.spherify.app/com.spherify.app.MainActivity]@0#6](f:0,a:0,s:0) onFrameAvailable the first frame is available
07-23 23:15:48.743 I/SurfaceFlinger( 1885): [da9d5c0 SurfaceView[com.spherify.app/com.spherify.app.MainActivity]@0(BLAST)#150268] setTransactionState with the first frame. bufferData(ID: 43185896161295, frameNumber: 1)
07-23 23:15:48.748 I/SurfaceFlinger( 1885): [com.spherify.app/com.spherify.app.MainActivity$_10055#150263] setTransactionState with the first frame. bufferData(ID: 43185896161297, frameNumber: 1)
07-23 23:15:48.748 D/WindowManager( 2724): finishDrawingWindow: Window{397fbf3 u0 com.spherify.app/com.spherify.app.MainActivity} mDrawState=DRAW_PENDING seqId=0
07-23 23:15:48.748 I/InsetsSourceConsumer(10055): applyRequestedVisibilityToControl: visible=true, type=navigationBars, host=com.spherify.app/com.spherify.app.SharedCameraCaptureActivity
07-23 23:15:48.749 I/InsetsSourceConsumer(10055): applyRequestedVisibilityToControl: visible=true, type=statusBars, host=com.spherify.app/com.spherify.app.SharedCameraCaptureActivity
07-23 23:15:48.749 V/WindowManager( 2724): performShowLocked: mDrawState=HAS_DRAWN in Window{397fbf3 u0 com.spherify.app/com.spherify.app.MainActivity}
07-23 23:15:48.749 D/ChangeTransitionController( 2724):    ChangeInfo{eb86ab1 container=ActivityRecord{75023820 u0 com.spherify.app/.MainActivity t18380} flags=0x0}
07-23 23:15:48.749 D/ChangeTransitionController( 2724):    ChangeInfo{3b05317 container=Task{b789015 #18380 type=standard A=10601:com.spherify.app} flags=0x0}
07-23 23:15:48.749 D/ChangeTransitionController( 2724):    ChangeInfo{62e9304 container=ActivityRecord{236409941 u0 com.spherify.app/.SharedCameraCaptureActivity t18380 f}} flags=0x0}
07-23 23:15:48.750 V/WindowManager( 2724): Start calculating TransitionInfo based on participants: {ActivityRecord{75023820 u0 com.spherify.app/.MainActivity t18380}, ActivityRecord{236409941 u0 com.spherify.app/.SharedCameraCaptureActivity t18380 f}}}
07-23 23:15:48.750 V/WindowManager( 2724):   Final targets: [ChangeInfo{62e9304 container=ActivityRecord{236409941 u0 com.spherify.app/.SharedCameraCaptureActivity t18380 f}} flags=0x0}, ChangeInfo{eb86ab1 container=ActivityRecord{75023820 u0 com.spherify.app/.MainActivity t18380} flags=0x0}]
07-23 23:15:48.750 I/InsetsSourceConsumer(10055): applyRequestedVisibilityToControl: visible=true, type=navigationBars, host=com.spherify.app/com.spherify.app.MainActivity
07-23 23:15:48.750 I/SurfaceFlinger( 1885): RequestedLayer [da9d5c0 SurfaceView[com.spherify.app/com.spherify.app.MainActivity]@0#150267] hidden!! flag  from(1) --> to(0)
07-23 23:15:48.750 I/SurfaceFlinger( 1885): RequestedLayer [Bounds for - com.spherify.app/com.spherify.app.MainActivity@1#150266] hidden!! flag  from(1) --> to(0)
07-23 23:15:48.750 I/SurfaceFlinger( 1885): RequestedLayer [Background for da9d5c0 SurfaceView[c[...].spherify.app.MainActivity]@0#150269] hidden!! flag  from(1) --> to(0)
07-23 23:15:48.750 I/SurfaceFlinger( 1885): [LayerHierarchy{RequestedLayerState{da9d5c0 SurfaceView[com.spherify.app/com.spherify.app.MainActivity]@0#150267 parentId=150266 relativeParentId=150263 z=-2} 2 children}] RelativeParent to LayerHierarchy{RequestedLayerState{com.spherify.app/com.spherify.app.MainActivity$_10055#150263 parentId=150231} 2 children}
07-23 23:15:48.750 I/SurfaceFlinger( 1885): [LayerHierarchy{RequestedLayerState{Background for da9d5c0 SurfaceView[com.spherify.app/com.spherify.app.MainActivity]@0#150269 parentId=150267 relativeParentId=150263 z=-2147483648} no children}] RelativeParent to LayerHierarchy{RequestedLayerState{com.spherify.app/com.spherify.app.MainActivity$_10055#150263 parentId=150231} 3 children}
07-23 23:15:48.750 I/SurfaceFlinger( 1885): id=150270 createSurf, flag=84004, Transition Root: ActivityRecord{236409941 u0 com.spherify.app/.SharedCameraCaptureActivity t18380 f}}#150270
07-23 23:15:48.750 I/InsetsSourceConsumer(10055): applyRequestedVisibilityToControl: visible=true, type=statusBars, host=com.spherify.app/com.spherify.app.MainActivity
07-23 23:15:48.750 I/SurfaceControlRegistry( 2724): show, t=StartTransaction_SyncId<15250> sc=ActivityRecord{75023820 u0 com.spherify.app/.MainActivity t18380}#150221, caller=android.view.SurfaceControl$Transaction.show:3679 com.android.server.wm.Transition.onTransactionReady:2078 com.android.server.wm.BLASTSyncEngine$SyncGroup.finishNow:261 com.android.server.wm.BLASTSyncEngine.onSurfacePlacement:263 com.android.server.wm.RootWindowContainer.performSurfacePlacement:1105 com.android.server.wm.WindowSurfacePlacer.performSurfacePlacement:163 
07-23 23:15:48.751 V/WindowManager( 2724):         {m=CLOSE f=FILLS_TASK|IS_ACTIVITY|EDGE_EXTENSION_RESTRICTION leash=Surface(name=ActivityRecord{236409941 u0 com.spherify.app/.SharedCameraCaptureActivity t18380}#150241)/@0x112746b sb=Rect(0, 0 - 1080, 2340) eb=Rect(0, 0 - 1080, 2340) epz=Point(1080, 2340) d=0 bc=fffafafa activity=ActivityTransitionInfo { component = ComponentInfo{com.spherify.app/com.spherify.app.SharedCameraCaptureActivity}, taskId = 18380, appCompatTransitionInfo = null } opt={t=FROM_STYLE mUserId=0} inset=Rect(0, 0 - 0, 0) dim=true taskIdForActivity=18380 allowAppBgLayer=true},
07-23 23:15:48.751 V/WindowManager( 2724):         {m=TO_FRONT f=FILLS_TASK|IS_ACTIVITY|EDGE_EXTENSION_RESTRICTION leash=Surface(name=ActivityRecord{75023820 u0 com.spherify.app/.MainActivity t18380}#150221)/@0xdd4aee6 sb=Rect(0, 0 - 1080, 2340) eb=Rect(0, 0 - 1080, 2340) epz=Point(1080, 2340) d=0 bc=fffafafa activity=ActivityTransitionInfo { component = ComponentInfo{com.spherify.app/com.spherify.app.MainActivity}, taskId = 18380, appCompatTransitionInfo = null } opt={t=FROM_STYLE mUserId=0} inset=Rect(0, 0 - 0, 0) dim=true taskIdForActivity=18380 allowAppBgLayer=true}
07-23 23:15:48.752 D/SurfaceFlinger( 1885): [input] setFocusedWindow: 397fbf3 com.spherify.app/com.spherify.app.MainActivity
07-23 23:15:48.752 D/InputDispatcher( 2724): Once focus requested (0): 397fbf3 com.spherify.app/com.spherify.app.MainActivity
07-23 23:15:48.753 D/InputDispatcher( 2724): Focus request (0): 397fbf3 com.spherify.app/com.spherify.app.MainActivity but waiting because NOT_VISIBLE
07-23 23:15:48.753 V/WindowManager( 2724):         {m=CLOSE f=FILLS_TASK|IS_ACTIVITY|EDGE_EXTENSION_RESTRICTION leash=Surface(name=ActivityRecord{236409941 u0 com.spherify.app/.SharedCameraCaptureActivity t18380}#150241)/@0x112746b sb=Rect(0, 0 - 1080, 2340) eb=Rect(0, 0 - 1080, 2340) epz=Point(1080, 2340) d=0 bc=fffafafa activity=ActivityTransitionInfo { component = ComponentInfo{com.spherify.app/com.spherify.app.SharedCameraCaptureActivity}, taskId = 18380, appCompatTransitionInfo = null } opt={t=FROM_STYLE mUserId=0} inset=Rect(0, 0 - 0, 0) dim=true taskIdForActivity=18380 allowAppBgLayer=true},
07-23 23:15:48.753 V/WindowManager( 2724):         {m=TO_FRONT f=FILLS_TASK|IS_ACTIVITY|EDGE_EXTENSION_RESTRICTION leash=Surface(name=ActivityRecord{75023820 u0 com.spherify.app/.MainActivity t18380}#150221)/@0xdd4aee6 sb=Rect(0, 0 - 1080, 2340) eb=Rect(0, 0 - 1080, 2340) epz=Point(1080, 2340) d=0 bc=fffafafa activity=ActivityTransitionInfo { component = ComponentInfo{com.spherify.app/com.spherify.app.MainActivity}, taskId = 18380, appCompatTransitionInfo = null } opt={t=FROM_STYLE mUserId=0} inset=Rect(0, 0 - 0, 0) dim=true taskIdForActivity=18380 allowAppBgLayer=true}
07-23 23:15:48.753 V/WindowManagerShell( 4213):         {m=CLOSE f=FILLS_TASK|IS_ACTIVITY|EDGE_EXTENSION_RESTRICTION leash=Surface(name=ActivityRecord{236409941 u0 com.spherify.app/.SharedCameraCaptureActivity t18380}#150241)/@0xe619006 sb=Rect(0, 0 - 1080, 2340) eb=Rect(0, 0 - 1080, 2340) epz=Point(1080, 2340) d=0 bc=fffafafa activity=ActivityTransitionInfo { component = ComponentInfo{com.spherify.app/com.spherify.app.SharedCameraCaptureActivity}, taskId = 18380, appCompatTransitionInfo = null } opt={t=FROM_STYLE mUserId=0} inset=Rect(0, 0 - 0, 0) dim=true taskIdForActivity=18380 allowAppBgLayer=true},
07-23 23:15:48.753 V/WindowManagerShell( 4213):         {m=TO_FRONT f=FILLS_TASK|IS_ACTIVITY|EDGE_EXTENSION_RESTRICTION leash=Surface(name=ActivityRecord{75023820 u0 com.spherify.app/.MainActivity t18380}#150221)/@0x41056c7 sb=Rect(0, 0 - 1080, 2340) eb=Rect(0, 0 - 1080, 2340) epz=Point(1080, 2340) d=0 bc=fffafafa activity=ActivityTransitionInfo { component = ComponentInfo{com.spherify.app/com.spherify.app.MainActivity}, taskId = 18380, appCompatTransitionInfo = null } opt={t=FROM_STYLE mUserId=0} inset=Rect(0, 0 - 0, 0) dim=true taskIdForActivity=18380 allowAppBgLayer=true}
07-23 23:15:48.753 I/SurfaceControlRegistry( 4213): show, t=StartTransaction_SyncId<15250> sc=ActivityRecord{75023820 u0 com.spherify.app/.MainActivity t18380}#150221, caller=android.view.SurfaceControl$Transaction.show:3679 com.android.wm.shell.transition.Transitions.dispatchReady:1372 com.android.wm.shell.transition.Transitions$TransitionPlayerImpl$$ExternalSyntheticLambda1.run:284 android.os.Handler.handleCallback:1070 android.os.Handler.dispatchMessage:125 android.os.Looper.dispatchMessage:358 
07-23 23:15:48.754 I/SurfaceControlRegistry( 4213): show, t=FinishTransaction_SyncId<15250> sc=ActivityRecord{75023820 u0 com.spherify.app/.MainActivity t18380}#150221, caller=android.view.SurfaceControl$Transaction.show:3679 com.android.wm.shell.transition.Transitions.dispatchReady:1470 com.android.wm.shell.transition.Transitions$TransitionPlayerImpl$$ExternalSyntheticLambda1.run:284 android.os.Handler.handleCallback:1070 android.os.Handler.dispatchMessage:125 android.os.Looper.dispatchMessage:358 
07-23 23:15:48.754 I/SurfaceControlRegistry( 4213): hide, t=FinishTransaction_SyncId<15250> sc=ActivityRecord{236409941 u0 com.spherify.app/.SharedCameraCaptureActivity t18380}#150241, caller=android.view.SurfaceControl$Transaction.hide:3705 com.android.wm.shell.transition.Transitions.dispatchReady:1355 com.android.wm.shell.transition.Transitions$TransitionPlayerImpl$$ExternalSyntheticLambda1.run:284 android.os.Handler.handleCallback:1070 android.os.Handler.dispatchMessage:125 android.os.Looper.dispatchMessage:358 
07-23 23:15:48.754 I/SurfaceControlRegistry( 4213): show, t=StartTransaction_SyncId<15250> sc=Transition Root: ActivityRecord{236409941 u0 com.spherify.app/.SharedCameraCaptureActivity t18380 f}}#150270, caller=android.view.SurfaceControl$Transaction.show:3679 com.android.wm.shell.transition.Transitions.playTransition:78 com.android.wm.shell.transition.Transitions.processReadyQueue:296 com.android.wm.shell.transition.Transitions.dispatchReady:1492 com.android.wm.shell.transition.Transitions$TransitionPlayerImpl$$ExternalSyntheticLambda1.run:284 android.os.Handler.handleCallback:1070 
07-23 23:15:48.754 V/WindowManagerShell( 4213): Transition doesn't have explicit remote, search filters for match for {id=15250 t=CLOSE f=0x0 trk=0 r=[0@Point(0, 0)] c=[{m=CLOSE f=FILLS_TASK|IS_ACTIVITY|EDGE_EXTENSION_RESTRICTION leash=Surface(name=ActivityRecord{236409941 u0 com.spherify.app/.SharedCameraCaptureActivity t18380}#150241)/@0xe619006 sb=Rect(0, 0 - 1080, 2340) eb=Rect(0, 0 - 1080, 2340) epz=Point(1080, 2340) d=0 bc=fffafafa activity=ActivityTransitionInfo { component = ComponentInfo{com.spherify.app/com.spherify.app.SharedCameraCaptureActivity}, taskId = 18380, appCompatTransitionInfo = null } opt={t=FROM_STYLE mUserId=0} inset=Rect(0, 0 - 0, 0) dim=true taskIdForActivity=18380 allowAppBgLayer=true},{m=TO_FRONT f=FILLS_TASK|IS_ACTIVITY|EDGE_EXTENSION_RESTRICTION leash=Surface(name=ActivityRecord{75023820 u0 com.spherify.app/.MainActivity t18380}#150221)/@0x41056c7 sb=Rect(0, 0 - 1080, 2340) eb=Rect(0, 0 - 1080, 2340) epz=Point(1080, 2340) d=0 bc=fffafafa activity=ActivityTransitionInfo { component = ComponentInfo{com.spherify.app/com.spherify.app.MainActivity}, taskId = 18380, appCompatTransitionInfo = null } opt={t=FROM_STYLE mUserId=0} inset=Rect(0, 0 - 0, 0) dim=true taskIdForActivity=18380 allowAppBgLayer=true}]}
07-23 23:15:48.754 V/WindowManagerShell( 4213): start default transition animation, info = {id=15250 t=CLOSE f=0x0 trk=0 r=[0@Point(0, 0)] c=[{m=CLOSE f=FILLS_TASK|IS_ACTIVITY|EDGE_EXTENSION_RESTRICTION leash=Surface(name=ActivityRecord{236409941 u0 com.spherify.app/.SharedCameraCaptureActivity t18380}#150241)/@0xe619006 sb=Rect(0, 0 - 1080, 2340) eb=Rect(0, 0 - 1080, 2340) epz=Point(1080, 2340) d=0 bc=fffafafa activity=ActivityTransitionInfo { component = ComponentInfo{com.spherify.app/com.spherify.app.SharedCameraCaptureActivity}, taskId = 18380, appCompatTransitionInfo = null } opt={t=FROM_STYLE mUserId=0} inset=Rect(0, 0 - 0, 0) dim=true taskIdForActivity=18380 allowAppBgLayer=true},{m=TO_FRONT f=FILLS_TASK|IS_ACTIVITY|EDGE_EXTENSION_RESTRICTION leash=Surface(name=ActivityRecord{75023820 u0 com.spherify.app/.MainActivity t18380}#150221)/@0x41056c7 sb=Rect(0, 0 - 1080, 2340) eb=Rect(0, 0 - 1080, 2340) epz=Point(1080, 2340) d=0 bc=fffafafa activity=ActivityTransitionInfo { component = ComponentInfo{com.spherify.app/com.spherify.app.MainActivity}, taskId = 18380, appCompatTransitionInfo = null } opt={t=FROM_STYLE mUserId=0} inset=Rect(0, 0 - 0, 0) dim=true taskIdForActivity=18380 allowAppBgLayer=true}]}
07-23 23:15:48.755 V/WindowManagerShell( 4213):    change={m=TO_FRONT f=FILLS_TASK|IS_ACTIVITY|EDGE_EXTENSION_RESTRICTION leash=Surface(name=ActivityRecord{75023820 u0 com.spherify.app/.MainActivity t18380}#150221)/@0x41056c7 sb=Rect(0, 0 - 1080, 2340) eb=Rect(0, 0 - 1080, 2340) epz=Point(1080, 2340) d=0 bc=fffafafa activity=ActivityTransitionInfo { component = ComponentInfo{com.spherify.app/com.spherify.app.MainActivity}, taskId = 18380, appCompatTransitionInfo = null } opt={t=FROM_STYLE mUserId=0} inset=Rect(0, 0 - 0, 0) dim=true taskIdForActivity=18380 allowAppBgLayer=true}
07-23 23:15:48.755 I/SurfaceFlinger( 1885): id=150271 createSurf, flag=20004, DimTransitionLayer for Surface(name=ActivityRecord{75023820 u0 com.spherify.app/.MainActivity t18380}#150221)/@0x41056c7#150271
07-23 23:15:48.756 I/SurfaceControlRegistry( 4213): show, t=StartTransaction_SyncId<15250> sc=DimTransitionLayer for Surface(name=ActivityRecord{75023820 u0 com.spherify.app/.MainActivity t18380}#150221)/@0x41056c7#150271, caller=android.view.SurfaceControl$Transaction.show:3679 com.android.wm.shell.transition.DefaultTransitionHandler.startAnimation:2886 com.android.wm.shell.transition.Transitions.dispatchTransition:104 com.android.wm.shell.transition.Transitions.playTransition:1066 com.android.wm.shell.transition.Transitions.processReadyQueue:296 com.android.wm.shell.transition.Transitions.dispatchReady:1492 
07-23 23:15:48.756 V/WindowManagerShell( 4213): attach dim transition, change={m=TO_FRONT f=FILLS_TASK|IS_ACTIVITY|EDGE_EXTENSION_RESTRICTION leash=Surface(name=ActivityRecord{75023820 u0 com.spherify.app/.MainActivity t18380}#150221)/@0x41056c7 sb=Rect(0, 0 - 1080, 2340) eb=Rect(0, 0 - 1080, 2340) epz=Point(1080, 2340) d=0 bc=fffafafa activity=ActivityTransitionInfo { component = ComponentInfo{com.spherify.app/com.spherify.app.MainActivity}, taskId = 18380, appCompatTransitionInfo = null } opt={t=FROM_STYLE mUserId=0} inset=Rect(0, 0 - 0, 0) dim=true taskIdForActivity=18380 allowAppBgLayer=true}
07-23 23:15:48.756 V/WindowManagerShell( 4213):    change={m=CLOSE f=FILLS_TASK|IS_ACTIVITY|EDGE_EXTENSION_RESTRICTION leash=Surface(name=ActivityRecord{236409941 u0 com.spherify.app/.SharedCameraCaptureActivity t18380}#150241)/@0xe619006 sb=Rect(0, 0 - 1080, 2340) eb=Rect(0, 0 - 1080, 2340) epz=Point(1080, 2340) d=0 bc=fffafafa activity=ActivityTransitionInfo { component = ComponentInfo{com.spherify.app/com.spherify.app.SharedCameraCaptureActivity}, taskId = 18380, appCompatTransitionInfo = null } opt={t=FROM_STYLE mUserId=0} inset=Rect(0, 0 - 0, 0) dim=true taskIdForActivity=18380 allowAppBgLayer=true}
07-23 23:15:48.758 I/SurfaceFlinger( 1885): RequestedLayer [com.spherify.app/com.spherify.app.MainActivity$_10055#150263] hidden!! flag  from(1) --> to(0)
07-23 23:15:48.758 I/SurfaceFlinger( 1885): RequestedLayer [Transition Root: ActivityRecord{2364[...]eraCaptureActivity t18380 f}}#150270] hidden!! flag  from(1) --> to(0)
07-23 23:15:48.758 I/SurfaceFlinger( 1885): RequestedLayer [ActivityRecord{75023820 u0 com.spherify.app/.MainActivity t18380}#150221] hidden!! flag  from(1) --> to(0)
07-23 23:15:48.758 E/SurfaceFlinger( 1885): alpha changed 1.000 -> 0.000 - DimTransitionLayer for Surface(name=ActivityRecord{75023820 u0 com.spherify.app/.MainActivity t18380}#150221)/@0x41056c7#150271
07-23 23:15:48.758 E/SurfaceFlinger( 1885): alpha changed 0.000 -> 0.180 - DimTransitionLayer for Surface(name=ActivityRecord{75023820 u0 com.spherify.app/.MainActivity t18380}#150221)/@0x41056c7#150271
07-23 23:15:48.758 I/SurfaceFlinger( 1885): [DimTransitionLayer for Surface(name=ActivityRecord{75023820 u0 com.spherify.app/.MainActivity t18380}#150221)/@0x41056c7#150271] attach to parent LayerHierarchy{RequestedLayerState{ActivityRecord{75023820 u0 com.spherify.app/.MainActivity t18380}#150221 parentId=150270 z=2} 3 children}
07-23 23:15:48.758 I/SurfaceFlinger( 1885): [LayerHierarchy{RequestedLayerState{ActivityRecord{75023820 u0 com.spherify.app/.MainActivity t18380}#150221 parentId=150270 z=2} 3 children}] reparent to LayerHierarchy{RequestedLayerState{Transition Root: ActivityRecord{236409941 u0 com.spherify.app/.SharedCameraCaptureActivity t18380 f}}#150270 parentId=150220 z=1} 1 children}
07-23 23:15:48.758 I/SurfaceFlinger( 1885): [Transition Root: ActivityRecord{236409941 u0 com.spherify.app/.SharedCameraCaptureActivity t18380 f}}#150270] attach to parent LayerHierarchy{RequestedLayerState{Task=18380#150220 parentId=10 z=3} 3 children}
07-23 23:15:48.758 I/SurfaceFlinger( 1885): [LayerHierarchy{RequestedLayerState{ActivityRecord{236409941 u0 com.spherify.app/.SharedCameraCaptureActivity t18380}#150241 parentId=150270 z=5} 4 children}] reparent to LayerHierarchy{RequestedLayerState{Transition Root: ActivityRecord{236409941 u0 com.spherify.app/.SharedCameraCaptureActivity t18380 f}}#150270 parentId=150220 z=1} 2 children}
07-23 23:15:48.761 D/SurfaceFlinger( 1885):        DEVICE |           43185896161297 | 00002100 | RGBA_8888    |  338.0    0.0 1080.0 2340.0 |    0    0  743 2340 | com.spherify.app/com.spherify.app.MainActivity$_10055#150263 (1)
07-23 23:15:48.761 D/SurfaceFlinger( 1885):        DEVICE |           43185896161288 | 00000502 | RGBx_8888    |    0.0    0.0 1080.0 2106.0 |    0   75 1080 2181 | 79267de SurfaceView[com.spherify.app[...]meraCaptureActivity]@0(BLAST)#150248 (2)
07-23 23:15:48.761 D/SurfaceFlinger( 1885):        DEVICE |           43185896161286 | 00002100 | RGBA_8888    |    0.0    0.0 1080.0 2340.0 |    0    0 1080 2340 | com.spherify.app/com.spherify.app.SharedCameraCaptureActivity$_10055#150243 (4)
07-23 23:15:48.761 D/SurfaceFlinger( 1885): 896161290 | 00002100 | RGBA_8888    |  108.0    0.0 1188.0  851.0 |    0  721 1080 1572 | com.spherify.app/com.spherify.app.SharedCameraCaptureActivity$_10055#150256 (4)
07-23 23:15:48.761 D/InputDispatcher( 2724): Focus entered window (0): 397fbf3 com.spherify.app/com.spherify.app.MainActivity
07-23 23:15:48.764 I/ImeTracker( 2724): com.spherify.app:f0a2e1eb: onRequestHide at ORIGIN_SERVER reason HIDE_UNSPECIFIED_WINDOW fromUser false
07-23 23:15:48.764 I/ImeTracker(10055): com.spherify.app:f0a2e1eb: onCancelled at PHASE_CLIENT_ALREADY_HIDDEN
07-23 23:15:48.767 D/InsetsSourceProvider( 2724): updateControlForTarget: control=InsetsSourceControl: {3 mType=ime mSurfacePosition=Point(0, 97) mInsetsHint=Insets{left=0, top=0, right=0, bottom=1008}}, target=Window{397fbf3 u0 com.spherify.app/com.spherify.app.MainActivity}, from=com.android.server.wm.ImeInsetsSourceProvider.updateControlForTarget:23 com.android.server.wm.InsetsStateController.onControlTargetChanged:82 com.android.server.wm.DisplayContent.updateImeControlTarget:48 com.android.server.wm.DisplayContent.updateImeInputAndControlTarget:273 com.android.server.wm.WindowManagerService$LocalService.updateImeTargetWindow:81 
07-23 23:15:48.775 I/SurfaceFlinger( 1885): [LayerHierarchy{RequestedLayerState{ImeContainer#15 parentId=150221 relativeParentId=150231 z=1} 2 children}] reparent to LayerHierarchy{RequestedLayerState{ActivityRecord{75023820 u0 com.spherify.app/.MainActivity t18380}#150221 parentId=150270 z=2} 4 children}
07-23 23:15:48.775 I/SurfaceFlinger( 1885): [LayerHierarchy{RequestedLayerState{ImeContainer#15 parentId=150221 relativeParentId=150231 z=1} 2 children}] RelativeParent to LayerHierarchy{RequestedLayerState{397fbf3 com.spherify.app/com.spherify.app.MainActivity#150231 parentId=150221} 2 children}
07-23 23:15:48.777 D/SurfaceFlinger( 1885):        DEVICE |           43185896161298 | 00000502 | RGBx_8888    |  328.0    0.0 1080.0 1625.0 |    0  254  752 1879 | da9d5c0 SurfaceView[com.spherify.app[...]fy.app.MainActivity]@0(BLAST)#150268 (3)
07-23 23:15:48.777 D/SurfaceFlinger( 1885):        DEVICE |           43185896161300 | 00002100 | RGBA_8888    |  328.0    0.0 1080.0 2340.0 |    0    0  752 2340 | com.spherify.app/com.spherify.app.MainActivity$_10055#150263 (3)
07-23 23:15:48.777 D/SurfaceFlinger( 1885):        DEVICE |           43185896161288 | 00000502 | RGBx_8888    |    0.0    0.0 1049.0 2106.0 |   31   75 1080 2181 | 79267de SurfaceView[com.spherify.app[...]meraCaptureActivity]@0(BLAST)#150248 (2)
07-23 23:15:48.777 D/SurfaceFlinger( 1885):        DEVICE |           43185896161286 | 00002100 | RGBA_8888    |    0.0    0.0 1049.0 2340.0 |   31    0 1080 2340 | com.spherify.app/com.spherify.app.SharedCameraCaptureActivity$_1005
07-23 23:15:48.777 D/SurfaceFlinger( 1885):        DEVICE |           43185896161290 | 00002100 | RGBA_8888    |   77.0    0.0 1157.0  851.0 |    0  718 1080 1569 | com.spherify.app/com.spherify.app.SharedCameraCaptureActivity$_10055#150256 (4)
07-23 23:15:48.779 I/HBD     ( 7653): c [AiWriter] setContact : com.spherify.app
07-23 23:15:48.813 I/[AirCmd]_ActivitySwitchDetector( 6680): onTaskStackChanged : componentName - ComponentInfo{com.spherify.app/com.spherify.app.MainActivity}
07-23 23:15:48.813 I/[AirCmd]_ActivitySwitchDetector( 6680): onTaskStackChanged :top mTopMostActivity - ComponentInfo{com.spherify.app/com.spherify.app.SharedCameraCaptureActivity}
07-23 23:15:48.858 I/WindowManager( 2724): Reparenting to original parent: Surface(name=ActivityRecord{236409941 u0 com.spherify.app/.SharedCameraCaptureActivity t18380}#150241)/@0x112746b, destroy=true, surface=Surface(name=52adaa4 com.spherify.app/com.spherify.app.SharedCameraCaptureActivity#150252)/@0xef11088
07-23 23:15:48.859 E/WindowManager( 2724): win=Window{52adaa4 u0 com.spherify.app/com.spherify.app.SharedCameraCaptureActivity EXITING} destroySurfaces: appStopped=false cleanupOnResume=false win.mWindowRemovalAllowed=true win.mRemoveOnExit=true win.mViewVisibility=0 caller=com.android.server.wm.WindowState.onExitAnimationDone:224 com.android.server.wm.WindowState.onAnimationFinished:174 com.android.server.wm.WindowContainer$$ExternalSyntheticLambda8.onAnimationFinished:3 com.android.server.wm.SurfaceAnimator$$ExternalSyntheticLambda0.onAnimationFinished:69 com.android.server.wm.LocalAnimationAdapter$$ExternalSyntheticLambda0.run:10 android.os.Handler.handleCallback:1070 android.os.Handler.dispatchMessage:125 
07-23 23:15:48.862 D/WindowManager( 2724): updateSystemBarAttributes: displayId=0, focusedCanBeNavColorWin=false, win=Window{397fbf3 u0 com.spherify.app/com.spherify.app.MainActivity}, navColorWin=Window{43027d5 u0 com.spherify.app/com.spherify.app.SharedCameraCaptureActivity}, caller=com.android.server.wm.DisplayPolicy.finishPostLayoutPolicyLw:17 com.android.server.wm.RootWindowContainer.applySurfaceChangesTransaction$1:188 com.android.server.wm.RootWindowContainer.performSurfacePlacement:59 
07-23 23:15:48.866 E/SurfaceFlinger( 1885): alpha changed 0.074 -> 0.000 - Surface(name=52adaa4 com.spherify.app/com.spherify.app.SharedCameraCaptureActivity#150252)/@0xef11088 - animation-leash of window_animation#150260
