07-23 23:15:49.721 D/VRI[SharedCameraCaptureActivity]@4bd75a4(10055): mThreadedRenderer.initialize() mSurface={isValid=true 0xb400006d1facac90} hwInitialized=true
07-23 23:15:49.721 I/SV[214416369 SharedCameraCaptureActivity](10055): windowStopped(false) true android.opengl.GLSurfaceView{cc7bbf1 V.E...... ......ID 0,0-1080,2106} of VRI[SharedCameraCaptureActivity]@4bd75a4
07-23 23:15:49.722 D/VRI[SharedCameraCaptureActivity]@4bd75a4(10055): reportNextDraw android.view.ViewRootImpl.performTraversals:5507 android.view.ViewRootImpl.doTraversal:3959 android.view.ViewRootImpl$TraversalRunnable.run:13034 android.view.Choreographer$CallbackRecord.run:1961 android.view.Choreographer$CallbackRecord.run:1970 
07-23 23:15:49.722 I/SurfaceFlinger( 1885): id=150278 createSurf, flag=20004, Bounds for - com.spherify.app/com.spherify.app.SharedCameraCaptureActivity@0#150278
07-23 23:15:49.722 I/SurfaceFlinger( 1885): id=150279 createSurf, flag=84004, cc7bbf1 SurfaceView[com.spherify.app/com.spherify.app.SharedCameraCaptureActivity]@0#150279
07-23 23:15:49.722 I/SurfaceFlinger( 1885): id=150280 createSurf, flag=44400, cc7bbf1 SurfaceView[com.spherify.app/com.spherify.app.SharedCameraCaptureActivity]@0(BLAST)#150280
07-23 23:15:49.723 I/SurfaceFlinger( 1885): id=150281 createSurf, flag=20404, Background for cc7bbf1 SurfaceView[com.spherify.app/com.spherify.app.SharedCameraCaptureActivity]@0#150281
07-23 23:15:49.723 I/BLASTBufferQueue_Java(10055): new BLASTBufferQueue, mName= cc7bbf1 SurfaceView[com.spherify.app/com.spherify.app.SharedCameraCaptureActivity]@0 mNativeObject= 0xb400006dbfa89df0 caller= android.view.SurfaceView.createBlastSurfaceControls:1878 android.view.SurfaceView.updateSurface:1519 android.view.SurfaceView.lambda$new$0:283 android.view.SurfaceView.$r8$lambda$NfZyM_TG8F8lqzaOVZ7noREFjzU:0 android.view.SurfaceView$$ExternalSyntheticLambda1.onPreDraw:0 android.view.ViewTreeObserver.dispatchOnPreDraw:1295 android.view.ViewRootImpl.performTraversals:5512 android.view.ViewRootImpl.doTraversal:3959 android.view.ViewRootImpl$TraversalRunnable.run:13034 android.view.Choreographer$CallbackRecord.run:1961 
07-23 23:15:49.723 I/BLASTBufferQueue_Java(10055): update, w= 1080 h= 2106 mName = cc7bbf1 SurfaceView[com.spherify.app/com.spherify.app.SharedCameraCaptureActivity]@0 mNativeObject= 0xb400006dbfa89df0 sc.mNativeObject= 0xb400006e9fa70150 format= 4 caller= android.view.SurfaceView.createBlastSurfaceControls:1879 android.view.SurfaceView.updateSurface:1519 android.view.SurfaceView.lambda$new$0:283 android.view.SurfaceView.$r8$lambda$NfZyM_TG8F8lqzaOVZ7noREFjzU:0 android.view.SurfaceView$$ExternalSyntheticLambda1.onPreDraw:0 android.view.ViewTreeObserver.dispatchOnPreDraw:1295 
07-23 23:15:49.723 I/SV[214416369 SharedCameraCaptureActivity](10055): pST: sr = Rect(0, 75 - 1080, 2181) sw = 1080 sh = 2106
07-23 23:15:49.723 I/SV[214416369 SharedCameraCaptureActivity](10055): updateSurface: mVisible = true mSurface.isValid() = true
07-23 23:15:49.723 I/SV[214416369 SharedCameraCaptureActivity](10055): updateSurface: mSurfaceCreated = false surfaceChanged = true visibleChanged = true
07-23 23:15:49.723 I/SV[214416369 SharedCameraCaptureActivity](10055): surfaceCreated 1 #8 android.opengl.GLSurfaceView{cc7bbf1 V.E...... ......ID 0,0-1080,2106}
07-23 23:15:49.723 I/SurfaceFlinger( 1885): [com.spherify.app/com.spherify.app.SharedCameraCaptureActivity$_10055#150275] attach to parent LayerHierarchy{RequestedLayerState{73bd4f0 com.spherify.app/com.spherify.app.SharedCameraCaptureActivity#150274 parentId=150273} 1 children}
07-23 23:15:49.723 I/SurfaceFlinger( 1885): [Bounds for - com.spherify.app/com.spherify.app.SharedCameraCaptureActivity@0#150278] attach to parent LayerHierarchy{RequestedLayerState{com.spherify.app/com.spherify.app.SharedCameraCaptureActivity$_10055#150275 parentId=150274} 1 children}
07-23 23:15:49.723 I/SurfaceFlinger( 1885): [cc7bbf1 SurfaceView[com.spherify.app/com.spherify.app.SharedCameraCaptureActivity]@0#150279] attach to parent LayerHierarchy{RequestedLayerState{Bounds for - com.spherify.app/com.spherify.app.SharedCameraCaptureActivity@0#150278 parentId=150275} 1 children}
07-23 23:15:49.723 I/SurfaceFlinger( 1885): [cc7bbf1 SurfaceView[com.spherify.app/com.spherify.app.SharedCameraCaptureActivity]@0(BLAST)#150280] attach to parent LayerHierarchy{RequestedLayerState{cc7bbf1 SurfaceView[com.spherify.app/com.spherify.app.SharedCameraCaptureActivity]@0#150279 parentId=150278} 1 children}
07-23 23:15:49.723 I/SurfaceFlinger( 1885): [Background for cc7bbf1 SurfaceView[com.spherify.app/com.spherify.app.SharedCameraCaptureActivity]@0#150281] attach to parent LayerHierarchy{RequestedLayerState{cc7bbf1 SurfaceView[com.spherify.app/com.spherify.app.SharedCameraCaptureActivity]@0#150279 parentId=150278} 2 children}
07-23 23:15:49.723 I/SV[214416369 SharedCameraCaptureActivity](10055): surfaceChanged (1080,2106) 1 #8 android.opengl.GLSurfaceView{cc7bbf1 V.E...... ......ID 0,0-1080,2106}
07-23 23:15:49.723 D/VRI[SharedCameraCaptureActivity]@4bd75a4(10055): Setup new sync=wmsSync-VRI[SharedCameraCaptureActivity]@4bd75a4#12
07-23 23:15:49.723 I/VRI[SharedCameraCaptureActivity]@4bd75a4(10055): Creating new active sync group VRI[SharedCameraCaptureActivity]@4bd75a4#13
07-23 23:15:49.724 D/VRI[SharedCameraCaptureActivity]@4bd75a4(10055): registerCallbacksForSync syncBuffer=false
07-23 23:15:49.724 I/SurfaceControl( 2724): apply, lowDebugName=Focus request: 73bd4f0 com.spherify.app/com.spherify.app.SharedCameraCaptureActivity, caller=android.view.SurfaceControl$Transaction.apply:3569 android.view.SurfaceControl$Transaction.apply:3519 com.android.server.wm.WindowAnimator.animate:468 com.android.server.wm.WindowAnimator$$ExternalSyntheticLambda1.doFrame:14 android.view.Choreographer$CallbackRecord.run:1959 android.view.Choreographer$CallbackRecord.run:1970 
07-23 23:15:49.724 I/SV[214416369 SharedCameraCaptureActivity](10055): uSP: rtp = Rect(0, 75 - 1080, 2181) rtsw = 1080 rtsh = 2106
07-23 23:15:49.724 I/SV[214416369 SharedCameraCaptureActivity](10055): onSSPAndSRT: pl = 0 pt = 75 sx = 1.0 sy = 1.0
07-23 23:15:49.724 I/SV[214416369 SharedCameraCaptureActivity](10055): aOrMT: VRI[SharedCameraCaptureActivity]@4bd75a4 t = android.view.SurfaceControl$Transaction@5d66735 fN = 1 android.view.SurfaceView.-$$Nest$mapplyOrMergeTransaction:0 android.view.SurfaceView$SurfaceViewPositionUpdateListener.positionChanged:2029 android.graphics.RenderNode$CompositePositionUpdateListener.positionChanged:401 
07-23 23:15:49.725 I/VRI[SharedCameraCaptureActivity]@4bd75a4(10055): mWNT: t=0xb400006e3fa7b710 mBlastBufferQueue=0xb400006dbfa746c0 fn= 1 HdrRenderState mRenderHdrSdrRatio=1.0 caller= android.view.SurfaceView.applyOrMergeTransaction:1960 android.view.SurfaceView.-$$Nest$mapplyOrMergeTransaction:0 android.view.SurfaceView$SurfaceViewPositionUpdateListener.positionChanged:2029 
07-23 23:15:49.725 D/VRI[SharedCameraCaptureActivity]@4bd75a4(10055): Received frameDrawingCallback syncResult=0 frameNum=1.
07-23 23:15:49.725 I/VRI[SharedCameraCaptureActivity]@4bd75a4(10055): mWNT: t=0xb400006e3fab86f0 mBlastBufferQueue=0xb400006dbfa746c0 fn= 1 HdrRenderState mRenderHdrSdrRatio=1.0 caller= android.view.ViewRootImpl$12.onFrameDraw:15561 android.view.ThreadedRenderer$1.onFrameDraw:751 <bottom of call stack> 
07-23 23:15:49.725 I/VRI[SharedCameraCaptureActivity]@4bd75a4(10055): Setting up sync and frameCommitCallback
07-23 23:15:49.727 I/BLASTBufferQueue(10055): [VRI[SharedCameraCaptureActivity]@4bd75a4#7](f:0,a:0,s:0) onFrameAvailable the first frame is available
07-23 23:15:49.727 I/VRI[SharedCameraCaptureActivity]@4bd75a4(10055): Received frameCommittedCallback lastAttemptedDrawFrameNum=1 didProduceBuffer=true
07-23 23:15:49.727 I/SurfaceFlinger( 1885): [com.spherify.app/com.spherify.app.SharedCameraCaptureActivity$_10055#150275] setTransactionState with the first frame. bufferData(ID: 43185896161302, frameNumber: 1)
07-23 23:15:49.730 I/InsetsSourceConsumer(10055): applyRequestedVisibilityToControl: visible=true, type=navigationBars, host=com.spherify.app/com.spherify.app.SharedCameraCaptureActivity
07-23 23:15:49.730 D/BaseRestrictionMgr( 2724): Package: com.google.ar.core, userid: 0, hostingType: provider is allowed by freecess, caller is: com.spherify.app
07-23 23:15:49.730 I/InsetsSourceConsumer(10055): applyRequestedVisibilityToControl: visible=true, type=statusBars, host=com.spherify.app/com.spherify.app.SharedCameraCaptureActivity
07-23 23:15:49.732 I/SurfaceFlinger( 1885): RequestedLayer [cc7bbf1 SurfaceView[com.spherify.app[...]haredCameraCaptureActivity]@0#150279] hidden!! flag  from(1) --> to(0)
07-23 23:15:49.732 I/SurfaceFlinger( 1885): RequestedLayer [Bounds for - com.spherify.app/com.sp[...]SharedCameraCaptureActivity@0#150278] hidden!! flag  from(1) --> to(0)
07-23 23:15:49.732 I/SurfaceFlinger( 1885): RequestedLayer [Background for cc7bbf1 SurfaceView[c[...]haredCameraCaptureActivity]@0#150281] hidden!! flag  from(1) --> to(0)
07-23 23:15:49.732 I/SurfaceFlinger( 1885): [LayerHierarchy{RequestedLayerState{Background for cc7bbf1 SurfaceView[com.spherify.app/com.spherify.app.SharedCameraCaptureActivity]@0#150281 parentId=150279 relativeParentId=150275 z=-2147483648} no children}] RelativeParent to LayerHierarchy{RequestedLayerState{com.spherify.app/com.spherify.app.SharedCameraCaptureActivity$_10055#150275 parentId=150274} 2 children}
07-23 23:15:49.732 I/SurfaceFlinger( 1885): [LayerHierarchy{RequestedLayerState{cc7bbf1 SurfaceView[com.spherify.app/com.spherify.app.SharedCameraCaptureActivity]@0#150279 parentId=150278 relativeParentId=150275 z=-2} 2 children}] RelativeParent to LayerHierarchy{RequestedLayerState{com.spherify.app/com.spherify.app.SharedCameraCaptureActivity$_10055#150275 parentId=150274} 3 children}
07-23 23:15:49.734 D/SurfaceFlinger( 1885): [input] setFocusedWindow: 73bd4f0 com.spherify.app/com.spherify.app.SharedCameraCaptureActivity
07-23 23:15:49.735 D/InputDispatcher( 2724): Once focus requested (0): 73bd4f0 com.spherify.app/com.spherify.app.SharedCameraCaptureActivity
07-23 23:15:49.735 D/InputDispatcher( 2724): Focus request (0): 73bd4f0 com.spherify.app/com.spherify.app.SharedCameraCaptureActivity but waiting because NOT_VISIBLE
07-23 23:15:49.757 I/native  (10055): I0000 00:00:1784844949.757379   10575 online_calibration_manager.cc:94] OnlineCalibrationManager: Could not open /data/user/0/com.spherify.app/cache/arcore-online-recalibration for reading.
07-23 23:15:49.758 I/[AirCmd]_ActivitySwitchDetector( 6680): onTaskStackChanged : componentName - ComponentInfo{com.spherify.app/com.spherify.app.SharedCameraCaptureActivity}
07-23 23:15:49.758 I/[AirCmd]_ActivitySwitchDetector( 6680): onTaskStackChanged :top mTopMostActivity - ComponentInfo{com.spherify.app/com.spherify.app.MainActivity}
07-23 23:15:49.770 W/om.spherify.app(10055): Attempt to remove index outside index area (34 vs 148-164)
07-23 23:15:49.770 W/om.spherify.app(10055): JNI WARNING: DeleteLocalRef(0x6fed0b2c89) failed to find entry
07-23 23:15:49.770 W/om.spherify.app(10055):   at com.google.ar.core.Session.nativeCreateSessionAndWrapperWithFeatures(Native method)
07-23 23:15:49.770 W/om.spherify.app(10055):   at com.google.ar.core.Session.<init>(Session.java:11)
07-23 23:15:49.770 W/om.spherify.app(10055):   at com.spherify.app.SharedCameraCaptureActivity.openSharedCamera(SharedCameraCaptureActivity.java:349)
07-23 23:15:49.770 W/om.spherify.app(10055):   at com.spherify.app.SharedCameraCaptureActivity.onSurfaceCreated(SharedCameraCaptureActivity.java:753)
07-23 23:15:49.770 W/om.spherify.app(10055):   at android.opengl.GLSurfaceView$GLThread.guardedRun(GLSurfaceView.java:1545)
07-23 23:15:49.770 W/om.spherify.app(10055):   at android.opengl.GLSurfaceView$GLThread.run(GLSurfaceView.java:1276)
07-23 23:15:49.800 D/VRI[SharedCameraCaptureActivity]@4bd75a4(10055): reportDrawFinished seqId=0
07-23 23:15:49.800 I/BLASTBufferQueue(10055): [cc7bbf1 SurfaceView[com.spherify.app/com.spherify.app.SharedCameraCaptureActivity]@0#8](f:0,a:0,s:0) onFrameAvailable the first frame is available
07-23 23:15:49.801 I/SurfaceFlinger( 1885): [cc7bbf1 SurfaceView[com.spherify.app/com.spherify.app.SharedCameraCaptureActivity]@0(BLAST)#150280] setTransactionState with the first frame. bufferData(ID: 43185896161303, frameNumber: 1)
07-23 23:15:49.801 D/WindowManager( 2724): finishDrawingWindow: Window{73bd4f0 u0 com.spherify.app/com.spherify.app.SharedCameraCaptureActivity} mDrawState=DRAW_PENDING seqId=0
07-23 23:15:49.802 V/WindowManager( 2724): performShowLocked: mDrawState=HAS_DRAWN in Window{73bd4f0 u0 com.spherify.app/com.spherify.app.SharedCameraCaptureActivity}
07-23 23:15:49.802 D/ChangeTransitionController( 2724):    ChangeInfo{959bd4d container=ActivityRecord{75023820 u0 com.spherify.app/.MainActivity t18380} flags=0x0}
07-23 23:15:49.802 D/ChangeTransitionController( 2724):    ChangeInfo{7d1dfda container=ActivityRecord{98685392 u0 com.spherify.app/.SharedCameraCaptureActivity t18380} flags=0x0}
07-23 23:15:49.802 D/ChangeTransitionController( 2724):    ChangeInfo{58e0ae8 container=Task{b789015 #18380 type=standard A=10601:com.spherify.app} flags=0x0}
07-23 23:15:49.802 V/WindowManager( 2724): Start calculating TransitionInfo based on participants: {ActivityRecord{75023820 u0 com.spherify.app/.MainActivity t18380}, ActivityRecord{98685392 u0 com.spherify.app/.SharedCameraCaptureActivity t18380}}
07-23 23:15:49.802 V/WindowManager( 2724):   Final targets: [ChangeInfo{7d1dfda container=ActivityRecord{98685392 u0 com.spherify.app/.SharedCameraCaptureActivity t18380} flags=0x0}, ChangeInfo{959bd4d container=ActivityRecord{75023820 u0 com.spherify.app/.MainActivity t18380} flags=0x0}]
07-23 23:15:49.803 I/SurfaceFlinger( 1885): id=150282 createSurf, flag=84004, Transition Root: ActivityRecord{98685392 u0 com.spherify.app/.SharedCameraCaptureActivity t18380}#150282
07-23 23:15:49.803 I/SurfaceControlRegistry( 2724): show, t=StartTransaction_SyncId<15251> sc=ActivityRecord{98685392 u0 com.spherify.app/.SharedCameraCaptureActivity t18380}#150273, caller=android.view.SurfaceControl$Transaction.show:3679 com.android.server.wm.Transition.onTransactionReady:2078 com.android.server.wm.BLASTSyncEngine$SyncGroup.finishNow:261 com.android.server.wm.BLASTSyncEngine.onSurfacePlacement:263 com.android.server.wm.RootWindowContainer.performSurfacePlacement:1105 com.android.server.wm.WindowSurfacePlacer.performSurfacePlacement:163 
07-23 23:15:49.803 V/WindowManager( 2724):         {m=OPEN f=FILLS_TASK|IS_ACTIVITY|EDGE_EXTENSION_RESTRICTION leash=Surface(name=ActivityRecord{98685392 u0 com.spherify.app/.SharedCameraCaptureActivity t18380}#150273)/@0x9714002 sb=Rect(0, 0 - 0, 0) eb=Rect(0, 0 - 1080, 2340) epz=Point(1080, 2340) d=-1->0 r=-1->0:-1 bc=fffafafa activity=ActivityTransitionInfo { component = ComponentInfo{com.spherify.app/com.spherify.app.SharedCameraCaptureActivity}, taskId = 18380, appCompatTransitionInfo = null } opt={t=FROM_STYLE mUserId=0} inset=Rect(0, 0 - 0, 0) dim=true taskIdForActivity=18380 allowAppBgLayer=true},
07-23 23:15:49.803 V/WindowManager( 2724):         {m=TO_BACK f=FILLS_TASK|IS_ACTIVITY|EDGE_EXTENSION_RESTRICTION leash=Surface(name=ActivityRecord{75023820 u0 com.spherify.app/.MainActivity t18380}#150221)/@0xdd4aee6 sb=Rect(0, 0 - 1080, 2340) eb=Rect(0, 0 - 1080, 2340) epz=Point(1080, 2340) d=0 bc=fffafafa activity=ActivityTransitionInfo { component = ComponentInfo{com.spherify.app/com.spherify.app.MainActivity}, taskId = 18380, appCompatTransitionInfo = null } opt={t=FROM_STYLE mUserId=0} inset=Rect(0, 0 - 0, 0) dim=true taskIdForActivity=18380 allowAppBgLayer=true}
07-23 23:15:49.804 I/ActivityTaskManager( 2724): done cause=notifyTransitionStarting drawn timestamp=313052030104431 info=TransitionInfo{9148b50 a=ActivityRecord{98685392 u0 com.spherify.app/.SharedCameraCaptureActivity t18380} r=null d=true}
07-23 23:15:49.805 I/WindowManager(10055): WindowManagerGlobal#addView, ty=2, view=com.android.internal.policy.DecorView{661051b V.E...... R.....I. 0,0-0,0}[SharedCameraCaptureActivity], caller=android.view.WindowManagerImpl.addView:167 android.app.Dialog.show:544 android.app.AlertDialog$Builder.show:1195 
07-23 23:15:49.807 I/ActivityTaskManager( 2724): Displayed com.spherify.app/.SharedCameraCaptureActivity for user 0: +162ms
07-23 23:15:49.807 I/Pageboost( 2724): Launch time gathered : pid 10055 com.spherify.app 162
07-23 23:15:49.807 I/SurfaceFlinger( 1885): [Transition Root: ActivityRecord{98685392 u0 com.spherify.app/.SharedCameraCaptureActivity t18380}#150282] attach to parent LayerHierarchy{RequestedLayerState{Task=18380#150220 parentId=10 z=3} 3 children}
07-23 23:15:49.808 I/SurfaceFlinger( 1885): Capture layer list: 	 Background for da9d5c0 SurfaceView[com.spherify.app/com.spherify.app.MainActivity]@0#150269(preserveDisplayColors:0)
07-23 23:15:49.808 I/SurfaceFlinger( 1885): Capture layer list: 	 da9d5c0 SurfaceView[com.spherify.app/com.spherify.app.MainActivity]@0(BLAST)#150268(preserveDisplayColors:0)
07-23 23:15:49.808 I/SurfaceFlinger( 1885): Capture layer list: 	 com.spherify.app/com.spherify.app.MainActivity$_10055#150263(preserveDisplayColors:0)
07-23 23:15:49.809 V/WindowManagerShell( 4213):         {m=OPEN f=FILLS_TASK|IS_ACTIVITY|EDGE_EXTENSION_RESTRICTION leash=Surface(name=ActivityRecord{98685392 u0 com.spherify.app/.SharedCameraCaptureActivity t18380}#150273)/@0xb343384 sb=Rect(0, 0 - 0, 0) eb=Rect(0, 0 - 1080, 2340) epz=Point(1080, 2340) d=-1->0 r=-1->0:-1 bc=fffafafa activity=ActivityTransitionInfo { component = ComponentInfo{com.spherify.app/com.spherify.app.SharedCameraCaptureActivity}, taskId = 18380, appCompatTransitionInfo = null } opt={t=FROM_STYLE mUserId=0} inset=Rect(0, 0 - 0, 0) dim=true taskIdForActivity=18380 allowAppBgLayer=true},
07-23 23:15:49.809 V/WindowManagerShell( 4213):         {m=TO_BACK f=FILLS_TASK|IS_ACTIVITY|EDGE_EXTENSION_RESTRICTION leash=Surface(name=ActivityRecord{75023820 u0 com.spherify.app/.MainActivity t18380}#150221)/@0x904576d sb=Rect(0, 0 - 1080, 2340) eb=Rect(0, 0 - 1080, 2340) epz=Point(1080, 2340) d=0 bc=fffafafa activity=ActivityTransitionInfo { component = ComponentInfo{com.spherify.app/com.spherify.app.MainActivity}, taskId = 18380, appCompatTransitionInfo = null } opt={t=FROM_STYLE mUserId=0} inset=Rect(0, 0 - 0, 0) dim=true taskIdForActivity=18380 allowAppBgLayer=true}
07-23 23:15:49.809 D/SurfaceFlinger( 1885): [SEC_SF_EFFECTS] drawLayersInternal,1337, Rendering layer da9d5c0 SurfaceView[com.spherify.app/com.spherify.app.MainActivity]@0(BLAST)#150268 at index 1
07-23 23:15:49.809 D/SurfaceFlinger( 1885): [SEC_SF_EFFECTS] drawLayersInternal,1337, Rendering layer com.spherify.app/com.spherify.app.MainActivity$_10055#150263 at index 2
07-23 23:15:49.809 I/SurfaceControlRegistry( 4213): hide, t=FinishTransaction_SyncId<15251> sc=ActivityRecord{75023820 u0 com.spherify.app/.MainActivity t18380}#150221, caller=android.view.SurfaceControl$Transaction.hide:3705 com.android.wm.shell.transition.Transitions.dispatchReady:1355 com.android.wm.shell.transition.Transitions$TransitionPlayerImpl$$ExternalSyntheticLambda1.run:284 android.os.Handler.handleCallback:1070 android.os.Handler.dispatchMessage:125 android.os.Looper.dispatchMessage:358 
07-23 23:15:49.809 I/SurfaceControlRegistry( 4213): show, t=StartTransaction_SyncId<15251> sc=ActivityRecord{98685392 u0 com.spherify.app/.SharedCameraCaptureActivity t18380}#150273, caller=android.view.SurfaceControl$Transaction.show:3679 com.android.wm.shell.transition.Transitions.dispatchReady:1372 com.android.wm.shell.transition.Transitions$TransitionPlayerImpl$$ExternalSyntheticLambda1.run:284 android.os.Handler.handleCallback:1070 android.os.Handler.dispatchMessage:125 android.os.Looper.dispatchMessage:358 
07-23 23:15:49.809 I/SurfaceControlRegistry( 4213): show, t=FinishTransaction_SyncId<15251> sc=ActivityRecord{98685392 u0 com.spherify.app/.SharedCameraCaptureActivity t18380}#150273, caller=android.view.SurfaceControl$Transaction.show:3679 com.android.wm.shell.transition.Transitions.dispatchReady:1470 com.android.wm.shell.transition.Transitions$TransitionPlayerImpl$$ExternalSyntheticLambda1.run:284 android.os.Handler.handleCallback:1070 android.os.Handler.dispatchMessage:125 android.os.Looper.dispatchMessage:358 
07-23 23:15:49.809 I/SurfaceControlRegistry( 4213): show, t=StartTransaction_SyncId<15251> sc=Transition Root: ActivityRecord{98685392 u0 com.spherify.app/.SharedCameraCaptureActivity t18380}#150282, caller=android.view.SurfaceControl$Transaction.show:3679 com.android.wm.shell.transition.Transitions.playTransition:78 com.android.wm.shell.transition.Transitions.processReadyQueue:296 com.android.wm.shell.transition.Transitions.dispatchReady:1492 com.android.wm.shell.transition.Transitions$TransitionPlayerImpl$$ExternalSyntheticLambda1.run:284 android.os.Handler.handleCallback:1070 
07-23 23:15:49.809 V/WindowManagerShell( 4213): Transition doesn't have explicit remote, search filters for match for {id=15251 t=OPEN f=0x0 trk=0 r=[0@Point(0, 0)] c=[{m=OPEN f=FILLS_TASK|IS_ACTIVITY|EDGE_EXTENSION_RESTRICTION leash=Surface(name=ActivityRecord{98685392 u0 com.spherify.app/.SharedCameraCaptureActivity t18380}#150273)/@0xb343384 sb=Rect(0, 0 - 0, 0) eb=Rect(0, 0 - 1080, 2340) epz=Point(1080, 2340) d=-1->0 r=-1->0:-1 bc=fffafafa activity=ActivityTransitionInfo { component = ComponentInfo{com.spherify.app/com.spherify.app.SharedCameraCaptureActivity}, taskId = 18380, appCompatTransitionInfo = null } opt={t=FROM_STYLE mUserId=0} inset=Rect(0, 0 - 0, 0) dim=true taskIdForActivity=18380 allowAppBgLayer=true},{m=TO_BACK f=FILLS_TASK|IS_ACTIVITY|EDGE_EXTENSION_RESTRICTION leash=Surface(name=ActivityRecord{75023820 u0 com.spherify.app/.MainActivity t18380}#150221)/@0x904576d sb=Rect(0, 0 - 1080, 2340) eb=Rect(0, 0 - 1080, 2340) epz=Point(1080, 2340) d=0 bc=fffafafa activity=ActivityTransitionInfo { component = ComponentInfo{com.spherify.app/com.spherify.app.MainActivity}, taskId = 18380, appCompatTransitionInfo = null } opt={t=FROM_STYLE mUserId=0} inset=Rect(0, 0 - 0, 0) dim=true taskIdForActivity=18380 allowAppBgLayer=true}]}
07-23 23:15:49.809 V/WindowManagerShell( 4213): start default transition animation, info = {id=15251 t=OPEN f=0x0 trk=0 r=[0@Point(0, 0)] c=[{m=OPEN f=FILLS_TASK|IS_ACTIVITY|EDGE_EXTENSION_RESTRICTION leash=Surface(name=ActivityRecord{98685392 u0 com.spherify.app/.SharedCameraCaptureActivity t18380}#150273)/@0xb343384 sb=Rect(0, 0 - 0, 0) eb=Rect(0, 0 - 1080, 2340) epz=Point(1080, 2340) d=-1->0 r=-1->0:-1 bc=fffafafa activity=ActivityTransitionInfo { component = ComponentInfo{com.spherify.app/com.spherify.app.SharedCameraCaptureActivity}, taskId = 18380, appCompatTransitionInfo = null } opt={t=FROM_STYLE mUserId=0} inset=Rect(0, 0 - 0, 0) dim=true taskIdForActivity=18380 allowAppBgLayer=true},{m=TO_BACK f=FILLS_TASK|IS_ACTIVITY|EDGE_EXTENSION_RESTRICTION leash=Surface(name=ActivityRecord{75023820 u0 com.spherify.app/.MainActivity t18380}#150221)/@0x904576d sb=Rect(0, 0 - 1080, 2340) eb=Rect(0, 0 - 1080, 2340) epz=Point(1080, 2340) d=0 bc=fffafafa activity=ActivityTransitionInfo { component = ComponentInfo{com.spherify.app/com.spherify.app.MainActivity}, taskId = 18380, appCompatTransitionInfo = null } opt={t=FROM_STYLE mUserId=0} inset=Rect(0, 0 - 0, 0) dim=true taskIdForActivity=18380 allowAppBgLayer=true}]}
07-23 23:15:49.810 V/WindowManagerShell( 4213):    change={m=TO_BACK f=FILLS_TASK|IS_ACTIVITY|EDGE_EXTENSION_RESTRICTION leash=Surface(name=ActivityRecord{75023820 u0 com.spherify.app/.MainActivity t18380}#150221)/@0x904576d sb=Rect(0, 0 - 1080, 2340) eb=Rect(0, 0 - 1080, 2340) epz=Point(1080, 2340) d=0 bc=fffafafa activity=ActivityTransitionInfo { component = ComponentInfo{com.spherify.app/com.spherify.app.MainActivity}, taskId = 18380, appCompatTransitionInfo = null } opt={t=FROM_STYLE mUserId=0} inset=Rect(0, 0 - 0, 0) dim=true taskIdForActivity=18380 allowAppBgLayer=true}
07-23 23:15:49.810 D/SurfaceComposerClient( 4213): [ActivityRecord{75023820 u0 com.spherify.app/.MainActivity t18380}#150221] setEdgeExtension Right
07-23 23:15:49.811 V/WindowManager( 2724): Sent Transition (#15251) createdAt=07-23 23:15:49.643 via request=TransitionRequestInfo { type = OPEN, triggerTask = TaskInfo{userId=0 taskId=18380 effectiveUid=10601 displayId=0 isRunning=true baseIntent=Intent { act=android.intent.action.MAIN cat=[android.intent.category.LAUNCHER] flg=0x10200000 cmp=com.spherify.app/.MainActivity } baseActivity=ComponentInfo{com.spherify.app/com.spherify.app.MainActivity} topActivity=ComponentInfo{com.spherify.app/com.spherify.app.SharedCameraCaptureActivity} origActivity=null realActivity=ComponentInfo{com.spherify.app/com.spherify.app.MainActivity} numActivities=2 lastActiveTime=575835282 supportsMultiWindow=true resizeMode=1 isResizeable=true minWidth=-1 minHeight=-1 maxWidth=-1 maxHeight=-1 defaultMinSize=220 desktopDefaultMinSize=304 token=WCT{RemoteToken{78476da Task{b789015 #18380 type=standard A=10601:com.spherify.app}}} topActivityType=1 pictureInPictureParams=null shouldDockBigOverlays=false launchIntoPipHostTaskId=-1 lastParentTaskIdBeforePip=-1 displayCutoutSafeInsets=Rect(0, 0 - 0, 0) topActivityInfo=ActivityInfo{c8263d6 com.spherify.app.SharedCameraCaptureActivity} launchCookies=[android.os.BinderProxy@8eb0732] positionInParent=Point(0, 0) parentTaskId=-1 isFocused=true isVisible=true isVisibleRequested=true isTopActivityNoDisplay=false isSleeping=false locusId=null displayAreaFeatureId=1 isTopActivityTransparent=false isActivityStackTransparent=false lastNonFullscreenBounds=Rect(81, 566 - 999, 1736) capturedLink=null capturedLinkTimestamp=0 requestedVisibleTypes=503 topActivityRequestOpenInBrowserEducationTimestamp=0 appCompatTaskInfo=AppCompatTaskInfo { topActivityInSizeCompat=false isLeafTask= true eligibleForLetterboxEducation= false isLetterboxEducationEnabled= false isLetterboxDoubleTapEnabled= false eligibleForUserAspectRatioButton= false topActivityBoundsLetterboxed= false isFromLetterboxDoubleTap= false topActivityLetterboxVerticalPosition= -1 topActivityLetterboxHorizontalPosition= -1 topActivityLetterboxWidth=-1 topActivityLetterboxHeight=-1 topActivityAppBounds=Rect(0, 0 - 1080, 2340) isUserFullscreenOverrideEnabled=false isSystemFullscreenOverrideEnabled=false hasMinAspectRatioOverride=false topActivityLetterboxBounds=null cameraCompatTaskInfo=CameraCompatTaskInfo { cameraCompatMode=undefinedundefined} topActivityBounds=null topActivityInDisplayCompat=false showForceRotationButton=false forceRotationButtonState=0aspectRatioToRestore0 singleTapFromLetterbox=false topNonResizableActivityAspectRatio=-1.0} topActivityMainWindowFrame=null originallySupportedMultiWindow=true hasWallpaper=false rootAffinity=10601:com.spherify.app isTopTaskInStage=false CoverLauncherWidgetTask=false LaunchedFromAppsCoverLauncherTask=false LaunchedFromMultistarCoverLauncherTask=false isAllowedSeamlessRotation=false isTopTransparentActivity=true isAliasManaged=false hasConfigChanged=false isAiKeyRemoveAppTask=false lastDesktopWindowingBounds=null lastExternalDesktopWindowingBounds=nullisPackageNightModeActive=true safeCutoutInsets=null isAppBubble=false}, pipChange = null, remoteTransitionInfo = null, displayChange = null, requestedLocation = null, userChange = null, windowingLayerChange = null, flags = 0, debugId = 15251 }
07-23 23:15:49.811 V/WindowManager( 2724):         {m=OPEN f=FILLS_TASK|IS_ACTIVITY|EDGE_EXTENSION_RESTRICTION leash=Surface(name=ActivityRecord{98685392 u0 com.spherify.app/.SharedCameraCaptureActivity t18380}#150273)/@0x9714002 sb=Rect(0, 0 - 0, 0) eb=Rect(0, 0 - 1080, 2340) epz=Point(1080, 2340) d=-1->0 r=-1->0:-1 bc=fffafafa activity=ActivityTransitionInfo { component = ComponentInfo{com.spherify.app/com.spherify.app.SharedCameraCaptureActivity}, taskId = 18380, appCompatTransitionInfo = null } opt={t=FROM_STYLE mUserId=0} inset=Rect(0, 0 - 0, 0) dim=true taskIdForActivity=18380 allowAppBgLayer=true},
07-23 23:15:49.811 V/WindowManager( 2724):         {m=TO_BACK f=FILLS_TASK|IS_ACTIVITY|EDGE_EXTENSION_RESTRICTION leash=Surface(name=ActivityRecord{75023820 u0 com.spherify.app/.MainActivity t18380}#150221)/@0xdd4aee6 sb=Rect(0, 0 - 1080, 2340) eb=Rect(0, 0 - 1080, 2340) epz=Point(1080, 2340) d=0 bc=fffafafa activity=ActivityTransitionInfo { component = ComponentInfo{com.spherify.app/com.spherify.app.MainActivity}, taskId = 18380, appCompatTransitionInfo = null } opt={t=FROM_STYLE mUserId=0} inset=Rect(0, 0 - 0, 0) dim=true taskIdForActivity=18380 allowAppBgLayer=true}
07-23 23:15:49.811 I/SurfaceFlinger( 1885): id=150283 createSurf, flag=20004, DimTransitionLayer for Surface(name=ActivityRecord{75023820 u0 com.spherify.app/.MainActivity t18380}#150221)/@0x904576d#150283
07-23 23:15:49.812 I/SurfaceControlRegistry( 4213): show, t=StartTransaction_SyncId<15251> sc=DimTransitionLayer for Surface(name=ActivityRecord{75023820 u0 com.spherify.app/.MainActivity t18380}#150221)/@0x904576d#150283, caller=android.view.SurfaceControl$Transaction.show:3679 com.android.wm.shell.transition.DefaultTransitionHandler.startAnimation:2886 com.android.wm.shell.transition.Transitions.dispatchTransition:104 com.android.wm.shell.transition.Transitions.playTransition:1066 com.android.wm.shell.transition.Transitions.processReadyQueue:296 com.android.wm.shell.transition.Transitions.dispatchReady:1492 
07-23 23:15:49.812 I/SurfaceFlinger( 1885): id=150284 createSurf, flag=84004, ac7f1b0 com.spherify.app/com.spherify.app.SharedCameraCaptureActivity#150284
07-23 23:15:49.812 V/WindowManagerShell( 4213): attach dim transition, change={m=TO_BACK f=FILLS_TASK|IS_ACTIVITY|EDGE_EXTENSION_RESTRICTION leash=Surface(name=ActivityRecord{75023820 u0 com.spherify.app/.MainActivity t18380}#150221)/@0x904576d sb=Rect(0, 0 - 1080, 2340) eb=Rect(0, 0 - 1080, 2340) epz=Point(1080, 2340) d=0 bc=fffafafa activity=ActivityTransitionInfo { component = ComponentInfo{com.spherify.app/com.spherify.app.MainActivity}, taskId = 18380, appCompatTransitionInfo = null } opt={t=FROM_STYLE mUserId=0} inset=Rect(0, 0 - 0, 0) dim=true taskIdForActivity=18380 allowAppBgLayer=true}
07-23 23:15:49.812 D/WindowManager( 2724): Changing focus from Window{73bd4f0 u0 com.spherify.app/com.spherify.app.SharedCameraCaptureActivity} to Window{ac7f1b0 u0 com.spherify.app/com.spherify.app.SharedCameraCaptureActivity} displayId=0 Callers=com.android.server.wm.WindowManagerService.addWindowInner:621 com.android.server.wm.WindowManagerService.addWindow:1954 com.android.server.wm.Session.addToDisplayAsUser:15 android.view.IWindowSession$Stub.onTransact:782 
07-23 23:15:49.812 V/WindowManagerShell( 4213):    change={m=OPEN f=FILLS_TASK|IS_ACTIVITY|EDGE_EXTENSION_RESTRICTION leash=Surface(name=ActivityRecord{98685392 u0 com.spherify.app/.SharedCameraCaptureActivity t18380}#150273)/@0xb343384 sb=Rect(0, 0 - 0, 0) eb=Rect(0, 0 - 1080, 2340) epz=Point(1080, 2340) d=-1->0 r=-1->0:-1 bc=fffafafa activity=ActivityTransitionInfo { component = ComponentInfo{com.spherify.app/com.spherify.app.SharedCameraCaptureActivity}, taskId = 18380, appCompatTransitionInfo = null } opt={t=FROM_STYLE mUserId=0} inset=Rect(0, 0 - 0, 0) dim=true taskIdForActivity=18380 allowAppBgLayer=true}
07-23 23:15:49.813 D/InsetsSourceProvider( 2724): updateControlForTarget: control=InsetsSourceControl: {1f6d0001 mType=navigationBars initiallyVisible mSurfacePosition=Point(0, 2205) mInsetsHint=Insets{left=0, top=0, right=0, bottom=135}}, target=Window{ac7f1b0 u0 com.spherify.app/com.spherify.app.SharedCameraCaptureActivity}, from=com.android.server.wm.InsetsStateController.onControlTargetChanged:82 com.android.server.wm.InsetsPolicy.updateBarControlTarget:216 com.android.server.wm.DisplayPolicy.updateSystemBarAttributes:439 com.android.server.wm.WindowManagerService.updateFocusedWindowLocked:358 com.android.server.wm.WindowManagerService.addWindowInner:621 
07-23 23:15:49.813 D/InsetsSourceProvider( 2724): updateControlForTarget: control=InsetsSourceControl: {14360000 mType=statusBars initiallyVisible mSurfacePosition=Point(0, 0) mInsetsHint=Insets{left=0, top=97, right=0, bottom=0}}, target=Window{ac7f1b0 u0 com.spherify.app/com.spherify.app.SharedCameraCaptureActivity}, from=com.android.server.wm.InsetsStateController.onControlTargetChanged:82 com.android.server.wm.InsetsPolicy.updateBarControlTarget:203 com.android.server.wm.DisplayPolicy.updateSystemBarAttributes:439 com.android.server.wm.WindowManagerService.updateFocusedWindowLocked:358 com.android.server.wm.WindowManagerService.addWindowInner:621 
07-23 23:15:49.813 D/WindowManager( 2724): updateSystemBarAttributes: displayId=0, focusedCanBeNavColorWin=false, win=Window{ac7f1b0 u0 com.spherify.app/com.spherify.app.SharedCameraCaptureActivity}, navColorWin=Window{73bd4f0 u0 com.spherify.app/com.spherify.app.SharedCameraCaptureActivity}, caller=com.android.server.wm.WindowManagerService.updateFocusedWindowLocked:358 com.android.server.wm.WindowManagerService.addWindowInner:621 com.android.server.wm.WindowManagerService.addWindow:1954 
07-23 23:15:49.813 V/SystemKeyManager( 2724): updateFocusedWindow() is called, com.spherify.app/com.spherify.app.SharedCameraCaptureActivity
07-23 23:15:49.813 I/SystemKeyManager( 2724): requested systemKeyInfo size=1 focusedWindow=com.spherify.app/com.spherify.app.SharedCameraCaptureActivity
07-23 23:15:49.813 I/SystemKeyManager( 2724): requested systemKeyInfo size=1 focusedWindow=com.spherify.app/com.spherify.app.SharedCameraCaptureActivity
07-23 23:15:49.814 I/SurfaceFlinger( 1885): id=150287 createSurf, flag=84000, b7a8282 ActivityRecordInputSink com.spherify.app/.SharedCameraCaptureActivity#150287
07-23 23:15:49.814 I/InsetsController(10055): onStateChanged: host=com.spherify.app/com.spherify.app.SharedCameraCaptureActivity, from=android.view.ViewRootImpl.onInsetsStateChanged:3038, state=InsetsState: {mDisplayFrame=Rect(0, 0 - 1080, 2340), mDisplayCutout=DisplayCutout{insets=Rect(0, 96 - 0, 0) waterfall=Insets{left=0, top=0, right=0, bottom=0} boundingRect={Bounds=[Rect(0, 0 - 0, 0), Rect(515, 0 - 566, 96), Rect(0, 0 - 0, 0), Rect(0, 0 - 0, 0)]} cutoutPathParserInfo={CutoutPathParserInfo{displayWidth=1080 displayHeight=2340 physicalDisplayWidth=1080 physicalDisplayHeight=2340 density={2.8125} cutoutSpec={M 0,0 H -9.066666666666667 V 34.13333333333333 H 9.066666666666667 V 0 H 0 Z @dp} rotation={0} scale={1.0} physicalPixelDisplaySizeRatio={1.0}}} sideOverrides={}}, mRoundedCorners=RoundedCorners{[RoundedCorner{position=TopLeft, radius=6, center=Point(6, 6)}, RoundedCorner{position=TopRight, radius=6, center=Point(1074, 6)}, RoundedCorner{position=BottomRight, radius=6, center=Point(1074, 2334)}, RoundedCorner{position=BottomLeft, radius=6, center=Point(6, 2334)}]}  mRoundedCornerFrame=Rect(0, 0 - 1080, 2340), mPrivacyIndicatorBounds=PrivacyIndicatorBounds {static bounds=Rect(956, 0 - 1080, 97) rotation=0}, mDisplayShape=DisplayShape{ spec=1406003047 displayWidth=1080 displayHeight=2340 physicalPixelDisplaySizeRatio=0.75 rotation=0 offsetX=0 offsetY=0 scale=1.0}, mSources= { InsetsSource: {27 mType=displayCutout mFrame=[0,0][1080,96] mAttachedInsets=null mVisible=true mFlags= mSideHint=TOP mBoundingRects=null}, InsetsSource: {14360000 mType=statusBars mFrame=[0,0][1080,97] mAttachedInsets=null mVisible=true mFlags= mSideHint=TOP mBoundingRects=null}, InsetsSource: {14360005 mType=mandatorySystemGestures mFrame=[0,0][1080,130] mAttachedInsets=null mVisible=true mFlags= mSideHint=TOP mBoundingRects=null}, InsetsSource: {14360006 mType=tappableElement mFrame=[0,0][1080,97] mAttachedInsets=null mVisible=true mFlags= mSideHint=TOP mBoundingRects=null}, InsetsSource: {1f6d0001 mType=navigationBars mFrame=[0,2205][1080,2340] mAttachedInsets=null mVisible=true mFlags= mSideHint=BOTTOM mBoundingRects=null}, InsetsSource: {1f6d0004 mType=systemGestures mFrame=[0,0][0,0] mAttachedInsets=null mVisible=true mFlags= mSideHint=NONE mBoundingRects=null}, InsetsSource: {1f6d0005 mType=mandatorySystemGestures mFrame=[0,2205][1080,2340] mAttachedInsets=null mVisible=true mFlags= mSideHint=BOTTOM mBoundingRects=null}, InsetsSource: {1f6d0006 mType=tappableElement mFrame=[0,2205][1080,2340] mAttachedInsets=null mVisible=true mFlags= mSideHint=BOTTOM mBoundingRects=null}, InsetsSource: {1f6d0024 mType=systemGestures mFrame=[0,0][0,0] mAttachedInsets=null mVisible=true mFlags= mSideHint=NONE mBoundingRects=null} }
07-23 23:15:49.814 I/VRI[SharedCameraCaptureActivity]@4bf96b8(10055): synced displayState. AttachInfo displayState=2
07-23 23:15:49.815 I/SurfaceFlinger( 1885): RequestedLayer [ActivityRecord{98685392 u0 com.spher[...]CameraCaptureActivity t18380}#150273] hidden!! flag  from(1) --> to(0)
07-23 23:15:49.815 E/SurfaceFlinger( 1885): alpha changed 1.000 -> 0.000 - ActivityRecord{98685392 u0 com.spherify.app/.SharedCameraCaptureActivity t18380}#150273
07-23 23:15:49.815 I/SurfaceFlinger( 1885): RequestedLayer [73bd4f0 com.spherify.app/com.spherify.app.SharedCameraCaptureActivity#150274] hidden!! flag  from(1) --> to(0)
07-23 23:15:49.815 I/SurfaceFlinger( 1885): RequestedLayer [com.spherify.app/com.spherify.app.SharedCameraCaptureActivity$_10055#150275] hidden!! flag  from(1) --> to(0)
07-23 23:15:49.815 I/SurfaceFlinger( 1885): RequestedLayer [Transition Root: ActivityRecord{9868[...]CameraCaptureActivity t18380}#150282] hidden!! flag  from(1) --> to(0)
07-23 23:15:49.815 E/SurfaceFlinger( 1885): alpha changed 1.000 -> 0.000 - DimTransitionLayer for Surface(name=ActivityRecord{75023820 u0 com.spherify.app/.MainActivity t18380}#150221)/@0x904576d#150283
07-23 23:15:49.815 E/SurfaceFlinger( 1885): alpha changed 0.000 -> 0.000 - DimTransitionLayer for Surface(name=ActivityRecord{75023820 u0 com.spherify.app/.MainActivity t18380}#150221)/@0x904576d#150283
07-23 23:15:49.815 E/SurfaceFlinger( 1885): alpha changed 0.000 -> 1.000 - ActivityRecord{98685392 u0 com.spherify.app/.SharedCameraCaptureActivity t18380}#150273
07-23 23:15:49.815 I/SurfaceFlinger( 1885): RequestedLayer [ac7f1b0 com.spherify.app/com.spherify.app.SharedCameraCaptureActivity#150284] hidden!! flag  from(1) --> to(0)
07-23 23:15:49.815 I/SurfaceFlinger( 1885): [LayerHierarchy{RequestedLayerState{ActivityRecord{75023820 u0 com.spherify.app/.MainActivity t18380}#150221 parentId=150282 z=2} 3 children}] reparent to LayerHierarchy{RequestedLayerState{Transition Root: ActivityRecord{98685392 u0 com.spherify.app/.SharedCameraCaptureActivity t18380}#150282 parentId=150220 z=1} 1 children}
07-23 23:15:49.815 I/SurfaceFlinger( 1885): [LayerHierarchy{RequestedLayerState{ActivityRecord{98685392 u0 com.spherify.app/.SharedCameraCaptureActivity t18380}#150273 parentId=150282 z=5} 1 children}] reparent to LayerHierarchy{RequestedLayerState{Transition Root: ActivityRecord{98685392 u0 com.spherify.app/.SharedCameraCaptureActivity t18380}#150282 parentId=150220 z=1} 2 children}
07-23 23:15:49.815 I/SurfaceFlinger( 1885): [DimTransitionLayer for Surface(name=ActivityRecord{75023820 u0 com.spherify.app/.MainActivity t18380}#150221)/@0x904576d#150283] attach to parent LayerHierarchy{RequestedLayerState{ActivityRecord{75023820 u0 com.spherify.app/.MainActivity t18380}#150221 parentId=150282 z=2} 4 children}
07-23 23:15:49.815 I/SurfaceFlinger( 1885): [ac7f1b0 com.spherify.app/com.spherify.app.SharedCameraCaptureActivity#150284] attach to parent LayerHierarchy{RequestedLayerState{ActivityRecord{98685392 u0 com.spherify.app/.SharedCameraCaptureActivity t18380}#150273 parentId=150282 z=5} 2 children}
07-23 23:15:49.815 I/SurfaceFlinger( 1885): [b7a8282 ActivityRecordInputSink com.spherify.app/.SharedCameraCaptureActivity#150287] attach to parent LayerHierarchy{RequestedLayerState{ActivityRecord{98685392 u0 com.spherify.app/.SharedCameraCaptureActivity t18380}#150273 parentId=150282 z=5} 3 children}
07-23 23:15:49.816 D/NavigationBar( 4213): onSystemBarAttributesChanged() -  displayId:0, appearance:24, packageName: com.spherify.app (APPEARANCE_LIGHT_STATUS_BARS APPEARANCE_LIGHT_NAVIGATION_BARS ), navbarColorManagedByIme:false
07-23 23:15:49.816 I/VRI[SharedCameraCaptureActivity]@4bf96b8(10055): setView = com.android.internal.policy.DecorView@661051b IsHRR=false mFlingFrameRateChange=0 TM=true
07-23 23:15:49.818 D/CoreBackPreview( 2724): Window{ac7f1b0 u0 com.spherify.app/com.spherify.app.SharedCameraCaptureActivity}: Setting back callback OnBackInvokedCallbackInfo{mCallback=android.window.IOnBackInvokedCallback$Stub$Proxy@3bb243f, mPriority=-1, mIsAnimationCallback=false, mOverrideBehavior=0}
07-23 23:15:49.818 D/InputDispatcher( 2724): Focus entered window (0): 73bd4f0 com.spherify.app/com.spherify.app.SharedCameraCaptureActivity
07-23 23:15:49.818 I/WindowManager( 2724): Relayout Window{ac7f1b0 u0 com.spherify.app/com.spherify.app.SharedCameraCaptureActivity}: viewVisibility=0 req=1026x581 ty=2 d0
07-23 23:15:49.818 I/SurfaceFlinger( 1885): id=150288 createSurf, flag=44004, com.spherify.app/com.spherify.app.SharedCameraCaptureActivity$_10055#150288
07-23 23:15:49.818 D/WindowManager( 2724): makeSurface duration=1 name=com.spherify.app/com.spherify.app.SharedCameraCaptureActivity$_10055
07-23 23:15:49.820 I/BLASTBufferQueue_Java(10055): new BLASTBufferQueue, mName= VRI[SharedCameraCaptureActivity]@4bf96b8 mNativeObject= 0xb400006dbfa88be0 caller= android.view.ViewRootImpl.updateBlastSurfaceIfNeeded:3603 android.view.ViewRootImpl.relayoutWindow:11813 android.view.ViewRootImpl.performTraversals:4840 android.view.ViewRootImpl.doTraversal:3959 android.view.ViewRootImpl$TraversalRunnable.run:13034 android.view.Choreographer$CallbackRecord.run:1961 android.view.Choreographer$CallbackRecord.run:1970 android.view.Choreographer.doCallbacks:1423 android.view.Choreographer.doFrame:1348 android.view.Choreographer$FrameDisplayEventReceiver.run:1930 
07-23 23:15:49.820 I/BLASTBufferQueue_Java(10055): update, w= 1296 h= 851 mName = VRI[SharedCameraCaptureActivity]@4bf96b8 mNativeObject= 0xb400006dbfa88be0 sc.mNativeObject= 0xb400006e9fa6c9d0 format= -3 caller= android.view.ViewRootImpl.updateBlastSurfaceIfNeeded:3608 android.view.ViewRootImpl.relayoutWindow:11813 android.view.ViewRootImpl.performTraversals:4840 android.view.ViewRootImpl.doTraversal:3959 android.view.ViewRootImpl$TraversalRunnable.run:13034 android.view.Choreographer$CallbackRecord.run:1961 
07-23 23:15:49.820 I/VRI[SharedCameraCaptureActivity]@4bf96b8(10055): Relayout returned: old=(0,97,1080,2205) new=(27,860,1053,1441) relayoutAsync=false req=(1026,581)0 dur=2 res=0x3 s={true 0xb400006d1fb05ee0} ch=true seqId=0
07-23 23:15:49.821 I/VRI[SharedCameraCaptureActivity]@4bf96b8(10055): performConfigurationChange setNightDimText nightDimLevel=0
07-23 23:15:49.821 D/VRI[SharedCameraCaptureActivity]@4bf96b8(10055): mThreadedRenderer.initialize() mSurface={isValid=true 0xb400006d1fb05ee0} hwInitialized=true
07-23 23:15:49.822 D/VRI[SharedCameraCaptureActivity]@4bf96b8(10055): reportNextDraw android.view.ViewRootImpl.performTraversals:5507 android.view.ViewRootImpl.doTraversal:3959 android.view.ViewRootImpl$TraversalRunnable.run:13034 android.view.Choreographer$CallbackRecord.run:1961 android.view.Choreographer$CallbackRecord.run:1970 
07-23 23:15:49.822 D/VRI[SharedCameraCaptureActivity]@4bf96b8(10055): Setup new sync=wmsSync-VRI[SharedCameraCaptureActivity]@4bf96b8#14
07-23 23:15:49.822 I/VRI[SharedCameraCaptureActivity]@4bf96b8(10055): Creating new active sync group VRI[SharedCameraCaptureActivity]@4bf96b8#15
07-23 23:15:49.822 D/VRI[SharedCameraCaptureActivity]@4bf96b8(10055): registerCallbacksForSync syncBuffer=false
07-23 23:15:49.823 D/VRI[SharedCameraCaptureActivity]@4bf96b8(10055): Received frameDrawingCallback syncResult=0 frameNum=1.
07-23 23:15:49.823 I/VRI[SharedCameraCaptureActivity]@4bf96b8(10055): mWNT: t=0xb400006e3fac87a0 mBlastBufferQueue=0xb400006dbfa88be0 fn= 1 HdrRenderState mRenderHdrSdrRatio=1.0 caller= android.view.ViewRootImpl$12.onFrameDraw:15561 android.view.ThreadedRenderer$1.onFrameDraw:751 <bottom of call stack> 
07-23 23:15:49.823 I/VRI[SharedCameraCaptureActivity]@4bf96b8(10055): Setting up sync and frameCommitCallback
07-23 23:15:49.823 I/SurfaceFlinger( 1885): [com.spherify.app/com.spherify.app.SharedCameraCaptureActivity$_10055#150288] attach to parent LayerHierarchy{RequestedLayerState{ac7f1b0 com.spherify.app/com.spherify.app.SharedCameraCaptureActivity#150284 parentId=150273 z=1} 1 children}
07-23 23:15:49.823 I/BLASTBufferQueue(10055): [VRI[SharedCameraCaptureActivity]@4bf96b8#9](f:0,a:0,s:0) onFrameAvailable the first frame is available
07-23 23:15:49.823 I/VRI[SharedCameraCaptureActivity]@4bf96b8(10055): Received frameCommittedCallback lastAttemptedDrawFrameNum=1 didProduceBuffer=true
07-23 23:15:49.824 D/VRI[SharedCameraCaptureActivity]@4bf96b8(10055): reportDrawFinished seqId=0
07-23 23:15:49.824 I/SurfaceFlinger( 1885): [com.spherify.app/com.spherify.app.SharedCameraCaptureActivity$_10055#150288] setTransactionState with the first frame. bufferData(ID: 43185896161306, frameNumber: 1)
07-23 23:15:49.824 I/InsetsSourceConsumer(10055): applyRequestedVisibilityToControl: visible=true, type=navigationBars, host=com.spherify.app/com.spherify.app.SharedCameraCaptureActivity
07-23 23:15:49.825 I/SurfaceControl( 2724): apply, lowDebugName=Focus request: ac7f1b0 com.spherify.app/com.spherify.app.SharedCameraCaptureActivity, caller=android.view.SurfaceControl$Transaction.apply:3569 android.view.SurfaceControl$Transaction.apply:3519 com.android.server.wm.WindowAnimator.animate:468 com.android.server.wm.WindowAnimator$$ExternalSyntheticLambda1.doFrame:14 android.view.Choreographer$CallbackRecord.run:1959 android.view.Choreographer$CallbackRecord.run:1970 
07-23 23:15:49.825 I/InsetsSourceConsumer(10055): applyRequestedVisibilityToControl: visible=true, type=statusBars, host=com.spherify.app/com.spherify.app.SharedCameraCaptureActivity
07-23 23:15:49.826 D/WindowManager( 2724): finishDrawingWindow: Window{ac7f1b0 u0 com.spherify.app/com.spherify.app.SharedCameraCaptureActivity} mDrawState=DRAW_PENDING seqId=0
07-23 23:15:49.826 D/VRI[SharedCameraCaptureActivity]@4bd75a4(10055): mThreadedRenderer.initializeIfNeeded()#2 mSurface={isValid=true 0xb400006d1facac90}
07-23 23:15:49.826 I/WindowManager( 2724): Reparenting to leash, surface=Surface(name=ac7f1b0 com.spherify.app/com.spherify.app.SharedCameraCaptureActivity#150284)/@0xbb60c6a, leashParent=Surface(name=ActivityRecord{98685392 u0 com.spherify.app/.SharedCameraCaptureActivity t18380}#150273)/@0x9714002
07-23 23:15:49.826 I/SurfaceFlinger( 1885): id=150289 createSurf, flag=24004, Surface(name=ac7f1b0 com.spherify.app/com.spherify.app.SharedCameraCaptureActivity#150284)/@0xbb60c6a - animation-leash of window_animation#150289
07-23 23:15:49.826 D/WindowManager( 2724): makeSurface duration=0 leash=Surface(name=Surface(name=ac7f1b0 com.spherify.app/com.spherify.app.SharedCameraCaptureActivity#150284)/@0xbb60c6a - animation-leash of window_animation#150289)/@0x412f1f8
07-23 23:15:49.827 V/WindowManager( 2724): performShowLocked: mDrawState=HAS_DRAWN in Window{ac7f1b0 u0 com.spherify.app/com.spherify.app.SharedCameraCaptureActivity}
07-23 23:15:49.827 I/ImeTracker( 2724): com.spherify.app:b3da1965: onRequestHide at ORIGIN_SERVER reason HIDE_UNSPECIFIED_WINDOW fromUser false
07-23 23:15:49.828 I/ImeTracker(10055): com.spherify.app:b3da1965: onCancelled at PHASE_CLIENT_ALREADY_HIDDEN
07-23 23:15:49.829 D/InsetsSourceProvider( 2724): updateControlForTarget: control=InsetsSourceControl: {3 mType=ime mSurfacePosition=Point(0, 97) mInsetsHint=Insets{left=0, top=0, right=0, bottom=1008}}, target=Window{73bd4f0 u0 com.spherify.app/com.spherify.app.SharedCameraCaptureActivity}, from=com.android.server.wm.ImeInsetsSourceProvider.updateControlForTarget:23 com.android.server.wm.InsetsStateController.onControlTargetChanged:82 com.android.server.wm.DisplayContent.updateImeControlTarget:48 com.android.server.wm.DisplayContent.updateImeInputAndControlTarget:273 com.android.server.wm.WindowManagerService$LocalService.updateImeTargetWindow:81 
07-23 23:15:49.831 E/SurfaceFlinger( 1885): alpha changed 0.000 -> 0.010 - DimTransitionLayer for Surface(name=ActivityRecord{75023820 u0 com.spherify.app/.MainActivity t18380}#150221)/@0x904576d#150283
07-23 23:15:49.831 I/SurfaceFlinger( 1885): [Surface(name=ac7f1b0 com.spherify.app/com.spherify.app.SharedCameraCaptureActivity#150284)/@0xbb60c6a - animation-leash of window_animation#150289] attach to parent LayerHierarchy{RequestedLayerState{ActivityRecord{98685392 u0 com.spherify.app/.SharedCameraCaptureActivity t18380}#150273 parentId=150282 z=5} 4 children}
07-23 23:15:49.835 D/SurfaceFlinger( 1885):        CLIENT |           43185896161298 | 00000502 | RGBx_8888    |   15.0    0.0 1080.0 1625.0 |    0  254 1065 1879 | da9d5c0 SurfaceView[com.spherify.app[...]fy.app.MainActivity]@0(BLAST)#150268 (3)
07-23 23:15:49.835 D/SurfaceFlinger( 1885):        CLIENT |           43185896161299 | 00002100 | RGBA_8888    |   15.0    0.0 1080.0 2340.0 |    0    0 1080 2340 | com.spherify.app/com.spherify.app.MainActivity$_10055#150263 (33)
07-23 23:15:49.835 D/SurfaceFlinger( 1885):        DEVICE |           43185896161303 | 00000502 | RGBx_8888    |    0.0    0.0   49.0 2106.0 | 1031   75 1080 2181 | cc7bbf1 SurfaceView[com.spherify.app[...]meraCaptureActivity]@0(BLAST)#150280 (1)
07-23 23:15:49.835 D/SurfaceFlinger( 1885):        DEVICE |           43185896161308 | 00002100 | RGBA_8888    |    0.0    0.0   49.0 2340.0 | 1031    0 1080 2340 | com.spherify.app/com.spherify.app.SharedCameraCaptureActivity$_100
07-23 23:15:49.835 D/SurfaceFlinger( 1885): [input] setFocusedWindow: ac7f1b0 com.spherify.app/com.spherify.app.SharedCameraCaptureActivity
07-23 23:15:49.835 D/InputDispatcher( 2724): Once focus requested (0): ac7f1b0 com.spherify.app/com.spherify.app.SharedCameraCaptureActivity
07-23 23:15:49.835 D/InputDispatcher( 2724): Focus request (0): ac7f1b0 com.spherify.app/com.spherify.app.SharedCameraCaptureActivity but waiting because NO_WINDOW
