07-23 23:15:41.844 I/SurfaceControlRegistry( 4213): hide, t=FinishTransaction_SyncId<15249> sc=ActivityRecord{75023820 u0 com.spherify.app/.MainActivity t18380}#150221, caller=android.view.SurfaceControl$Transaction.hide:3705 com.android.wm.shell.transition.Transitions.dispatchReady:1355 com.android.wm.shell.transition.Transitions$TransitionPlayerImpl$$ExternalSyntheticLambda1.run:284 android.os.Handler.handleCallback:1070 android.os.Handler.dispatchMessage:125 android.os.Looper.dispatchMessage:358 
07-23 23:15:41.844 I/SurfaceControlRegistry( 4213): show, t=StartTransaction_SyncId<15249> sc=ActivityRecord{236409941 u0 com.spherify.app/.SharedCameraCaptureActivity t18380}#150241, caller=android.view.SurfaceControl$Transaction.show:3679 com.android.wm.shell.transition.Transitions.dispatchReady:1372 com.android.wm.shell.transition.Transitions$TransitionPlayerImpl$$ExternalSyntheticLambda1.run:284 android.os.Handler.handleCallback:1070 android.os.Handler.dispatchMessage:125 android.os.Looper.dispatchMessage:358 
07-23 23:15:41.844 I/SurfaceControlRegistry( 4213): show, t=FinishTransaction_SyncId<15249> sc=ActivityRecord{236409941 u0 com.spherify.app/.SharedCameraCaptureActivity t18380}#150241, caller=android.view.SurfaceControl$Transaction.show:3679 com.android.wm.shell.transition.Transitions.dispatchReady:1470 com.android.wm.shell.transition.Transitions$TransitionPlayerImpl$$ExternalSyntheticLambda1.run:284 android.os.Handler.handleCallback:1070 android.os.Handler.dispatchMessage:125 android.os.Looper.dispatchMessage:358 
07-23 23:15:41.844 I/SurfaceControlRegistry( 4213): show, t=StartTransaction_SyncId<15249> sc=Transition Root: ActivityRecord{236409941 u0 com.spherify.app/.SharedCameraCaptureActivity t18380}#150250, caller=android.view.SurfaceControl$Transaction.show:3679 com.android.wm.shell.transition.Transitions.playTransition:78 com.android.wm.shell.transition.Transitions.processReadyQueue:296 com.android.wm.shell.transition.Transitions.dispatchReady:1492 com.android.wm.shell.transition.Transitions$TransitionPlayerImpl$$ExternalSyntheticLambda1.run:284 android.os.Handler.handleCallback:1070 
07-23 23:15:41.845 V/WindowManagerShell( 4213): Transition doesn't have explicit remote, search filters for match for {id=15249 t=OPEN f=0x0 trk=0 r=[0@Point(0, 0)] c=[{m=OPEN f=FILLS_TASK|IS_ACTIVITY|EDGE_EXTENSION_RESTRICTION leash=Surface(name=ActivityRecord{236409941 u0 com.spherify.app/.SharedCameraCaptureActivity t18380}#150241)/@0xb9812b8 sb=Rect(0, 0 - 0, 0) eb=Rect(0, 0 - 1080, 2340) epz=Point(1080, 2340) d=-1->0 r=-1->0:-1 bc=fffafafa activity=ActivityTransitionInfo { component = ComponentInfo{com.spherify.app/com.spherify.app.SharedCameraCaptureActivity}, taskId = 18380, appCompatTransitionInfo = null } opt={t=FROM_STYLE mUserId=0} inset=Rect(0, 0 - 0, 0) dim=true taskIdForActivity=18380 allowAppBgLayer=true},{m=TO_BACK f=FILLS_TASK|IS_ACTIVITY|EDGE_EXTENSION_RESTRICTION leash=Surface(name=ActivityRecord{75023820 u0 com.spherify.app/.MainActivity t18380}#150221)/@0x7c43891 sb=Rect(0, 0 - 1080, 2340) eb=Rect(0, 0 - 1080, 2340) epz=Point(1080, 2340) d=0 bc=fffafafa activity=ActivityTransitionInfo { component = ComponentInfo{com.spherify.app/com.spherify.app.MainActivity}, taskId = 18380, appCompatTransitionInfo = null } opt={t=FROM_STYLE mUserId=0} inset=Rect(0, 0 - 0, 0) dim=true taskIdForActivity=18380 allowAppBgLayer=true}]}
07-23 23:15:41.845 V/WindowManagerShell( 4213): start default transition animation, info = {id=15249 t=OPEN f=0x0 trk=0 r=[0@Point(0, 0)] c=[{m=OPEN f=FILLS_TASK|IS_ACTIVITY|EDGE_EXTENSION_RESTRICTION leash=Surface(name=ActivityRecord{236409941 u0 com.spherify.app/.SharedCameraCaptureActivity t18380}#150241)/@0xb9812b8 sb=Rect(0, 0 - 0, 0) eb=Rect(0, 0 - 1080, 2340) epz=Point(1080, 2340) d=-1->0 r=-1->0:-1 bc=fffafafa activity=ActivityTransitionInfo { component = ComponentInfo{com.spherify.app/com.spherify.app.SharedCameraCaptureActivity}, taskId = 18380, appCompatTransitionInfo = null } opt={t=FROM_STYLE mUserId=0} inset=Rect(0, 0 - 0, 0) dim=true taskIdForActivity=18380 allowAppBgLayer=true},{m=TO_BACK f=FILLS_TASK|IS_ACTIVITY|EDGE_EXTENSION_RESTRICTION leash=Surface(name=ActivityRecord{75023820 u0 com.spherify.app/.MainActivity t18380}#150221)/@0x7c43891 sb=Rect(0, 0 - 1080, 2340) eb=Rect(0, 0 - 1080, 2340) epz=Point(1080, 2340) d=0 bc=fffafafa activity=ActivityTransitionInfo { component = ComponentInfo{com.spherify.app/com.spherify.app.MainActivity}, taskId = 18380, appCompatTransitionInfo = null } opt={t=FROM_STYLE mUserId=0} inset=Rect(0, 0 - 0, 0) dim=true taskIdForActivity=18380 allowAppBgLayer=true}]}
07-23 23:15:41.847 V/WindowManagerShell( 4213):    change={m=TO_BACK f=FILLS_TASK|IS_ACTIVITY|EDGE_EXTENSION_RESTRICTION leash=Surface(name=ActivityRecord{75023820 u0 com.spherify.app/.MainActivity t18380}#150221)/@0x7c43891 sb=Rect(0, 0 - 1080, 2340) eb=Rect(0, 0 - 1080, 2340) epz=Point(1080, 2340) d=0 bc=fffafafa activity=ActivityTransitionInfo { component = ComponentInfo{com.spherify.app/com.spherify.app.MainActivity}, taskId = 18380, appCompatTransitionInfo = null } opt={t=FROM_STYLE mUserId=0} inset=Rect(0, 0 - 0, 0) dim=true taskIdForActivity=18380 allowAppBgLayer=true}
07-23 23:15:41.847 D/SurfaceComposerClient( 4213): [ActivityRecord{75023820 u0 com.spherify.app/.MainActivity t18380}#150221] setEdgeExtension Right
07-23 23:15:41.847 I/SurfaceFlinger( 1885): id=150251 createSurf, flag=20004, DimTransitionLayer for Surface(name=ActivityRecord{75023820 u0 com.spherify.app/.MainActivity t18380}#150221)/@0x7c43891#150251
07-23 23:15:41.848 V/WindowManager( 2724): Sent Transition (#15249) createdAt=07-23 23:15:41.297 via request=TransitionRequestInfo { type = OPEN, triggerTask = TaskInfo{userId=0 taskId=18380 effectiveUid=10601 displayId=0 isRunning=true baseIntent=Intent { act=android.intent.action.MAIN cat=[android.intent.category.LAUNCHER] flg=0x10200000 cmp=com.spherify.app/.MainActivity } baseActivity=ComponentInfo{com.spherify.app/com.spherify.app.MainActivity} topActivity=ComponentInfo{com.spherify.app/com.spherify.app.SharedCameraCaptureActivity} origActivity=null realActivity=ComponentInfo{com.spherify.app/com.spherify.app.MainActivity} numActivities=2 lastActiveTime=575826933 supportsMultiWindow=true resizeMode=1 isResizeable=true minWidth=-1 minHeight=-1 maxWidth=-1 maxHeight=-1 defaultMinSize=220 desktopDefaultMinSize=304 token=WCT{RemoteToken{78476da Task{b789015 #18380 type=standard A=10601:com.spherify.app}}} topActivityType=1 pictureInPictureParams=null shouldDockBigOverlays=false launchIntoPipHostTaskId=-1 lastParentTaskIdBeforePip=-1 displayCutoutSafeInsets=Rect(0, 0 - 0, 0) topActivityInfo=ActivityInfo{f5d4e5b com.spherify.app.SharedCameraCaptureActivity} launchCookies=[android.os.BinderProxy@8eb0732] positionInParent=Point(0, 0) parentTaskId=-1 isFocused=true isVisible=true isVisibleRequested=true isTopActivityNoDisplay=false isSleeping=false locusId=null displayAreaFeatureId=1 isTopActivityTransparent=false isActivityStackTransparent=false lastNonFullscreenBounds=Rect(81, 566 - 999, 1736) capturedLink=null capturedLinkTimestamp=0 requestedVisibleTypes=503 topActivityRequestOpenInBrowserEducationTimestamp=0 appCompatTaskInfo=AppCompatTaskInfo { topActivityInSizeCompat=false isLeafTask= true eligibleForLetterboxEducation= false isLetterboxEducationEnabled= false isLetterboxDoubleTapEnabled= false eligibleForUserAspectRatioButton= false topActivityBoundsLetterboxed= false isFromLetterboxDoubleTap= false topActivityLetterboxVerticalPosition= -1 topActivityLetterboxHorizontalPosition= -1 topActivityLetterboxWidth=-1 topActivityLetterboxHeight=-1 topActivityAppBounds=Rect(0, 0 - 1080, 2340) isUserFullscreenOverrideEnabled=false isSystemFullscreenOverrideEnabled=false hasMinAspectRatioOverride=false topActivityLetterboxBounds=null cameraCompatTaskInfo=CameraCompatTaskInfo { cameraCompatMode=undefinedundefined} topActivityBounds=null topActivityInDisplayCompat=false showForceRotationButton=false forceRotationButtonState=0aspectRatioToRestore0 singleTapFromLetterbox=false topNonResizableActivityAspectRatio=-1.0} topActivityMainWindowFrame=null originallySupportedMultiWindow=true hasWallpaper=false rootAffinity=10601:com.spherify.app isTopTaskInStage=false CoverLauncherWidgetTask=false LaunchedFromAppsCoverLauncherTask=false LaunchedFromMultistarCoverLauncherTask=false isAllowedSeamlessRotation=false isTopTransparentActivity=true isAliasManaged=false hasConfigChanged=false isAiKeyRemoveAppTask=false lastDesktopWindowingBounds=null lastExternalDesktopWindowingBounds=nullisPackageNightModeActive=true safeCutoutInsets=null isAppBubble=false}, pipChange = null, remoteTransitionInfo = null, displayChange = null, requestedLocation = null, userChange = null, windowingLayerChange = null, flags = 0, debugId = 15249 }
07-23 23:15:41.848 V/WindowManager( 2724):         {m=OPEN f=FILLS_TASK|IS_ACTIVITY|EDGE_EXTENSION_RESTRICTION leash=Surface(name=ActivityRecord{236409941 u0 com.spherify.app/.SharedCameraCaptureActivity t18380}#150241)/@0x112746b sb=Rect(0, 0 - 0, 0) eb=Rect(0, 0 - 1080, 2340) epz=Point(1080, 2340) d=-1->0 r=-1->0:-1 bc=fffafafa activity=ActivityTransitionInfo { component = ComponentInfo{com.spherify.app/com.spherify.app.SharedCameraCaptureActivity}, taskId = 18380, appCompatTransitionInfo = null } opt={t=FROM_STYLE mUserId=0} inset=Rect(0, 0 - 0, 0) dim=true taskIdForActivity=18380 allowAppBgLayer=true},
07-23 23:15:41.848 V/WindowManager( 2724):         {m=TO_BACK f=FILLS_TASK|IS_ACTIVITY|EDGE_EXTENSION_RESTRICTION leash=Surface(name=ActivityRecord{75023820 u0 com.spherify.app/.MainActivity t18380}#150221)/@0xdd4aee6 sb=Rect(0, 0 - 1080, 2340) eb=Rect(0, 0 - 1080, 2340) epz=Point(1080, 2340) d=0 bc=fffafafa activity=ActivityTransitionInfo { component = ComponentInfo{com.spherify.app/com.spherify.app.MainActivity}, taskId = 18380, appCompatTransitionInfo = null } opt={t=FROM_STYLE mUserId=0} inset=Rect(0, 0 - 0, 0) dim=true taskIdForActivity=18380 allowAppBgLayer=true}
07-23 23:15:41.848 I/SurfaceFlinger( 1885): [DimTransitionLayer for Surface(name=ActivityRecord{75023820 u0 com.spherify.app/.MainActivity t18380}#150221)/@0x7c43891#150251] attach to parent LayerHierarchy{RequestedLayerState{ActivityRecord{75023820 u0 com.spherify.app/.MainActivity t18380}#150221 parentId=150220} 4 children}
07-23 23:15:41.850 I/SurfaceControlRegistry( 4213): show, t=StartTransaction_SyncId<15249> sc=DimTransitionLayer for Surface(name=ActivityRecord{75023820 u0 com.spherify.app/.MainActivity t18380}#150221)/@0x7c43891#150251, caller=android.view.SurfaceControl$Transaction.show:3679 com.android.wm.shell.transition.DefaultTransitionHandler.startAnimation:2886 com.android.wm.shell.transition.Transitions.dispatchTransition:104 com.android.wm.shell.transition.Transitions.playTransition:1066 com.android.wm.shell.transition.Transitions.processReadyQueue:296 com.android.wm.shell.transition.Transitions.dispatchReady:1492 
07-23 23:15:41.850 I/SurfaceFlinger( 1885): id=150252 createSurf, flag=84004, 52adaa4 com.spherify.app/com.spherify.app.SharedCameraCaptureActivity#150252
07-23 23:15:41.850 V/WindowManagerShell( 4213): attach dim transition, change={m=TO_BACK f=FILLS_TASK|IS_ACTIVITY|EDGE_EXTENSION_RESTRICTION leash=Surface(name=ActivityRecord{75023820 u0 com.spherify.app/.MainActivity t18380}#150221)/@0x7c43891 sb=Rect(0, 0 - 1080, 2340) eb=Rect(0, 0 - 1080, 2340) epz=Point(1080, 2340) d=0 bc=fffafafa activity=ActivityTransitionInfo { component = ComponentInfo{com.spherify.app/com.spherify.app.MainActivity}, taskId = 18380, appCompatTransitionInfo = null } opt={t=FROM_STYLE mUserId=0} inset=Rect(0, 0 - 0, 0) dim=true taskIdForActivity=18380 allowAppBgLayer=true}
07-23 23:15:41.850 D/WindowManager( 2724): Changing focus from Window{43027d5 u0 com.spherify.app/com.spherify.app.SharedCameraCaptureActivity} to Window{52adaa4 u0 com.spherify.app/com.spherify.app.SharedCameraCaptureActivity} displayId=0 Callers=com.android.server.wm.WindowManagerService.addWindowInner:621 com.android.server.wm.WindowManagerService.addWindow:1954 com.android.server.wm.Session.addToDisplayAsUser:15 android.view.IWindowSession$Stub.onTransact:782 
07-23 23:15:41.850 V/WindowManagerShell( 4213):    change={m=OPEN f=FILLS_TASK|IS_ACTIVITY|EDGE_EXTENSION_RESTRICTION leash=Surface(name=ActivityRecord{236409941 u0 com.spherify.app/.SharedCameraCaptureActivity t18380}#150241)/@0xb9812b8 sb=Rect(0, 0 - 0, 0) eb=Rect(0, 0 - 1080, 2340) epz=Point(1080, 2340) d=-1->0 r=-1->0:-1 bc=fffafafa activity=ActivityTransitionInfo { component = ComponentInfo{com.spherify.app/com.spherify.app.SharedCameraCaptureActivity}, taskId = 18380, appCompatTransitionInfo = null } opt={t=FROM_STYLE mUserId=0} inset=Rect(0, 0 - 0, 0) dim=true taskIdForActivity=18380 allowAppBgLayer=true}
07-23 23:15:41.851 D/InsetsSourceProvider( 2724): updateControlForTarget: control=InsetsSourceControl: {1f6d0001 mType=navigationBars initiallyVisible mSurfacePosition=Point(0, 2205) mInsetsHint=Insets{left=0, top=0, right=0, bottom=135}}, target=Window{52adaa4 u0 com.spherify.app/com.spherify.app.SharedCameraCaptureActivity}, from=com.android.server.wm.InsetsStateController.onControlTargetChanged:82 com.android.server.wm.InsetsPolicy.updateBarControlTarget:216 com.android.server.wm.DisplayPolicy.updateSystemBarAttributes:439 com.android.server.wm.WindowManagerService.updateFocusedWindowLocked:358 com.android.server.wm.WindowManagerService.addWindowInner:621 
07-23 23:15:41.851 D/InsetsSourceProvider( 2724): updateControlForTarget: control=InsetsSourceControl: {14360000 mType=statusBars initiallyVisible mSurfacePosition=Point(0, 0) mInsetsHint=Insets{left=0, top=97, right=0, bottom=0}}, target=Window{52adaa4 u0 com.spherify.app/com.spherify.app.SharedCameraCaptureActivity}, from=com.android.server.wm.InsetsStateController.onControlTargetChanged:82 com.android.server.wm.InsetsPolicy.updateBarControlTarget:203 com.android.server.wm.DisplayPolicy.updateSystemBarAttributes:439 com.android.server.wm.WindowManagerService.updateFocusedWindowLocked:358 com.android.server.wm.WindowManagerService.addWindowInner:621 
07-23 23:15:41.851 D/WindowManager( 2724): updateSystemBarAttributes: displayId=0, focusedCanBeNavColorWin=false, win=Window{52adaa4 u0 com.spherify.app/com.spherify.app.SharedCameraCaptureActivity}, navColorWin=Window{43027d5 u0 com.spherify.app/com.spherify.app.SharedCameraCaptureActivity}, caller=com.android.server.wm.WindowManagerService.updateFocusedWindowLocked:358 com.android.server.wm.WindowManagerService.addWindowInner:621 com.android.server.wm.WindowManagerService.addWindow:1954 
07-23 23:15:41.851 V/SystemKeyManager( 2724): updateFocusedWindow() is called, com.spherify.app/com.spherify.app.SharedCameraCaptureActivity
07-23 23:15:41.851 I/SystemKeyManager( 2724): requested systemKeyInfo size=1 focusedWindow=com.spherify.app/com.spherify.app.SharedCameraCaptureActivity
07-23 23:15:41.851 I/SystemKeyManager( 2724): requested systemKeyInfo size=1 focusedWindow=com.spherify.app/com.spherify.app.SharedCameraCaptureActivity
07-23 23:15:41.852 I/InsetsController(10055): onStateChanged: host=com.spherify.app/com.spherify.app.SharedCameraCaptureActivity, from=android.view.ViewRootImpl.onInsetsStateChanged:3038, state=InsetsState: {mDisplayFrame=Rect(0, 0 - 1080, 2340), mDisplayCutout=DisplayCutout{insets=Rect(0, 96 - 0, 0) waterfall=Insets{left=0, top=0, right=0, bottom=0} boundingRect={Bounds=[Rect(0, 0 - 0, 0), Rect(515, 0 - 566, 96), Rect(0, 0 - 0, 0), Rect(0, 0 - 0, 0)]} cutoutPathParserInfo={CutoutPathParserInfo{displayWidth=1080 displayHeight=2340 physicalDisplayWidth=1080 physicalDisplayHeight=2340 density={2.8125} cutoutSpec={M 0,0 H -9.066666666666667 V 34.13333333333333 H 9.066666666666667 V 0 H 0 Z @dp} rotation={0} scale={1.0} physicalPixelDisplaySizeRatio={1.0}}} sideOverrides={}}, mRoundedCorners=RoundedCorners{[RoundedCorner{position=TopLeft, radius=6, center=Point(6, 6)}, RoundedCorner{position=TopRight, radius=6, center=Point(1074, 6)}, RoundedCorner{position=BottomRight, radius=6, center=Point(1074, 2334)}, RoundedCorner{position=BottomLeft, radius=6, center=Point(6, 2334)}]}  mRoundedCornerFrame=Rect(0, 0 - 1080, 2340), mPrivacyIndicatorBounds=PrivacyIndicatorBounds {static bounds=Rect(956, 0 - 1080, 97) rotation=0}, mDisplayShape=DisplayShape{ spec=1406003047 displayWidth=1080 displayHeight=2340 physicalPixelDisplaySizeRatio=0.75 rotation=0 offsetX=0 offsetY=0 scale=1.0}, mSources= { InsetsSource: {27 mType=displayCutout mFrame=[0,0][1080,96] mAttachedInsets=null mVisible=true mFlags= mSideHint=TOP mBoundingRects=null}, InsetsSource: {14360000 mType=statusBars mFrame=[0,0][1080,97] mAttachedInsets=null mVisible=true mFlags= mSideHint=TOP mBoundingRects=null}, InsetsSource: {14360005 mType=mandatorySystemGestures mFrame=[0,0][1080,130] mAttachedInsets=null mVisible=true mFlags= mSideHint=TOP mBoundingRects=null}, InsetsSource: {14360006 mType=tappableElement mFrame=[0,0][1080,97] mAttachedInsets=null mVisible=true mFlags= mSideHint=TOP mBoundingRects=null}, InsetsSource: {1f6d0001 mType=navigationBars mFrame=[0,2205][1080,2340] mAttachedInsets=null mVisible=true mFlags= mSideHint=BOTTOM mBoundingRects=null}, InsetsSource: {1f6d0004 mType=systemGestures mFrame=[0,0][0,0] mAttachedInsets=null mVisible=true mFlags= mSideHint=NONE mBoundingRects=null}, InsetsSource: {1f6d0005 mType=mandatorySystemGestures mFrame=[0,2205][1080,2340] mAttachedInsets=null mVisible=true mFlags= mSideHint=BOTTOM mBoundingRects=null}, InsetsSource: {1f6d0006 mType=tappableElement mFrame=[0,2205][1080,2340] mAttachedInsets=null mVisible=true mFlags= mSideHint=BOTTOM mBoundingRects=null}, InsetsSource: {1f6d0024 mType=systemGestures mFrame=[0,0][0,0] mAttachedInsets=null mVisible=true mFlags= mSideHint=NONE mBoundingRects=null} }
07-23 23:15:41.852 I/VRI[SharedCameraCaptureActivity]@3dac1(10055): synced displayState. AttachInfo displayState=2
07-23 23:15:41.852 I/SurfaceFlinger( 1885): id=150255 createSurf, flag=84000, 1e98e3f ActivityRecordInputSink com.spherify.app/.SharedCameraCaptureActivity#150255
07-23 23:15:41.852 D/NavigationBar( 4213): onSystemBarAttributesChanged() -  displayId:0, appearance:24, packageName: com.spherify.app (APPEARANCE_LIGHT_STATUS_BARS APPEARANCE_LIGHT_NAVIGATION_BARS ), navbarColorManagedByIme:false
07-23 23:15:41.854 I/VRI[SharedCameraCaptureActivity]@3dac1(10055): setView = com.android.internal.policy.DecorView@b451fa8 IsHRR=false mFlingFrameRateChange=0 TM=true
07-23 23:15:41.855 D/CoreBackPreview( 2724): Window{52adaa4 u0 com.spherify.app/com.spherify.app.SharedCameraCaptureActivity}: Setting back callback OnBackInvokedCallbackInfo{mCallback=android.window.IOnBackInvokedCallback$Stub$Proxy@5f94a6c, mPriority=-1, mIsAnimationCallback=false, mOverrideBehavior=0}
07-23 23:15:41.857 I/SurfaceFlinger( 1885): RequestedLayer [ActivityRecord{236409941 u0 com.sphe[...]CameraCaptureActivity t18380}#150241] hidden!! flag  from(1) --> to(0)
07-23 23:15:41.857 E/SurfaceFlinger( 1885): alpha changed 1.000 -> 0.000 - ActivityRecord{236409941 u0 com.spherify.app/.SharedCameraCaptureActivity t18380}#150241
07-23 23:15:41.857 I/SurfaceFlinger( 1885): RequestedLayer [43027d5 com.spherify.app/com.spherify.app.SharedCameraCaptureActivity#150242] hidden!! flag  from(1) --> to(0)
07-23 23:15:41.857 I/SurfaceFlinger( 1885): RequestedLayer [com.spherify.app/com.spherify.app.SharedCameraCaptureActivity$_10055#150243] hidden!! flag  from(1) --> to(0)
07-23 23:15:41.857 I/SurfaceFlinger( 1885): RequestedLayer [Transition Root: ActivityRecord{2364[...]CameraCaptureActivity t18380}#150250] hidden!! flag  from(1) --> to(0)
07-23 23:15:41.857 E/SurfaceFlinger( 1885): alpha changed 1.000 -> 0.000 - DimTransitionLayer for Surface(name=ActivityRecord{75023820 u0 com.spherify.app/.MainActivity t18380}#150221)/@0x7c43891#150251
07-23 23:15:41.857 E/SurfaceFlinger( 1885): alpha changed 0.000 -> 0.000 - DimTransitionLayer for Surface(name=ActivityRecord{75023820 u0 com.spherify.app/.MainActivity t18380}#150221)/@0x7c43891#150251
07-23 23:15:41.857 E/SurfaceFlinger( 1885): alpha changed 0.000 -> 1.000 - ActivityRecord{236409941 u0 com.spherify.app/.SharedCameraCaptureActivity t18380}#150241
07-23 23:15:41.857 I/SurfaceFlinger( 1885): RequestedLayer [52adaa4 com.spherify.app/com.spherify.app.SharedCameraCaptureActivity#150252] hidden!! flag  from(1) --> to(0)
07-23 23:15:41.857 I/WindowManager( 2724): Relayout Window{52adaa4 u0 com.spherify.app/com.spherify.app.SharedCameraCaptureActivity}: viewVisibility=0 req=1026x581 ty=2 d0
07-23 23:15:41.857 I/SurfaceFlinger( 1885): [LayerHierarchy{RequestedLayerState{ActivityRecord{75023820 u0 com.spherify.app/.MainActivity t18380}#150221 parentId=150250 z=2} 4 children}] reparent to LayerHierarchy{RequestedLayerState{Transition Root: ActivityRecord{236409941 u0 com.spherify.app/.SharedCameraCaptureActivity t18380}#150250 parentId=150220 z=1} 1 children}
07-23 23:15:41.857 I/SurfaceFlinger( 1885): [LayerHierarchy{RequestedLayerState{ActivityRecord{236409941 u0 com.spherify.app/.SharedCameraCaptureActivity t18380}#150241 parentId=150250 z=5} 1 children}] reparent to LayerHierarchy{RequestedLayerState{Transition Root: ActivityRecord{236409941 u0 com.spherify.app/.SharedCameraCaptureActivity t18380}#150250 parentId=150220 z=1} 2 children}
07-23 23:15:41.857 I/SurfaceFlinger( 1885): [LayerHierarchy{RequestedLayerState{DimTransitionLayer for Surface(name=ActivityRecord{75023820 u0 com.spherify.app/.MainActivity t18380}#150221)/@0x7c43891#150251 parentId=150221 relativeParentId=150221 z=1} no children}] RelativeParent to null
07-23 23:15:41.857 I/SurfaceFlinger( 1885): [52adaa4 com.spherify.app/com.spherify.app.SharedCameraCaptureActivity#150252] attach to parent LayerHierarchy{RequestedLayerState{ActivityRecord{236409941 u0 com.spherify.app/.SharedCameraCaptureActivity t18380}#150241 parentId=150250 z=5} 2 children}
07-23 23:15:41.857 I/SurfaceFlinger( 1885): [1e98e3f ActivityRecordInputSink com.spherify.app/.SharedCameraCaptureActivity#150255] attach to parent LayerHierarchy{RequestedLayerState{ActivityRecord{236409941 u0 com.spherify.app/.SharedCameraCaptureActivity t18380}#150241 parentId=150250 z=5} 3 children}
07-23 23:15:41.857 I/SurfaceFlinger( 1885): id=150256 createSurf, flag=44004, com.spherify.app/com.spherify.app.SharedCameraCaptureActivity$_10055#150256
07-23 23:15:41.857 D/WindowManager( 2724): makeSurface duration=0 name=com.spherify.app/com.spherify.app.SharedCameraCaptureActivity$_10055
07-23 23:15:41.859 I/BLASTBufferQueue_Java(10055): new BLASTBufferQueue, mName= VRI[SharedCameraCaptureActivity]@3dac1 mNativeObject= 0xb400006dbfa7e950 caller= android.view.ViewRootImpl.updateBlastSurfaceIfNeeded:3603 android.view.ViewRootImpl.relayoutWindow:11813 android.view.ViewRootImpl.performTraversals:4840 android.view.ViewRootImpl.doTraversal:3959 android.view.ViewRootImpl$TraversalRunnable.run:13034 android.view.Choreographer$CallbackRecord.run:1961 android.view.Choreographer$CallbackRecord.run:1970 android.view.Choreographer.doCallbacks:1423 android.view.Choreographer.doFrame:1348 android.view.Choreographer$FrameDisplayEventReceiver.run:1930 
07-23 23:15:41.859 I/BLASTBufferQueue_Java(10055): update, w= 1296 h= 851 mName = VRI[SharedCameraCaptureActivity]@3dac1 mNativeObject= 0xb400006dbfa7e950 sc.mNativeObject= 0xb400006e9fa74e90 format= -3 caller= android.view.ViewRootImpl.updateBlastSurfaceIfNeeded:3608 android.view.ViewRootImpl.relayoutWindow:11813 android.view.ViewRootImpl.performTraversals:4840 android.view.ViewRootImpl.doTraversal:3959 android.view.ViewRootImpl$TraversalRunnable.run:13034 android.view.Choreographer$CallbackRecord.run:1961 
07-23 23:15:41.859 I/VRI[SharedCameraCaptureActivity]@3dac1(10055): Relayout returned: old=(0,97,1080,2205) new=(27,860,1053,1441) relayoutAsync=false req=(1026,581)0 dur=1 res=0x3 s={true 0xb400006d1fae3bb0} ch=true seqId=0
07-23 23:15:41.860 I/VRI[SharedCameraCaptureActivity]@3dac1(10055): performConfigurationChange setNightDimText nightDimLevel=0
07-23 23:15:41.860 D/VRI[SharedCameraCaptureActivity]@3dac1(10055): mThreadedRenderer.initialize() mSurface={isValid=true 0xb400006d1fae3bb0} hwInitialized=true
07-23 23:15:41.860 D/InputDispatcher( 2724): Focus entered window (0): 43027d5 com.spherify.app/com.spherify.app.SharedCameraCaptureActivity
07-23 23:15:41.861 D/VRI[SharedCameraCaptureActivity]@3dac1(10055): reportNextDraw android.view.ViewRootImpl.performTraversals:5507 android.view.ViewRootImpl.doTraversal:3959 android.view.ViewRootImpl$TraversalRunnable.run:13034 android.view.Choreographer$CallbackRecord.run:1961 android.view.Choreographer$CallbackRecord.run:1970 
07-23 23:15:41.861 D/VRI[SharedCameraCaptureActivity]@3dac1(10055): Setup new sync=wmsSync-VRI[SharedCameraCaptureActivity]@3dac1#6
07-23 23:15:41.861 I/VRI[SharedCameraCaptureActivity]@3dac1(10055): Creating new active sync group VRI[SharedCameraCaptureActivity]@3dac1#7
07-23 23:15:41.861 D/VRI[SharedCameraCaptureActivity]@3dac1(10055): registerCallbacksForSync syncBuffer=false
07-23 23:15:41.862 D/VRI[SharedCameraCaptureActivity]@3dac1(10055): Received frameDrawingCallback syncResult=0 frameNum=1.
07-23 23:15:41.862 I/VRI[SharedCameraCaptureActivity]@3dac1(10055): mWNT: t=0xb400006e3fabcea0 mBlastBufferQueue=0xb400006dbfa7e950 fn= 1 HdrRenderState mRenderHdrSdrRatio=1.0 caller= android.view.ViewRootImpl$12.onFrameDraw:15561 android.view.ThreadedRenderer$1.onFrameDraw:751 <bottom of call stack> 
07-23 23:15:41.862 I/VRI[SharedCameraCaptureActivity]@3dac1(10055): Setting up sync and frameCommitCallback
07-23 23:15:41.865 I/SurfaceFlinger( 1885): [com.spherify.app/com.spherify.app.SharedCameraCaptureActivity$_10055#150256] attach to parent LayerHierarchy{RequestedLayerState{52adaa4 com.spherify.app/com.spherify.app.SharedCameraCaptureActivity#150252 parentId=150241 z=1} 1 children}
07-23 23:15:41.865 I/BLASTBufferQueue(10055): [VRI[SharedCameraCaptureActivity]@3dac1#4](f:0,a:0,s:0) onFrameAvailable the first frame is available
07-23 23:15:41.866 I/VRI[SharedCameraCaptureActivity]@3dac1(10055): Received frameCommittedCallback lastAttemptedDrawFrameNum=1 didProduceBuffer=true
07-23 23:15:41.866 I/SurfaceFlinger( 1885): [com.spherify.app/com.spherify.app.SharedCameraCaptureActivity$_10055#150256] setTransactionState with the first frame. bufferData(ID: 43185896161289, frameNumber: 1)
07-23 23:15:41.866 D/VRI[SharedCameraCaptureActivity]@3dac1(10055): reportDrawFinished seqId=0
07-23 23:15:41.866 I/SurfaceControl( 2724): apply, lowDebugName=Focus request: 52adaa4 com.spherify.app/com.spherify.app.SharedCameraCaptureActivity, caller=android.view.SurfaceControl$Transaction.apply:3569 android.view.SurfaceControl$Transaction.apply:3519 com.android.server.wm.WindowAnimator.animate:468 com.android.server.wm.WindowAnimator$$ExternalSyntheticLambda1.doFrame:14 android.view.Choreographer$CallbackRecord.run:1959 android.view.Choreographer$CallbackRecord.run:1970 
07-23 23:15:41.867 D/WindowManager( 2724): finishDrawingWindow: Window{52adaa4 u0 com.spherify.app/com.spherify.app.SharedCameraCaptureActivity} mDrawState=DRAW_PENDING seqId=0
07-23 23:15:41.869 I/InsetsSourceConsumer(10055): applyRequestedVisibilityToControl: visible=true, type=navigationBars, host=com.spherify.app/com.spherify.app.SharedCameraCaptureActivity
07-23 23:15:41.869 I/InsetsSourceConsumer(10055): applyRequestedVisibilityToControl: visible=true, type=statusBars, host=com.spherify.app/com.spherify.app.SharedCameraCaptureActivity
07-23 23:15:41.869 I/WindowManager( 2724): Reparenting to leash, surface=Surface(name=52adaa4 com.spherify.app/com.spherify.app.SharedCameraCaptureActivity#150252)/@0xef11088, leashParent=Surface(name=ActivityRecord{236409941 u0 com.spherify.app/.SharedCameraCaptureActivity t18380}#150241)/@0x112746b
07-23 23:15:41.869 I/SurfaceFlinger( 1885): id=150257 createSurf, flag=24004, Surface(name=52adaa4 com.spherify.app/com.spherify.app.SharedCameraCaptureActivity#150252)/@0xef11088 - animation-leash of window_animation#150257
07-23 23:15:41.869 D/VRI[SharedCameraCaptureActivity]@965a616(10055): mThreadedRenderer.initializeIfNeeded()#2 mSurface={isValid=true 0xb400006d1fab7790}
07-23 23:15:41.869 D/WindowManager( 2724): makeSurface duration=0 leash=Surface(name=Surface(name=52adaa4 com.spherify.app/com.spherify.app.SharedCameraCaptureActivity#150252)/@0xef11088 - animation-leash of window_animation#150257)/@0xddaa21
07-23 23:15:41.870 V/WindowManager( 2724): performShowLocked: mDrawState=HAS_DRAWN in Window{52adaa4 u0 com.spherify.app/com.spherify.app.SharedCameraCaptureActivity}
07-23 23:15:41.870 I/ImeTracker( 2724): com.spherify.app:19c4f8a8: onRequestHide at ORIGIN_SERVER reason HIDE_UNSPECIFIED_WINDOW fromUser false
07-23 23:15:41.871 I/ImeTracker(10055): com.spherify.app:19c4f8a8: onCancelled at PHASE_CLIENT_ALREADY_HIDDEN
07-23 23:15:41.872 D/InsetsSourceProvider( 2724): updateControlForTarget: control=InsetsSourceControl: {3 mType=ime mSurfacePosition=Point(0, 97) mInsetsHint=Insets{left=0, top=0, right=0, bottom=1008}}, target=Window{43027d5 u0 com.spherify.app/com.spherify.app.SharedCameraCaptureActivity}, from=com.android.server.wm.ImeInsetsSourceProvider.updateControlForTarget:23 com.android.server.wm.InsetsStateController.onControlTargetChanged:82 com.android.server.wm.DisplayContent.updateImeControlTarget:48 com.android.server.wm.DisplayContent.updateImeInputAndControlTarget:273 com.android.server.wm.WindowManagerService$LocalService.updateImeTargetWindow:81 
07-23 23:15:41.873 E/SurfaceFlinger( 1885): alpha changed 0.000 -> 0.010 - DimTransitionLayer for Surface(name=ActivityRecord{75023820 u0 com.spherify.app/.MainActivity t18380}#150221)/@0x7c43891#150251
07-23 23:15:41.873 I/SurfaceFlinger( 1885): [Surface(name=52adaa4 com.spherify.app/com.spherify.app.SharedCameraCaptureActivity#150252)/@0xef11088 - animation-leash of window_animation#150257] attach to parent LayerHierarchy{RequestedLayerState{ActivityRecord{236409941 u0 com.spherify.app/.SharedCameraCaptureActivity t18380}#150241 parentId=150250 z=5} 4 children}
07-23 23:15:41.877 D/SurfaceFlinger( 1885):        CLIENT |           43185896161284 | 00000502 | RGBx_8888    |   15.0    0.0 1080.0 1625.0 |    0  254 1065 1879 | da9d5c0 SurfaceView[com.spherify.app[...]fy.app.MainActivity]@0(BLAST)#150237 (54)
07-23 23:15:41.877 D/SurfaceFlinger( 1885):        CLIENT |           43185896161285 | 00002100 | RGBA_8888    |   15.0    0.0 1080.0 2340.0 |    0    0 1080 2340 | com.spherify.app/com.spherify.app.MainActivity$_10055#150232 (47)
07-23 23:15:41.877 D/SurfaceFlinger( 1885):        DEVICE |           43185896161288 | 00000502 | RGBx_8888    |    0.0    0.0   49.0 2106.0 | 1031   75 1080 2181 | 79267de SurfaceView[com.spherify.app[...]meraCaptureActivity]@0(BLAST)#150248 (2)
07-23 23:15:41.877 D/SurfaceFlinger( 1885):        DEVICE |           43185896161293 | 00002100 | RGBA_8888    |    0.0    0.0   49.0 2340.0 | 1031    0 1080 2340 | com.spherify.app/com.spherify.app.SharedCameraCaptureActivity$_10
07-23 23:15:41.877 D/SurfaceFlinger( 1885): [input] setFocusedWindow: 52adaa4 com.spherify.app/com.spherify.app.SharedCameraCaptureActivity
07-23 23:15:41.877 D/InputDispatcher( 2724): Once focus requested (0): 52adaa4 com.spherify.app/com.spherify.app.SharedCameraCaptureActivity
07-23 23:15:41.877 D/InputDispatcher( 2724): Focus request (0): 52adaa4 com.spherify.app/com.spherify.app.SharedCameraCaptureActivity but waiting because NO_WINDOW
07-23 23:15:41.877 D/InputDispatcher( 2724): Focus left window (0): 43027d5 com.spherify.app/com.spherify.app.SharedCameraCaptureActivity
07-23 23:15:41.882 E/SurfaceFlinger( 1885): alpha changed 1.000 -> 0.000 - Surface(name=52adaa4 com.spherify.app/com.spherify.app.SharedCameraCaptureActivity#150252)/@0xef11088 - animation-leash of window_animation#150257
07-23 23:15:41.882 I/SurfaceFlinger( 1885): RequestedLayer [Surface(name=52adaa4 com.spherify.ap[...]ion-leash of window_animation#150257] hidden!! flag  from(1) --> to(0)
07-23 23:15:41.882 E/SurfaceFlinger( 1885): alpha changed 0.000 -> 0.000 - Surface(name=52adaa4 com.spherify.app/com.spherify.app.SharedCameraCaptureActivity#150252)/@0xef11088 - animation-leash of window_animation#150257
07-23 23:15:41.882 I/SurfaceFlinger( 1885): RequestedLayer [com.spherify.app/com.spherify.app.SharedCameraCaptureActivity$_10055#150256] hidden!! flag  from(1) --> to(0)
07-23 23:15:41.882 I/SurfaceFlinger( 1885): [LayerHierarchy{RequestedLayerState{ImeContainer#15 parentId=150241 relativeParentId=150242 z=1} 2 children}] reparent to LayerHierarchy{RequestedLayerState{ActivityRecord{236409941 u0 com.spherify.app/.SharedCameraCaptureActivity t18380}#150241 parentId=150250 z=5} 5 children}
07-23 23:15:41.882 I/SurfaceFlinger( 1885): [LayerHierarchy{RequestedLayerState{ImeContainer#15 parentId=150241 relativeParentId=150242 z=1} 2 children}] RelativeParent to LayerHierarchy{RequestedLayerState{43027d5 com.spherify.app/com.spherify.app.SharedCameraCaptureActivity#150242 parentId=150241} 2 children}
07-23 23:15:41.882 I/SurfaceFlinger( 1885): [LayerHierarchy{RequestedLayerState{52adaa4 com.spherify.app/com.spherify.app.SharedCameraCaptureActivity#150252 parentId=150257 z=1} 1 children}] reparent to LayerHierarchy{RequestedLayerState{Surface(name=52adaa4 com.spherify.app/com.spherify.app.SharedCameraCaptureActivity#150252)/@0xef11088 - animation-leash of window_animation#150257 parentId=150241 z=1} 1 children}
07-23 23:15:41.888 I/HBD     ( 7653): c [AiWriter] setContact : com.spherify.app
07-23 23:15:41.890 E/SurfaceFlinger( 1885): alpha changed 0.000 -> 0.014 - Surface(name=52adaa4 com.spherify.app/com.spherify.app.SharedCameraCaptureActivity#150252)/@0xef11088 - animation-leash of window_animation#150257
07-23 23:15:41.893 D/SurfaceFlinger( 1885):        CLIENT |           43185896161284 | 00000502 | RGBx_8888    |   52.0    0.0 1080.0 1625.0 |    0  254 1028 1879 | da9d5c0 SurfaceView[com.spherify.app[...]fy.app.MainActivity]@0(BLAST)#150237 (54)
07-23 23:15:41.893 D/SurfaceFlinger( 1885):        CLIENT |           43185896161285 | 00002100 | RGBA_8888    |   52.0    0.0 1080.0 2340.0 |    0    0 1080 2340 | com.spherify.app/com.spherify.app.MainActivity$_10055#150232 (47)
07-23 23:15:41.893 D/SurfaceFlinger( 1885):        DEVICE |           43185896161288 | 00000502 | RGBx_8888    |    0.0    0.0  168.0 2106.0 |  912   75 1080 2181 | 79267de SurfaceView[com.spherify.app[...]meraCaptureActivity]@0(BLAST)#150248 (2)
07-23 23:15:41.893 D/SurfaceFlinger( 1885):        DEVICE |           43185896161286 | 00002100 | RGBA_8888    |    0.0    0.0  168.0 2340.0 |  912    0 1080 2340 | com.spherify.app/com.spherify.app.SharedCameraCaptureActivity$_10
07-23 23:15:41.893 D/SurfaceFlinger( 1885):        DEVICE |           43185896161289 | 00002100 | RGBA_8888    |    0.0    0.0  276.0  851.0 |  804  780 1080 1631 | com.spherify.app/com.spherify.app.SharedCameraCaptureActivity$_10055#150256 (1)
07-23 23:15:41.893 D/InputDispatcher( 2724): Focus entered window (0): 52adaa4 com.spherify.app/com.spherify.app.SharedCameraCaptureActivity
07-23 23:15:41.894 D/VRI[SharedCameraCaptureActivity]@3dac1(10055): mThreadedRenderer.initializeIfNeeded()#2 mSurface={isValid=true 0xb400006d1fae3bb0}
07-23 23:15:41.901 D/SurfaceFlinger( 1885):        CLIENT |           43185896161284 | 00000502 | RGBx_8888    |   75.0    0.0 1080.0 1625.0 |    0  254 1005 1879 | da9d5c0 SurfaceView[com.spherify.app[...]fy.app.MainActivity]@0(BLAST)#150237 (54)
07-23 23:15:41.901 D/SurfaceFlinger( 1885):        CLIENT |           43185896161285 | 00002100 | RGBA_8888    |   75.0    0.0 1080.0 2340.0 |    0    0 1080 2340 | com.spherify.app/com.spherify.app.MainActivity$_10055#150232 (47)
07-23 23:15:41.901 D/SurfaceFlinger( 1885):        DEVICE |           43185896161288 | 00000502 | RGBx_8888    |    0.0    0.0  238.0 2106.0 |  842   75 1080 2181 | 79267de SurfaceView[com.spherify.app[...]meraCaptureActivity]@0(BLAST)#150248 (2)
07-23 23:15:41.901 D/SurfaceFlinger( 1885):        DEVICE |           43185896161286 | 00002100 | RGBA_8888    |    0.0    0.0  238.0 2340.0 |  842    0 1080 2340 | com.spherify.app/com.spherify.app.SharedCameraCaptureActivity$_10
07-23 23:15:41.901 D/SurfaceFlinger( 1885):        DEVICE |           43185896161289 | 00002100 | RGBA_8888    |    0.0    0.0  346.0  851.0 |  734  777 1080 1628 | com.spherify.app/com.spherify.app.SharedCameraCaptureActivity$_10055#150256 (1)
07-23 23:15:41.902 D/WindowManager( 2724): updateSystemBarAttributes: displayId=0, focusedCanBeNavColorWin=false, win=Window{52adaa4 u0 com.spherify.app/com.spherify.app.SharedCameraCaptureActivity}, navColorWin=Window{52adaa4 u0 com.spherify.app/com.spherify.app.SharedCameraCaptureActivity}, caller=com.android.server.wm.DisplayPolicy.finishPostLayoutPolicyLw:17 com.android.server.wm.RootWindowContainer.applySurfaceChangesTransaction$1:188 com.android.server.wm.RootWindowContainer.performSurfacePlacement:59 
07-23 23:15:41.903 D/NavigationBar( 4213): onSystemBarAttributesChanged() -  displayId:0, appearance:8, packageName: com.spherify.app (APPEARANCE_LIGHT_STATUS_BARS ), navbarColorManagedByIme:false
07-23 23:15:41.903 D/SamsungLightBarControlHelper( 4213): updateNavigationBar (WHITE button) isLightOpaque:false, hasLightNavigationBarFlag:false, packageName:com.spherify.app, DirectReplying:false, NavBarColorMangedByIme:false, ForceDarkForScrim:false, ForceLightForScrim:false, QsCustomizing:false, QsExpanded:false
07-23 23:15:42.099 I/WindowManager( 2724): Reparenting to original parent: Surface(name=ActivityRecord{236409941 u0 com.spherify.app/.SharedCameraCaptureActivity t18380}#150241)/@0x112746b, destroy=true, surface=Surface(name=52adaa4 com.spherify.app/com.spherify.app.SharedCameraCaptureActivity#150252)/@0xef11088
07-23 23:15:42.115 I/SurfaceFlinger( 1885): [LayerHierarchy{RequestedLayerState{Surface(name=52adaa4 com.spherify.app/com.spherify.app.SharedCameraCaptureActivity#150252)/@0xef11088 - animation-leash of window_animation#150257 z=1} 1 children}] reparent to OffscreenRoot
07-23 23:15:42.115 I/SurfaceFlinger( 1885): [LayerHierarchy{RequestedLayerState{Surface(name=52adaa4 com.spherify.app/com.spherify.app.SharedCameraCaptureActivity#150252)/@0xef11088 - animation-leash of window_animation#150257 z=1} 1 children}] RelativeParent to null
07-23 23:15:42.115 I/SurfaceFlinger( 1885): [LayerHierarchy{RequestedLayerState{52adaa4 com.spherify.app/com.spherify.app.SharedCameraCaptureActivity#150252 parentId=150241 z=1} 2 children}] reparent to LayerHierarchy{RequestedLayerState{ActivityRecord{236409941 u0 com.spherify.app/.SharedCameraCaptureActivity t18380}#150241 parentId=150250 z=5} 4 children}
07-23 23:15:42.115 I/SurfaceFlinger( 1885): id=150257 Removed Surface(name=52adaa4 com.spherify.app/com.spherify.app.SharedCameraCaptureActivity#150252)/@0xef11088 - animation-leash of window_animation#150257 (208)
07-23 23:15:42.123 I/SurfaceFlinger( 1885): destroyed Surface(name=52adaa4 com.spherify.app/com.spherify.app.SharedCameraCaptureActivity#150252)/@0xef11088 - animation-leash of window_animation#150257 form LifecycleManager
07-23 23:15:42.123 I/SurfaceFlinger( 1885): id=150257 onLayerDestroyed from LayerHierarchyBuilder(RequestedLayerState{Surface(name=52adaa4 com.spherify.app/com.spherify.app.SharedCameraCaptureActivity#150252)/@0xef11088 - animation-leash of window_animation#150257 !handle z=1})
07-23 23:15:42.123 I/SurfaceFlinger( 1885): id=150257 Destroyed Surface(name=52adaa4 com.spherify.app/com.spherify.app.SharedCameraCaptureActivity#150252)/@0xef11088 - animation-leash of window_animation#150257
07-23 23:15:42.311 D/SurfaceFlinger( 1885):        CLIENT |           43185896161285 | 00002100 | RGBA_8888    |  337.0    0.0 1080.0 2340.0 |    0    0 1080 2340 | com.spherify.app/com.spherify.app.MainActivity$_10055#150232 (47)
07-23 23:15:42.311 D/SurfaceFlinger( 1885):        DEVICE |           43185896161288 | 00000502 | RGBx_8888    |    0.0    0.0 1080.0 2106.0 |    0   75 1080 2181 | 79267de SurfaceView[com.spherify.app[...]meraCaptureActivity]@0(BLAST)#150248 (2)
07-23 23:15:42.311 D/SurfaceFlinger( 1885):        DEVICE |           43185896161286 | 00002100 | RGBA_8888    |    0.0    0.0 1080.0 2340.0 |    0    0 1080 2340 | com.spherify.app/com.spherify.app.SharedCameraCaptureActivity$_10055#150243 (4)
07-23 23:15:42.311 D/SurfaceFlinger( 1885): 5896161292 | 00002100 | RGBA_8888    |  108.0    0.0 1188.0  851.0 |    0  725 1080 1576 | com.spherify.app/com.spherify.app.SharedCameraCaptureActivity$_10055#150256 (2)
07-23 23:15:42.328 V/WindowManager( 2724):    ChangeInfo{3bc8ee5 container=ActivityRecord{75023820 u0 com.spherify.app/.MainActivity t18380} flags=0x0}
07-23 23:15:42.328 V/WindowManager( 2724):    ChangeInfo{21297a4 container=Task{b789015 #18380 type=standard A=10601:com.spherify.app} flags=0x0}
07-23 23:15:42.328 V/WindowManager( 2724):    ChangeInfo{8f6b90d container=ActivityRecord{236409941 u0 com.spherify.app/.SharedCameraCaptureActivity t18380} flags=0x0}
07-23 23:15:42.329 V/WindowManager( 2724): Setting visibility of Window{397fbf3 u0 com.spherify.app/com.spherify.app.MainActivity}: false, caller=com.android.server.wm.WindowContainer.sendAppVisibilityToClients:19 com.android.server.wm.WindowToken.setClientVisible:91 com.android.server.wm.ActivityRecord.commitVisibility:186 com.android.server.wm.TransitionController.finishTransition:989 com.android.server.wm.WindowOrganizerController.finishTransitionInner:34 
07-23 23:15:42.329 D/PersonaActivityHelper( 2724): token.toString()  Token{379ef2a ActivityRecord{75023820 u0 com.spherify.app/.MainActivity t18380}}
07-23 23:15:42.329 D/PersonaActivityHelper( 2724): token.toString()  Token{bf2cf5b ActivityRecord{236409941 u0 com.spherify.app/.SharedCameraCaptureActivity t18380}}
07-23 23:15:42.330 D/ChangeTransitionController( 2724):    ChangeInfo{3bc8ee5 container=ActivityRecord{75023820 u0 com.spherify.app/.MainActivity t18380} flags=0x0}
07-23 23:15:42.330 D/ChangeTransitionController( 2724):    ChangeInfo{21297a4 container=Task{b789015 #18380 type=standard A=10601:com.spherify.app} flags=0x0}
07-23 23:15:42.330 D/ChangeTransitionController( 2724):    ChangeInfo{8f6b90d container=ActivityRecord{236409941 u0 com.spherify.app/.SharedCameraCaptureActivity t18380} flags=0x0}
07-23 23:15:42.331 I/SurfaceFlinger( 1885): RequestedLayer [ActivityRecord{75023820 u0 com.spherify.app/.MainActivity t18380}#150221] hidden!! flag  from(0) --> to(1)
07-23 23:15:42.331 I/SurfaceFlinger( 1885): [LayerHierarchy{RequestedLayerState{ActivityRecord{75023820 u0 com.spherify.app/.MainActivity t18380}#150221 parentId=150220} 3 children}] reparent to LayerHierarchy{RequestedLayerState{Task=18380#150220 parentId=10 z=3} 3 children}
07-23 23:15:42.331 I/SurfaceFlinger( 1885): [LayerHierarchy{RequestedLayerState{ActivityRecord{236409941 u0 com.spherify.app/.SharedCameraCaptureActivity t18380}#150241 parentId=150220 z=1} 4 children}] reparent to LayerHierarchy{RequestedLayerState{Task=18380#150220 parentId=10 z=3} 4 children}
07-23 23:15:42.331 I/SurfaceFlinger( 1885): [LayerHierarchy{RequestedLayerState{Transition Root: ActivityRecord{236409941 u0 com.spherify.app/.SharedCameraCaptureActivity t18380}#150250 z=1} no children}] reparent to OffscreenRoot
07-23 23:15:42.331 I/SurfaceFlinger( 1885): [LayerHierarchy{RequestedLayerState{Transition Root: ActivityRecord{236409941 u0 com.spherify.app/.SharedCameraCaptureActivity t18380}#150250 z=1} no children}] RelativeParent to null
07-23 23:15:42.331 I/SurfaceFlinger( 1885): [LayerHierarchy{RequestedLayerState{DimTransitionLayer for Surface(name=ActivityRecord{75023820 u0 com.spherify.app/.MainActivity t18380}#150221)/@0x7c43891#150251 z=1} no children}] reparent to OffscreenRoot
07-23 23:15:42.331 I/SurfaceFlinger( 1885): [LayerHierarchy{RequestedLayerState{DimTransitionLayer for Surface(name=ActivityRecord{75023820 u0 com.spherify.app/.MainActivity t18380}#150221)/@0x7c43891#150251 z=1} no children}] RelativeParent to null
07-23 23:15:42.331 I/SV[229234112 MainActivity](10055): onWindowVisibilityChanged(8) false com.spherify.app.GLProjectionView{da9d5c0 VFE...... ........ 0,254-1080,1879} of VRI[MainActivity]@ec013b1
07-23 23:15:42.332 I/SV[229234112 MainActivity](10055): surfaceDestroyed callback.size 1 #2 com.spherify.app.GLProjectionView{da9d5c0 VFE...... ........ 0,254-1080,1879}
07-23 23:15:42.332 I/SurfaceFlinger( 1885): id=150251 Removed DimTransitionLayer for Surface(name=ActivityRecord{75023820 u0 com.spherify.app/.MainActivity t18380}#150221)/@0x7c43891#150251 (207)
07-23 23:15:42.332 I/SurfaceFlinger( 1885): id=150250 Removed Transition Root: ActivityRecord{236409941 u0 com.spherify.app/.SharedCameraCaptureActivity t18380}#150250 (207)
07-23 23:15:42.334 D/SurfaceFlinger( 1885):        DEVICE |           43185896161288 | 00000502 | RGBx_8888    |    0.0    0.0 1080.0 2106.0 |    0   75 1080 2181 | 79267de SurfaceView[com.spherify.app[...]meraCaptureActivity]@0(BLAST)#150248 (2)
07-23 23:15:42.334 D/SurfaceFlinger( 1885):        DEVICE |           43185896161286 | 00002100 | RGBA_8888    |    0.0    0.0 1080.0 2340.0 |    0    0 1080 2340 | com.spherify.app/com.spherify.app.SharedCameraCaptureActivity$_10055#150243 (4)
07-23 23:15:42.334 D/SurfaceFlinger( 1885):        DEVICE |           43185896161292 | 00002100 | RGBA_8888    |  108.0    0.0 1188.0  851.0 |    0  725 1080 1576 | com.spherify.app/com.spherify.app.SharedCameraCaptureActivity$_10055#150256 (2)
07-23 23:15:42.335 I/WindowManager( 2724): Relayout Window{397fbf3 u0 com.spherify.app/com.spherify.app.MainActivity}: viewVisibility=8 req=1080x2340 ty=1 d0
07-23 23:15:42.337 I/SV[229234112 MainActivity](10055): windowStopped(true) false com.spherify.app.GLProjectionView{da9d5c0 VFE...... ........ 0,254-1080,1879} of VRI[MainActivity]@ec013b1
07-23 23:15:42.338 D/VRI[MainActivity]@ec013b1(10055): WindowStopped on com.spherify.app/com.spherify.app.MainActivity set to true
07-23 23:15:42.339 I/SurfaceFlinger( 1885): RequestedLayer [com.spherify.app/com.spherify.app.MainActivity$_10055#150232] hidden!! flag  from(0) --> to(1)
07-23 23:15:42.340 I/SurfaceFlinger( 1885): destroyed Transition Root: ActivityRecord{236409941 u0 com.spherify.app/.SharedCameraCaptureActivity t18380}#150250 form LifecycleManager
07-23 23:15:42.340 I/SurfaceFlinger( 1885): destroyed DimTransitionLayer for Surface(name=ActivityRecord{75023820 u0 com.spherify.app/.MainActivity t18380}#150221)/@0x7c43891#150251 form LifecycleManager
07-23 23:15:42.340 I/SurfaceFlinger( 1885): [LayerHierarchy{RequestedLayerState{Background for da9d5c0 SurfaceView[com.spherify.app/com.spherify.app.MainActivity]@0#150238 z=-2147483648} no children}] reparent to OffscreenRoot
07-23 23:15:42.340 I/SurfaceFlinger( 1885): [LayerHierarchy{RequestedLayerState{Background for da9d5c0 SurfaceView[com.spherify.app/com.spherify.app.MainActivity]@0#150238 z=-2147483648} no children}] RelativeParent to null
07-23 23:15:42.340 I/SurfaceFlinger( 1885): [LayerHierarchy{RequestedLayerState{da9d5c0 SurfaceView[com.spherify.app/com.spherify.app.MainActivity]@0#150236 z=-2} 1 children}] reparent to OffscreenRoot
07-23 23:15:42.340 I/SurfaceFlinger( 1885): [LayerHierarchy{RequestedLayerState{da9d5c0 SurfaceView[com.spherify.app/com.spherify.app.MainActivity]@0#150236 z=-2} 1 children}] RelativeParent to null
07-23 23:15:42.340 I/SurfaceFlinger( 1885): [LayerHierarchy{RequestedLayerState{Bounds for - com.spherify.app/com.spherify.app.MainActivity@0#150235} no children}] reparent to OffscreenRoot
07-23 23:15:42.340 I/SurfaceFlinger( 1885): [LayerHierarchy{RequestedLayerState{Bounds for - com.spherify.app/com.spherify.app.MainActivity@0#150235} no children}] RelativeParent to null
07-23 23:15:42.340 I/SurfaceFlinger( 1885): [LayerHierarchy{RequestedLayerState{da9d5c0 SurfaceView[com.spherify.app/com.spherify.app.MainActivity]@0(BLAST)#150237} no children}] reparent to OffscreenRoot
07-23 23:15:42.340 I/SurfaceFlinger( 1885): [LayerHierarchy{RequestedLayerState{da9d5c0 SurfaceView[com.spherify.app/com.spherify.app.MainActivity]@0(BLAST)#150237} no children}] RelativeParent to null
07-23 23:15:42.340 I/SurfaceFlinger( 1885): id=150250 onLayerDestroyed from LayerHierarchyBuilder(RequestedLayerState{Transition Root: ActivityRecord{236409941 u0 com.spherify.app/.SharedCameraCaptureActivity t18380}#150250 !handle z=1})
07-23 23:15:42.340 I/SurfaceFlinger( 1885): id=150251 onLayerDestroyed from LayerHierarchyBuilder(RequestedLayerState{DimTransitionLayer for Surface(name=ActivityRecord{75023820 u0 com.spherify.app/.MainActivity t18380}#150221)/@0x7c43891#150251 !handle z=1})
07-23 23:15:42.340 E/WindowManager( 2724): win=Window{397fbf3 u0 com.spherify.app/com.spherify.app.MainActivity} destroySurfaces: appStopped=true cleanupOnResume=false win.mWindowRemovalAllowed=false win.mRemoveOnExit=false win.mViewVisibility=8 caller=com.android.server.wm.ActivityRecord.destroySurfaces:24 com.android.server.wm.ActivityRecord.activityStopped:209 com.android.server.wm.ActivityClientController.activityStopped:102 android.app.IActivityClientController$Stub.onTransact:829 com.android.server.wm.ActivityClientController.onTransact:1 android.os.Binder.execTransactInternal:1514 android.os.Binder.execTransact:1454 
07-23 23:15:42.340 I/SurfaceFlinger( 1885): id=150250 Destroyed Transition Root: ActivityRecord{236409941 u0 com.spherify.app/.SharedCameraCaptureActivity t18380}#150250
07-23 23:15:42.340 I/SurfaceFlinger( 1885): id=150251 Destroyed DimTransitionLayer for Surface(name=ActivityRecord{75023820 u0 com.spherify.app/.MainActivity t18380}#150221)/@0x7c43891#150251
07-23 23:15:42.340 I/SurfaceFlinger( 1885): id=150237 Removed da9d5c0 SurfaceView[com.spherify.app/com.spherify.app.MainActivity]@0(BLAST)#150237 (205)
07-23 23:15:42.340 I/SurfaceFlinger( 1885): id=150236 Removed da9d5c0 SurfaceView[com.spherify.app/com.spherify.app.MainActivity]@0#150236 (205)
