07-23 23:15:38.569 I/SurfaceFlinger( 1885): [LayerHierarchy{RequestedLayerState{ImeContainer#15 parentId=150221 relativeParentId=150231 z=1} 2 children}] RelativeParent to LayerHierarchy{RequestedLayerState{397fbf3 com.spherify.app/com.spherify.app.MainActivity#150231 parentId=150221} 2 children}
07-23 23:15:38.569 I/SurfaceFlinger( 1885): [LayerHierarchy{RequestedLayerState{24326a6 Splash Screen com.spherify.app#150223 z=2147483647} 1 children}] reparent to OffscreenRoot
07-23 23:15:38.569 I/SurfaceFlinger( 1885): [LayerHierarchy{RequestedLayerState{24326a6 Splash Screen com.spherify.app#150223 z=2147483647} 1 children}] RelativeParent to null
07-23 23:15:38.569 I/SurfaceFlinger( 1885): [LayerHierarchy{RequestedLayerState{Splash Screen com.spherify.app$_4213#150227} no children}] reparent to OffscreenRoot
07-23 23:15:38.570 I/SurfaceFlinger( 1885): [LayerHierarchy{RequestedLayerState{Splash Screen com.spherify.app$_4213#150227} no children}] RelativeParent to null
07-23 23:15:38.570 I/SurfaceFlinger( 1885): [LayerHierarchy{RequestedLayerState{397fbf3 com.spherify.app/com.spherify.app.MainActivity#150231 parentId=150221} 2 children}] reparent to LayerHierarchy{RequestedLayerState{ActivityRecord{75023820 u0 com.spherify.app/.MainActivity t18380}#150221 parentId=150220} 4 children}
07-23 23:15:38.570 I/SurfaceFlinger( 1885): [LayerHierarchy{RequestedLayerState{Surface(name=397fbf3 com.spherify.app/com.spherify.app.MainActivity#150231)/@0x623c941 - animation-leash of starting_reveal#150239} no children}] reparent to OffscreenRoot
07-23 23:15:38.570 I/SurfaceFlinger( 1885): [LayerHierarchy{RequestedLayerState{Surface(name=397fbf3 com.spherify.app/com.spherify.app.MainActivity#150231)/@0x623c941 - animation-leash of starting_reveal#150239} no children}] RelativeParent to null
07-23 23:15:38.570 I/SurfaceFlinger( 1885): id=150227 Removed Splash Screen com.spherify.app$_4213#150227 (197)
07-23 23:15:38.570 I/SurfaceFlinger( 1885): id=150239 Removed Surface(name=397fbf3 com.spherify.app/com.spherify.app.MainActivity#150231)/@0x623c941 - animation-leash of starting_reveal#150239 (197)
07-23 23:15:38.570 I/SurfaceFlinger( 1885): id=150223 Removed 24326a6 Splash Screen com.spherify.app#150223 (197)
07-23 23:15:38.578 I/SurfaceFlinger( 1885): destroyed 24326a6 Splash Screen com.spherify.app#150223 form LifecycleManager
07-23 23:15:38.578 I/SurfaceFlinger( 1885): destroyed Surface(name=397fbf3 com.spherify.app/com.spherify.app.MainActivity#150231)/@0x623c941 - animation-leash of starting_reveal#150239 form LifecycleManager
07-23 23:15:38.578 I/SurfaceFlinger( 1885): destroyed Splash Screen com.spherify.app$_4213#150227 form LifecycleManager
07-23 23:15:38.578 I/SurfaceFlinger( 1885): id=150223 onLayerDestroyed from LayerHierarchyBuilder(RequestedLayerState{24326a6 Splash Screen com.spherify.app#150223 !handle z=2147483647})
07-23 23:15:38.578 I/SurfaceFlinger( 1885): id=150239 onLayerDestroyed from LayerHierarchyBuilder(RequestedLayerState{Surface(name=397fbf3 com.spherify.app/com.spherify.app.MainActivity#150231)/@0x623c941 - animation-leash of starting_reveal#150239 !handle})
07-23 23:15:38.578 I/SurfaceFlinger( 1885): id=150227 onLayerDestroyed from LayerHierarchyBuilder(RequestedLayerState{Splash Screen com.spherify.app$_4213#150227 !handle})
07-23 23:15:38.578 I/SurfaceFlinger( 1885): id=150223 Destroyed 24326a6 Splash Screen com.spherify.app#150223
07-23 23:15:38.578 I/SurfaceFlinger( 1885): id=150239 Destroyed Surface(name=397fbf3 com.spherify.app/com.spherify.app.MainActivity#150231)/@0x623c941 - animation-leash of starting_reveal#150239
07-23 23:15:38.578 I/SurfaceFlinger( 1885): id=150227 Destroyed Splash Screen com.spherify.app$_4213#150227
07-23 23:15:38.596 D/MdnieScenarioControlService( 2724):  packageName : com.spherify.app    className : com.spherify.app.MainActivity
07-23 23:15:38.631 I/om.spherify.app(10055): Compiler allocated 5313KB to compile void android.view.ViewRootImpl.performTraversals()
07-23 23:15:38.996 D/SGM:GameManager( 2724): identifyForegroundApp. com.spherify.app, mCurrentUserId: 0, callerUserId: 0
07-23 23:15:39.340 D/SGM:GameManager( 2724): identifyGamePackage. com.spherify.app, mCurrentUserId: 0, callingMethodInfo: com.samsung.android.game.SemGameManager.isGamePackage(SemGameManager.java:106)
07-23 23:15:39.340 D/SGM:SemGameManager( 2724): isGamePackage(), pkgName=com.spherify.app, ret=false
07-23 23:15:39.989 I/GestureDetector(10055): obtain mCurrentDownEvent. id: 134731885 caller: android.view.ScaleGestureDetector.onTouchEvent:311 com.spherify.app.GLProjectionView.onTouchEvent:431 android.view.View.performOnTouchCallback:17597 
07-23 23:15:39.991 D/SurfaceFlinger( 1885):        DEVICE |           43185896161281 | 00000502 | RGBx_8888    |    0.0    0.0 1080.0 1625.0 |    0  254 1080 1879 | da9d5c0 SurfaceView[com.spherify.app[...]fy.app.MainActivity]@0(BLAST)#150237 (1)
07-23 23:15:39.991 D/SurfaceFlinger( 1885):        DEVICE |           43185896161280 | 00002100 | RGBA_8888    |    0.0    0.0 1080.0 2340.0 |    0    0 1080 2340 | com.spherify.app/com.spherify.app.MainActivity$_10055#150232 (3)
07-23 23:15:39.994 I/SurfaceFlinger( 1885): [com.spherify.app/com.spherify.app.MainActivity$_10055#150232] setFrameRateCategory: HighHint
07-23 23:15:40.652 D/SurfaceFlinger( 1885):        DEVICE |           43185896161284 | 00000502 | RGBx_8888    |    0.0    0.0 1080.0 1625.0 |    0  254 1080 1879 | da9d5c0 SurfaceView[com.spherify.app[...]fy.app.MainActivity]@0(BLAST)#150237 (54)
07-23 23:15:40.652 D/SurfaceFlinger( 1885):        DEVICE |           43185896161280 | 00002100 | RGBA_8888    |    0.0    0.0 1080.0 2340.0 |    0    0 1080 2340 | com.spherify.app/com.spherify.app.MainActivity$_10055#150232 (3)
07-23 23:15:41.222 D/SurfaceFlinger( 1885):        DEVICE |           43185896161284 | 00000502 | RGBx_8888    |    0.0    0.0 1080.0 1625.0 |    0  254 1080 1879 | da9d5c0 SurfaceView[com.spherify.app[...]fy.app.MainActivity]@0(BLAST)#150237 (54)
07-23 23:15:41.222 D/SurfaceFlinger( 1885):        DEVICE |           43185896161280 | 00002100 | RGBA_8888    |    0.0    0.0 1080.0 2340.0 |    0    0 1080 2340 | com.spherify.app/com.spherify.app.MainActivity$_10055#150232 (3)
07-23 23:15:41.297 V/WindowManager( 2724): Collecting in transition 15249: ActivityRecord{236409941 u0 com.spherify.app/.SharedCameraCaptureActivity, caller=com.android.server.wm.TransitionController.collect:7 com.android.server.wm.ActivityStarter.startActivityUnchecked:98 com.android.server.wm.ActivityStarter.executeRequest:3737 com.android.server.wm.ActivityStarter.execute:1751 com.android.server.wm.ActivityTaskManagerService.startActivityAsUser:95 
07-23 23:15:41.297 V/WindowManager( 2724): DesktopModeLaunchParamsModifier: phase= 0 task=null activity=ActivityRecord{236409941 u0 com.spherify.app/.SharedCameraCaptureActivity t-1} display-area-from-source=DefaultTaskDisplayArea_d0@120044484 display-id=0 task-display-area-windowing-mode=1 suggested-display-area=DefaultTaskDisplayArea_d0@120044484 task null, skipping
07-23 23:15:41.297 V/WindowManager( 2724): TaskLaunchParamsModifier:phase=0 task=null activity=ActivityRecord{236409941 u0 com.spherify.app/.SharedCameraCaptureActivity t-1} display-area-from-source=DefaultTaskDisplayArea_d0@120044484 display-id=0 task-display-area-windowing-mode=1 suggested-display-area=DefaultTaskDisplayArea_d0@120044484
07-23 23:15:41.297 V/WindowManager( 2724): DesktopModeLaunchParamsModifier: phase= 3 task=Task{b789015 #18380 type=standard A=10601:com.spherify.app} activity=ActivityRecord{236409941 u0 com.spherify.app/.SharedCameraCaptureActivity t-1} display-area-from-source=DefaultTaskDisplayArea_d0@120044484 display-id=0 task-display-area-windowing-mode=1 suggested-display-area=DefaultTaskDisplayArea_d0@120044484 non-desktop, skipping
07-23 23:15:41.298 V/WindowManager( 2724): TaskLaunchParamsModifier:phase=3 task=Task{b789015 #18380 type=standard A=10601:com.spherify.app} activity=ActivityRecord{236409941 u0 com.spherify.app/.SharedCameraCaptureActivity t-1} display-area-from-source=DefaultTaskDisplayArea_d0@120044484 display-id=0 task-display-area-windowing-mode=1 suggested-display-area=DefaultTaskDisplayArea_d0@120044484 inherit-from-source=fullscreen non-freeform-task-display-area display-area=DefaultTaskDisplayArea_d0@120044484 default-portrait freeform-size-mismatch=Rect(81, 566 - 999, 1736)
07-23 23:15:41.298 V/WindowManager( 2724): DesktopModeLaunchParamsModifier: phase= 3 task=Task{b789015 #18380 type=standard A=10601:com.spherify.app} activity=ActivityRecord{236409941 u0 com.spherify.app/.SharedCameraCaptureActivity t-1} display-area-from-source=DefaultTaskDisplayArea_d0@120044484 display-id=0 task-display-area-windowing-mode=1 suggested-display-area=DefaultTaskDisplayArea_d0@120044484 non-desktop, skipping
07-23 23:15:41.298 V/WindowManager( 2724): TaskLaunchParamsModifier:phase=3 task=Task{b789015 #18380 type=standard A=10601:com.spherify.app} activity=ActivityRecord{236409941 u0 com.spherify.app/.SharedCameraCaptureActivity t-1} display-area-from-source=DefaultTaskDisplayArea_d0@120044484 display-id=0 task-display-area-windowing-mode=1 suggested-display-area=DefaultTaskDisplayArea_d0@120044484 inherit-from-source=fullscreen non-freeform-task-display-area display-area=DefaultTaskDisplayArea_d0@120044484 default-portrait freeform-size-mismatch=Rect(81, 566 - 999, 1736)
07-23 23:15:41.298 V/WindowManager( 2724): DesktopModeLaunchParamsModifier: phase= 3 task=Task{b789015 #18380 type=standard A=10601:com.spherify.app} activity=ActivityRecord{236409941 u0 com.spherify.app/.SharedCameraCaptureActivity t-1} display-area-from-source=DefaultTaskDisplayArea_d0@120044484 display-id=0 task-display-area-windowing-mode=1 suggested-display-area=DefaultTaskDisplayArea_d0@120044484 non-desktop, skipping
07-23 23:15:41.298 V/WindowManager( 2724): TaskLaunchParamsModifier:phase=3 task=Task{b789015 #18380 type=standard A=10601:com.spherify.app} activity=ActivityRecord{236409941 u0 com.spherify.app/.SharedCameraCaptureActivity t-1} display-area-from-source=DefaultTaskDisplayArea_d0@120044484 display-id=0 task-display-area-windowing-mode=1 suggested-display-area=DefaultTaskDisplayArea_d0@120044484 inherit-from-source=fullscreen non-freeform-task-display-area display-area=DefaultTaskDisplayArea_d0@120044484 default-portrait freeform-size-mismatch=Rect(81, 566 - 999, 1736)
07-23 23:15:41.299 I/SurfaceFlinger( 1885): id=150241 createSurf, flag=84004, ActivityRecord{236409941 u0 com.spherify.app/.SharedCameraCaptureActivity t18380}#150241
07-23 23:15:41.300 D/ActivityTaskManager( 2724): scheduleTopResumedActivityChanged, onTop=false, r=ActivityRecord{75023820 u0 com.spherify.app/.MainActivity t18380}, caller=com.android.server.wm.ActivityTaskSupervisor.scheduleTopResumedActivityStateLossIfNeeded:19 com.android.server.wm.ActivityTaskSupervisor.updateTopResumedActivityIfNeeded:44 com.android.server.wm.TaskFragment.setResumedActivity:29 com.android.server.wm.ActivityRecord.setState:91 com.android.server.wm.TaskFragment.startPausing$1:231 com.android.server.wm.TaskFragment.resumeTopActivity:772 
07-23 23:15:41.300 V/WindowManager( 2724): Collecting in transition 15249: ActivityRecord{236409941 u0 com.spherify.app/.SharedCameraCaptureActivity t18380}, caller=com.android.server.wm.Transition.collectExistenceChange:40 com.android.server.wm.ActivityStarter.handleStartResult:754 com.android.server.wm.ActivityStarter.startActivityUnchecked:124 com.android.server.wm.ActivityStarter.executeRequest:3737 com.android.server.wm.ActivityStarter.execute:1751 
07-23 23:15:41.300 V/WindowManager( 2724):    ChangeInfo{21297a4 container=Task{b789015 #18380 type=standard A=10601:com.spherify.app} flags=0x0}
07-23 23:15:41.300 V/WindowManager( 2724):    ChangeInfo{8f6b90d container=ActivityRecord{236409941 u0 com.spherify.app/.SharedCameraCaptureActivity t18380} flags=0x0}
07-23 23:15:41.301 I/ActivityTaskManager( 2724): START u0 {xflg=0x4 cmp=com.spherify.app/.SharedCameraCaptureActivity} with LAUNCH_MULTIPLE from uid 10601 (com.spherify.app) (sr=75023820) (BAL_ALLOW_VISIBLE_WINDOW) result code=0
07-23 23:15:41.303 V/WindowManagerShell( 4213): Transition requested (#15249): android.os.BinderProxy@89e8f2a TransitionRequestInfo { type = OPEN, triggerTask = TaskInfo{userId=0 taskId=18380 effectiveUid=10601 displayId=0 isRunning=true baseIntent=Intent { act=android.intent.action.MAIN cat=[android.intent.category.LAUNCHER] flg=0x10200000 cmp=com.spherify.app/.MainActivity } baseActivity=ComponentInfo{com.spherify.app/com.spherify.app.MainActivity} topActivity=ComponentInfo{com.spherify.app/com.spherify.app.SharedCameraCaptureActivity} origActivity=null realActivity=ComponentInfo{com.spherify.app/com.spherify.app.MainActivity} numActivities=2 lastActiveTime=575826933 supportsMultiWindow=true resizeMode=1 isResizeable=true minWidth=-1 minHeight=-1 maxWidth=-1 maxHeight=-1 defaultMinSize=220 desktopDefaultMinSize=304 token=WCT{android.os.BinderProxy@b95686a} topActivityType=1 pictureInPictureParams=null shouldDockBigOverlays=false launchIntoPipHostTaskId=-1 lastParentTaskIdBeforePip=-1 displayCutoutSafeInsets=Rect(0, 0 - 0, 0) topActivityInfo=ActivityInfo{f9df11b com.spherify.app.SharedCameraCaptureActivity} launchCookies=[android.os.BinderProxy@c16d2d1] positionInParent=Point(0, 0) parentTaskId=-1 isFocused=true isVisible=true isVisibleRequested=true isTopActivityNoDisplay=false isSleeping=false locusId=null displayAreaFeatureId=1 isTopActivityTransparent=false isActivityStackTransparent=false lastNonFullscreenBounds=Rect(81, 566 - 999, 1736) capturedLink=null capturedLinkTimestamp=0 requestedVisibleTypes=503 topActivityRequestOpenInBrowserEducationTimestamp=0 appCompatTaskInfo=AppCompatTaskInfo { topActivityInSizeCompat=false isLeafTask= true eligibleForLetterboxEducation= false isLetterboxEducationEnabled= false isLetterboxDoubleTapEnabled= false eligibleForUserAspectRatioButton= false topActivityBoundsLetterboxed= false isFromLetterboxDoubleTap= false topActivityLetterboxVerticalPosition= -1 topActivityLetterboxHorizontalPosition= -1 topActivityLetterboxWidth=-1 topActivityLetterboxHeight=-1 topActivityAppBounds=Rect(0, 0 - 1080, 2340) isUserFullscreenOverrideEnabled=false isSystemFullscreenOverrideEnabled=false hasMinAspectRatioOverride=false topActivityLetterboxBounds=null cameraCompatTaskInfo=CameraCompatTaskInfo { cameraCompatMode=undefinedundefined} topActivityBounds=null topActivityInDisplayCompat=false showForceRotationButton=false forceRotationButtonState=0aspectRatioToRestore0 singleTapFromLetterbox=false topNonResizableActivityAspectRatio=-1.0} topActivityMainWindowFrame=null originallySupportedMultiWindow=true hasWallpaper=false rootAffinity=10601:com.spherify.app isTopTaskInStage=false CoverLauncherWidgetTask=false LaunchedFromAppsCoverLauncherTask=false LaunchedFromMultistarCoverLauncherTask=false isAllowedSeamlessRotation=false isTopTransparentActivity=true isAliasManaged=false hasConfigChanged=false isAiKeyRemoveAppTask=false lastDesktopWindowingBounds=null lastExternalDesktopWindowingBounds=nullisPackageNightModeActive=true safeCutoutInsets=null isAppBubble=false}, pipChange = null, remoteTransitionInfo = null, displayChange = null, requestedLocation = null, userChange = null, windowingLayerChange = null, flags = 0, debugId = 15249 }
07-23 23:15:41.304 V/WindowManager( 2724): Collecting in transition 15249: ActivityRecord{236409941 u0 com.spherify.app/.SharedCameraCaptureActivity t18380}, caller=com.android.server.wm.TransitionController.collect:7 com.android.server.wm.ActivityRecord.setVisibility:132 com.android.server.wm.TaskFragment.resumeTopActivity:2400 com.android.server.wm.Task.resumeTopActivityInnerLocked:125 com.android.server.wm.Task.resumeTopActivityUncheckedLocked:23 
07-23 23:15:41.304 V/WindowManager( 2724): Collecting in transition 15249: ActivityRecord{75023820 u0 com.spherify.app/.MainActivity t18380}, caller=com.android.server.wm.TransitionController.collect:7 com.android.server.wm.ActivityRecord.setVisibility:132 com.android.server.wm.ActivityRecord.makeInvisible:15 com.android.server.wm.EnsureActivitiesVisibleHelper.process:541 com.android.server.wm.TaskFragment.updateActivityVisibilities:12 
07-23 23:15:41.305 D/WindowManager( 2724): prepareSync <SYNC_STATE_WAITING_FOR_DRAW>, mPrepareSyncSeqId=0, win=Window{397fbf3 u0 com.spherify.app/com.spherify.app.MainActivity}
07-23 23:15:41.305 D/WindowManager( 2724): rotationForOrientation, orientationSource=ActivityRecord{236409941 u0 com.spherify.app/.SharedCameraCaptureActivity t18380}
07-23 23:15:41.305 V/WindowManager( 2724): Collecting in transition 15249: ActivityRecord{236409941 u0 com.spherify.app/.SharedCameraCaptureActivity t18380}, caller=com.android.server.wm.TransitionController.collect:7 com.android.server.wm.ActivityRecord.setVisibility:132 com.android.server.wm.ActivityTaskSupervisor.realStartActivityLocked:203 com.android.server.wm.ActivityTaskSupervisor.startSpecificActivity:27 com.android.server.wm.TaskFragment.resumeTopActivity:2405 
07-23 23:15:41.305 D/SGM:FgCheckThread( 2724): notifyAppCreated(), packageName: com.spherify.app, userId: 0, sendRet: true
07-23 23:15:41.305 D/SGM:FgCheckThread( 2724): onLooperPrepared(), msg: MSG_APP_CREATE, pkgName: com.spherify.app, userId: 0
07-23 23:15:41.305 D/InputDispatcher( 2724): Focused application(0): ActivityRecord{236409941 u0 com.spherify.app/.SharedCameraCaptureActivity t18380}
07-23 23:15:41.305 D/WindowManager( 2724): Changing focus from Window{397fbf3 u0 com.spherify.app/com.spherify.app.MainActivity} to null displayId=0 Callers=com.android.server.wm.ActivityTaskManagerService.setLastResumedActivityUncheckLocked:264 com.android.server.wm.ActivityTaskSupervisor.updateTopResumedActivityIfNeeded:91 com.android.server.wm.TaskFragment.setResumedActivity:29 com.android.server.wm.ActivityRecord.setState:100 
07-23 23:15:41.306 D/WindowManagerServiceExt( 2724): updateTaskbarTargetIfNeeded: cn=ComponentInfo{com.spherify.app/com.spherify.app.SharedCameraCaptureActivity} occludesParent=true isInSplitScreenMode=false
07-23 23:15:41.306 D/ActivityTaskManager( 2724): scheduleTopResumedActivityChanged, onTop=true, r=ActivityRecord{236409941 u0 com.spherify.app/.SharedCameraCaptureActivity t18380}, caller=com.android.server.wm.ActivityTaskSupervisor.scheduleTopResumedActivityStateIfNeeded:18 com.android.server.wm.ActivityTaskSupervisor.handleTopResumedStateReleasedIfNeeded:57 com.android.server.wm.ActivityRecord.activityPaused:94 com.android.server.wm.ActivityClientController.activityPaused:26 android.app.IActivityClientController$Stub.onTransact:812 com.android.server.wm.ActivityClientController.onTransact:1 
07-23 23:15:41.307 D/BLASTSyncEngine( 2724): SyncGroup 15249:  Unfinished container: ActivityRecord{236409941 u0 com.spherify.app/.SharedCameraCaptureActivity t18380} mSyncState=2
07-23 23:15:41.307 D/SGM:FgCheckThread( 2724): notePauseComponent(), received pkgName: com.spherify.app, userId: 0
07-23 23:15:41.307 D/GraphicsStatsService( 2724): requestRenderEngineFor(com.spherify.app)
07-23 23:15:41.307 D/ActivityThread(10055): com.spherify.app will use render engine as VK
07-23 23:15:41.308 I/SurfaceFlinger( 1885): [ActivityRecord{236409941 u0 com.spherify.app/.SharedCameraCaptureActivity t18380}#150241] attach to parent LayerHierarchy{RequestedLayerState{Task=18380#150220 parentId=10 z=3} 2 children}
07-23 23:15:41.315 I/SDHMS:k ( 6852): handleResumeComponent : put = com.spherify.app, userid = 0 instanceid =200462171
07-23 23:15:41.315 D/SGM:FgCheckThread( 2724): noteResumeComponent(), received pkgName: com.spherify.app, userId: 0
07-23 23:15:41.315 D/SGM:FgCheckThread( 2724): onLooperPrepared(), msg: MSG_APP_RESUME, pkgName: com.spherify.app, userid: 0
07-23 23:15:41.315 D/SGM:FgCheckThread( 2724):   handleResume(). pkgName: com.spherify.app, userId: 0, category: non-game
07-23 23:15:41.315 D/SGM:FgCheckThread( 2724): notifyFocusInOut(). of pkg: com.spherify.app, type: 4, isSecGameFamily: false, userId: 0
07-23 23:15:41.317 I/HoneySpace.EdgePanel.EdgePanelContainerViewModel( 4796): cocktailHostRepository.edgePanelOperation NoteResumeComponent(componentName=ComponentInfo{com.spherify.app/com.spherify.app.SharedCameraCaptureActivity})
07-23 23:15:41.317 I/HoneySpace.EdgePanel.ActivityUtils( 4796): HomePackage : com.sec.android.app.launcher, resumePackageName : com.spherify.app, className : com.spherify.app.SharedCameraCaptureActivity
07-23 23:15:41.321 D/InputDispatcher( 2724): Focus left window (0): 397fbf3 com.spherify.app/com.spherify.app.MainActivity
07-23 23:15:41.322 D/BLASTSyncEngine( 2724): SyncGroup 15249:  Unfinished container: ActivityRecord{236409941 u0 com.spherify.app/.SharedCameraCaptureActivity t18380} mSyncState=2
07-23 23:15:41.397 D/WindowManager( 2724): prepareSync <SYNC_STATE_WAITING_FOR_DRAW>, mPrepareSyncSeqId=0, win=Window{43027d5 u0 com.spherify.app/com.spherify.app.SharedCameraCaptureActivity}
07-23 23:15:41.397 I/SurfaceFlinger( 1885): id=150242 createSurf, flag=84004, 43027d5 com.spherify.app/com.spherify.app.SharedCameraCaptureActivity#150242
07-23 23:15:41.398 I/InsetsController(10055): onStateChanged: host=com.spherify.app/com.spherify.app.SharedCameraCaptureActivity, from=android.view.ViewRootImpl.onInsetsStateChanged:3038, state=InsetsState: {mDisplayFrame=Rect(0, 0 - 1080, 2340), mDisplayCutout=DisplayCutout{insets=Rect(0, 96 - 0, 0) waterfall=Insets{left=0, top=0, right=0, bottom=0} boundingRect={Bounds=[Rect(0, 0 - 0, 0), Rect(515, 0 - 566, 96), Rect(0, 0 - 0, 0), Rect(0, 0 - 0, 0)]} cutoutPathParserInfo={CutoutPathParserInfo{displayWidth=1080 displayHeight=2340 physicalDisplayWidth=1080 physicalDisplayHeight=2340 density={2.8125} cutoutSpec={M 0,0 H -9.066666666666667 V 34.13333333333333 H 9.066666666666667 V 0 H 0 Z @dp} rotation={0} scale={1.0} physicalPixelDisplaySizeRatio={1.0}}} sideOverrides={}}, mRoundedCorners=RoundedCorners{[RoundedCorner{position=TopLeft, radius=6, center=Point(6, 6)}, RoundedCorner{position=TopRight, radius=6, center=Point(1074, 6)}, RoundedCorner{position=BottomRight, radius=6, center=Point(1074, 2334)}, RoundedCorner{position=BottomLeft, radius=6, center=Point(6, 2334)}]}  mRoundedCornerFrame=Rect(0, 0 - 1080, 2340), mPrivacyIndicatorBounds=PrivacyIndicatorBounds {static bounds=Rect(956, 0 - 1080, 97) rotation=0}, mDisplayShape=DisplayShape{ spec=1406003047 displayWidth=1080 displayHeight=2340 physicalPixelDisplaySizeRatio=0.75 rotation=0 offsetX=0 offsetY=0 scale=1.0}, mSources= { InsetsSource: {3 mType=ime mFrame=[0,0][0,0] mAttachedInsets=null mVisible=false mFlags=INVALID mSideHint=NONE mBoundingRects=null}, InsetsSource: {27 mType=displayCutout mFrame=[0,0][1080,96] mAttachedInsets=null mVisible=true mFlags= mSideHint=TOP mBoundingRects=null}, InsetsSource: {14360000 mType=statusBars mFrame=[0,0][1080,97] mAttachedInsets=null mVisible=true mFlags= mSideHint=TOP mBoundingRects=null}, InsetsSource: {14360005 mType=mandatorySystemGestures mFrame=[0,0][1080,130] mAttachedInsets=null mVisible=true mFlags= mSideHint=TOP mBoundingRects=null}, InsetsSource: {14360006 mType=tappableElement mFrame=[0,0][1080,97] mAttachedInsets=null mVisible=true mFlags= mSideHint=TOP mBoundingRects=null}, InsetsSource: {1f6d0001 mType=navigationBars mFrame=[0,2205][1080,2340] mAttachedInsets=null mVisible=true mFlags= mSideHint=BOTTOM mBoundingRects=null}, InsetsSource: {1f6d0004 mType=systemGestures mFrame=[0,0][0,0] mAttachedInsets=null mVisible=true mFlags= mSideHint=NONE mBoundingRects=null}, InsetsSource: {1f6d0005 mType=mandatorySystemGestures mFrame=[0,2205][1080,2340] mAttachedInsets=null mVisible=true mFlags= mSideHint=BOTTOM mBoundingRects=null}, InsetsSource: {1f6d0006 mType=tappableElement mFrame=[0,2205][1080,2340] mAttachedInsets=null mVisible=true mFlags= mSideHint=BOTTOM mBoundingRects=null}, InsetsSource: {1f6d0024 mType=systemGestures mFrame=[0,0][0,0] mAttachedInsets=null mVisible=true mFlags= mSideHint=NONE mBoundingRects=null} }
07-23 23:15:41.398 I/VRI[SharedCameraCaptureActivity]@965a616(10055): synced displayState. AttachInfo displayState=2
07-23 23:15:41.399 I/VRI[SharedCameraCaptureActivity]@965a616(10055): setView = com.android.internal.policy.DecorView@e5721f0 IsHRR=false mFlingFrameRateChange=0 TM=true
07-23 23:15:41.399 I/SurfaceFlinger( 1885): [43027d5 com.spherify.app/com.spherify.app.SharedCameraCaptureActivity#150242] attach to parent LayerHierarchy{RequestedLayerState{ActivityRecord{236409941 u0 com.spherify.app/.SharedCameraCaptureActivity t18380}#150241 parentId=150220} 1 children}
07-23 23:15:41.399 I/SV[127035358 SharedCameraCaptureActivity](10055): onWindowVisibilityChanged(0) true android.opengl.GLSurfaceView{79267de V.E...... ......I. 0,0-0,0} of VRI[SharedCameraCaptureActivity]@965a616
07-23 23:15:41.399 D/CoreBackPreview( 2724): Window{43027d5 u0 com.spherify.app/com.spherify.app.SharedCameraCaptureActivity}: Setting back callback OnBackInvokedCallbackInfo{mCallback=android.window.IOnBackInvokedCallback$Stub$Proxy@d51bd78, mPriority=-1, mIsAnimationCallback=false, mOverrideBehavior=0}
07-23 23:15:41.400 D/VRI[SharedCameraCaptureActivity]@965a616(10055): WindowInsets changed: 1080x2340 statusBars:[0,97,0,0] navigationBars:[0,0,0,135] mandatorySystemGestures:[0,130,0,135] 
07-23 23:15:41.400 I/WindowManager( 2724): Relayout Window{43027d5 u0 com.spherify.app/com.spherify.app.SharedCameraCaptureActivity}: viewVisibility=0 req=1080x2340 ty=1 d0
07-23 23:15:41.400 I/SurfaceFlinger( 1885): id=150243 createSurf, flag=44004, com.spherify.app/com.spherify.app.SharedCameraCaptureActivity$_10055#150243
07-23 23:15:41.401 D/WindowManager( 2724): makeSurface duration=0 name=com.spherify.app/com.spherify.app.SharedCameraCaptureActivity$_10055
07-23 23:15:41.402 D/BLASTSyncEngine( 2724): SyncGroup 15249:  Unfinished container: ActivityRecord{236409941 u0 com.spherify.app/.SharedCameraCaptureActivity t18380} mSyncState=2
07-23 23:15:41.402 D/WindowManager( 2724): Changing focus from null to Window{43027d5 u0 com.spherify.app/com.spherify.app.SharedCameraCaptureActivity} displayId=0 Callers=com.android.server.wm.WindowManagerService.relayoutWindow:1350 com.android.server.wm.Session.relayout:30 android.view.IWindowSession$Stub.onTransact:840 com.android.server.wm.Session.onTransact:1 
07-23 23:15:41.402 D/InsetsSourceProvider( 2724): updateControlForTarget: control=InsetsSourceControl: {1f6d0001 mType=navigationBars initiallyVisible mSurfacePosition=Point(0, 2205) mInsetsHint=Insets{left=0, top=0, right=0, bottom=135}}, target=Window{43027d5 u0 com.spherify.app/com.spherify.app.SharedCameraCaptureActivity}, from=com.android.server.wm.InsetsStateController.onControlTargetChanged:82 com.android.server.wm.InsetsPolicy.updateBarControlTarget:216 com.android.server.wm.DisplayPolicy.updateSystemBarAttributes:439 com.android.server.wm.WindowManagerService.updateFocusedWindowLocked:358 com.android.server.wm.WindowManagerService.relayoutWindow:1350 
07-23 23:15:41.403 D/InsetsSourceProvider( 2724): updateControlForTarget: control=InsetsSourceControl: {14360000 mType=statusBars initiallyVisible mSurfacePosition=Point(0, 0) mInsetsHint=Insets{left=0, top=97, right=0, bottom=0}}, target=Window{43027d5 u0 com.spherify.app/com.spherify.app.SharedCameraCaptureActivity}, from=com.android.server.wm.InsetsStateController.onControlTargetChanged:82 com.android.server.wm.InsetsPolicy.updateBarControlTarget:203 com.android.server.wm.DisplayPolicy.updateSystemBarAttributes:439 com.android.server.wm.WindowManagerService.updateFocusedWindowLocked:358 com.android.server.wm.WindowManagerService.relayoutWindow:1350 
07-23 23:15:41.403 V/SystemKeyManager( 2724): updateFocusedWindow() is called, com.spherify.app/com.spherify.app.SharedCameraCaptureActivity
07-23 23:15:41.403 I/SystemKeyManager( 2724): requested systemKeyInfo size=1 focusedWindow=com.spherify.app/com.spherify.app.SharedCameraCaptureActivity
07-23 23:15:41.403 I/SystemKeyManager( 2724): requested systemKeyInfo size=1 focusedWindow=com.spherify.app/com.spherify.app.SharedCameraCaptureActivity
07-23 23:15:41.404 I/BLASTBufferQueue_Java(10055): new BLASTBufferQueue, mName= VRI[SharedCameraCaptureActivity]@965a616 mNativeObject= 0xb400006dbfa758d0 caller= android.view.ViewRootImpl.updateBlastSurfaceIfNeeded:3603 android.view.ViewRootImpl.relayoutWindow:11813 android.view.ViewRootImpl.performTraversals:4840 android.view.ViewRootImpl.doTraversal:3959 android.view.ViewRootImpl$TraversalRunnable.run:13034 android.view.Choreographer$CallbackRecord.run:1961 android.view.Choreographer$CallbackRecord.run:1970 android.view.Choreographer.doCallbacks:1423 android.view.Choreographer.doFrame:1348 android.view.Choreographer$FrameDisplayEventReceiver.run:1930 
07-23 23:15:41.404 I/BLASTBufferQueue_Java(10055): update, w= 1080 h= 2340 mName = VRI[SharedCameraCaptureActivity]@965a616 mNativeObject= 0xb400006dbfa758d0 sc.mNativeObject= 0xb400006e9fa6ded0 format= -3 caller= android.view.ViewRootImpl.updateBlastSurfaceIfNeeded:3608 android.view.ViewRootImpl.relayoutWindow:11813 android.view.ViewRootImpl.performTraversals:4840 android.view.ViewRootImpl.doTraversal:3959 android.view.ViewRootImpl$TraversalRunnable.run:13034 android.view.Choreographer$CallbackRecord.run:1961 
07-23 23:15:41.404 I/VRI[SharedCameraCaptureActivity]@965a616(10055): Relayout returned: old=(0,0,1080,2340) new=(0,0,1080,2340) relayoutAsync=false req=(1080,2340)0 dur=4 res=0x3 s={true 0xb400006d1fab7790} ch=true seqId=0
07-23 23:15:41.404 I/VRI[SharedCameraCaptureActivity]@965a616(10055): performConfigurationChange setNightDimText nightDimLevel=0
07-23 23:15:41.405 D/VRI[SharedCameraCaptureActivity]@965a616(10055): mThreadedRenderer.initialize() mSurface={isValid=true 0xb400006d1fab7790} hwInitialized=true
07-23 23:15:41.405 I/SV[127035358 SharedCameraCaptureActivity](10055): windowStopped(false) true android.opengl.GLSurfaceView{79267de V.E...... ......ID 0,0-1080,2106} of VRI[SharedCameraCaptureActivity]@965a616
07-23 23:15:41.405 D/VRI[SharedCameraCaptureActivity]@965a616(10055): reportNextDraw android.view.ViewRootImpl.performTraversals:5507 android.view.ViewRootImpl.doTraversal:3959 android.view.ViewRootImpl$TraversalRunnable.run:13034 android.view.Choreographer$CallbackRecord.run:1961 android.view.Choreographer$CallbackRecord.run:1970 
07-23 23:15:41.405 I/SurfaceFlinger( 1885): id=150246 createSurf, flag=20004, Bounds for - com.spherify.app/com.spherify.app.SharedCameraCaptureActivity@0#150246
07-23 23:15:41.405 I/SurfaceFlinger( 1885): id=150247 createSurf, flag=84004, 79267de SurfaceView[com.spherify.app/com.spherify.app.SharedCameraCaptureActivity]@0#150247
07-23 23:15:41.405 I/SurfaceFlinger( 1885): id=150248 createSurf, flag=44400, 79267de SurfaceView[com.spherify.app/com.spherify.app.SharedCameraCaptureActivity]@0(BLAST)#150248
07-23 23:15:41.406 I/SurfaceFlinger( 1885): id=150249 createSurf, flag=20404, Background for 79267de SurfaceView[com.spherify.app/com.spherify.app.SharedCameraCaptureActivity]@0#150249
07-23 23:15:41.406 I/BLASTBufferQueue_Java(10055): new BLASTBufferQueue, mName= 79267de SurfaceView[com.spherify.app/com.spherify.app.SharedCameraCaptureActivity]@0 mNativeObject= 0xb400006dbfa7b320 caller= android.view.SurfaceView.createBlastSurfaceControls:1878 android.view.SurfaceView.updateSurface:1519 android.view.SurfaceView.lambda$new$0:283 android.view.SurfaceView.$r8$lambda$NfZyM_TG8F8lqzaOVZ7noREFjzU:0 android.view.SurfaceView$$ExternalSyntheticLambda1.onPreDraw:0 android.view.ViewTreeObserver.dispatchOnPreDraw:1295 android.view.ViewRootImpl.performTraversals:5512 android.view.ViewRootImpl.doTraversal:3959 android.view.ViewRootImpl$TraversalRunnable.run:13034 android.view.Choreographer$CallbackRecord.run:1961 
07-23 23:15:41.406 I/BLASTBufferQueue_Java(10055): update, w= 1080 h= 2106 mName = 79267de SurfaceView[com.spherify.app/com.spherify.app.SharedCameraCaptureActivity]@0 mNativeObject= 0xb400006dbfa7b320 sc.mNativeObject= 0xb400006e9fa71890 format= 4 caller= android.view.SurfaceView.createBlastSurfaceControls:1879 android.view.SurfaceView.updateSurface:1519 android.view.SurfaceView.lambda$new$0:283 android.view.SurfaceView.$r8$lambda$NfZyM_TG8F8lqzaOVZ7noREFjzU:0 android.view.SurfaceView$$ExternalSyntheticLambda1.onPreDraw:0 android.view.ViewTreeObserver.dispatchOnPreDraw:1295 
07-23 23:15:41.406 I/SV[127035358 SharedCameraCaptureActivity](10055): pST: sr = Rect(0, 75 - 1080, 2181) sw = 1080 sh = 2106
07-23 23:15:41.406 I/SV[127035358 SharedCameraCaptureActivity](10055): updateSurface: mVisible = true mSurface.isValid() = true
07-23 23:15:41.406 I/SV[127035358 SharedCameraCaptureActivity](10055): updateSurface: mSurfaceCreated = false surfaceChanged = true visibleChanged = true
07-23 23:15:41.406 I/SV[127035358 SharedCameraCaptureActivity](10055): surfaceCreated 1 #8 android.opengl.GLSurfaceView{79267de V.E...... ......ID 0,0-1080,2106}
07-23 23:15:41.406 I/SV[127035358 SharedCameraCaptureActivity](10055): surfaceChanged (1080,2106) 1 #8 android.opengl.GLSurfaceView{79267de V.E...... ......ID 0,0-1080,2106}
07-23 23:15:41.407 I/[AirCmd]_ActivitySwitchDetector( 6680): onTaskStackChanged : componentName - ComponentInfo{com.spherify.app/com.spherify.app.SharedCameraCaptureActivity}
07-23 23:15:41.407 I/[AirCmd]_ActivitySwitchDetector( 6680): onTaskStackChanged :top mTopMostActivity - ComponentInfo{com.spherify.app/com.spherify.app.MainActivity}
07-23 23:15:41.407 I/SurfaceFlinger( 1885): [com.spherify.app/com.spherify.app.SharedCameraCaptureActivity$_10055#150243] attach to parent LayerHierarchy{RequestedLayerState{43027d5 com.spherify.app/com.spherify.app.SharedCameraCaptureActivity#150242 parentId=150241} 1 children}
07-23 23:15:41.407 I/SurfaceFlinger( 1885): [Bounds for - com.spherify.app/com.spherify.app.SharedCameraCaptureActivity@0#150246] attach to parent LayerHierarchy{RequestedLayerState{com.spherify.app/com.spherify.app.SharedCameraCaptureActivity$_10055#150243 parentId=150242} 1 children}
07-23 23:15:41.407 I/SurfaceFlinger( 1885): [79267de SurfaceView[com.spherify.app/com.spherify.app.SharedCameraCaptureActivity]@0#150247] attach to parent LayerHierarchy{RequestedLayerState{Bounds for - com.spherify.app/com.spherify.app.SharedCameraCaptureActivity@0#150246 parentId=150243} 1 children}
07-23 23:15:41.407 I/SurfaceFlinger( 1885): [79267de SurfaceView[com.spherify.app/com.spherify.app.SharedCameraCaptureActivity]@0(BLAST)#150248] attach to parent LayerHierarchy{RequestedLayerState{79267de SurfaceView[com.spherify.app/com.spherify.app.SharedCameraCaptureActivity]@0#150247 parentId=150246} 1 children}
07-23 23:15:41.407 I/SurfaceFlinger( 1885): [Background for 79267de SurfaceView[com.spherify.app/com.spherify.app.SharedCameraCaptureActivity]@0#150249] attach to parent LayerHierarchy{RequestedLayerState{79267de SurfaceView[com.spherify.app/com.spherify.app.SharedCameraCaptureActivity]@0#150247 parentId=150246} 2 children}
07-23 23:15:41.407 D/VRI[SharedCameraCaptureActivity]@965a616(10055): Setup new sync=wmsSync-VRI[SharedCameraCaptureActivity]@965a616#4
07-23 23:15:41.407 I/SurfaceControl( 2724): apply, lowDebugName=Focus request: 43027d5 com.spherify.app/com.spherify.app.SharedCameraCaptureActivity, caller=android.view.SurfaceControl$Transaction.apply:3569 android.view.SurfaceControl$Transaction.apply:3519 com.android.server.wm.WindowAnimator.animate:468 com.android.server.wm.WindowAnimator$$ExternalSyntheticLambda1.doFrame:14 android.view.Choreographer$CallbackRecord.run:1959 android.view.Choreographer$CallbackRecord.run:1970 
07-23 23:15:41.408 I/VRI[SharedCameraCaptureActivity]@965a616(10055): Creating new active sync group VRI[SharedCameraCaptureActivity]@965a616#5
07-23 23:15:41.408 D/VRI[SharedCameraCaptureActivity]@965a616(10055): registerCallbacksForSync syncBuffer=false
07-23 23:15:41.408 I/SV[127035358 SharedCameraCaptureActivity](10055): uSP: rtp = Rect(0, 75 - 1080, 2181) rtsw = 1080 rtsh = 2106
07-23 23:15:41.408 I/SV[127035358 SharedCameraCaptureActivity](10055): onSSPAndSRT: pl = 0 pt = 75 sx = 1.0 sy = 1.0
07-23 23:15:41.408 I/SV[127035358 SharedCameraCaptureActivity](10055): aOrMT: VRI[SharedCameraCaptureActivity]@965a616 t = android.view.SurfaceControl$Transaction@189117f fN = 1 android.view.SurfaceView.-$$Nest$mapplyOrMergeTransaction:0 android.view.SurfaceView$SurfaceViewPositionUpdateListener.positionChanged:2029 android.graphics.RenderNode$CompositePositionUpdateListener.positionChanged:401 
07-23 23:15:41.408 I/VRI[SharedCameraCaptureActivity]@965a616(10055): mWNT: t=0xb400006e3fa97310 mBlastBufferQueue=0xb400006dbfa758d0 fn= 1 HdrRenderState mRenderHdrSdrRatio=1.0 caller= android.view.SurfaceView.applyOrMergeTransaction:1960 android.view.SurfaceView.-$$Nest$mapplyOrMergeTransaction:0 android.view.SurfaceView$SurfaceViewPositionUpdateListener.positionChanged:2029 
07-23 23:15:41.409 D/VRI[SharedCameraCaptureActivity]@965a616(10055): Received frameDrawingCallback syncResult=0 frameNum=1.
07-23 23:15:41.409 I/VRI[SharedCameraCaptureActivity]@965a616(10055): mWNT: t=0xb400006e3fa98c80 mBlastBufferQueue=0xb400006dbfa758d0 fn= 1 HdrRenderState mRenderHdrSdrRatio=1.0 caller= android.view.ViewRootImpl$12.onFrameDraw:15561 android.view.ThreadedRenderer$1.onFrameDraw:751 <bottom of call stack> 
07-23 23:15:41.409 I/VRI[SharedCameraCaptureActivity]@965a616(10055): Setting up sync and frameCommitCallback
07-23 23:15:41.411 I/BLASTBufferQueue(10055): [VRI[SharedCameraCaptureActivity]@965a616#2](f:0,a:0,s:0) onFrameAvailable the first frame is available
07-23 23:15:41.411 I/VRI[SharedCameraCaptureActivity]@965a616(10055): Received frameCommittedCallback lastAttemptedDrawFrameNum=1 didProduceBuffer=true
07-23 23:15:41.411 I/SurfaceFlinger( 1885): [com.spherify.app/com.spherify.app.SharedCameraCaptureActivity$_10055#150243] setTransactionState with the first frame. bufferData(ID: 43185896161286, frameNumber: 1)
07-23 23:15:41.416 I/SurfaceFlinger( 1885): RequestedLayer [79267de SurfaceView[com.spherify.app[...]haredCameraCaptureActivity]@0#150247] hidden!! flag  from(1) --> to(0)
07-23 23:15:41.416 I/SurfaceFlinger( 1885): RequestedLayer [Bounds for - com.spherify.app/com.sp[...]SharedCameraCaptureActivity@0#150246] hidden!! flag  from(1) --> to(0)
07-23 23:15:41.416 I/SurfaceFlinger( 1885): RequestedLayer [Background for 79267de SurfaceView[c[...]haredCameraCaptureActivity]@0#150249] hidden!! flag  from(1) --> to(0)
07-23 23:15:41.416 I/SurfaceFlinger( 1885): [LayerHierarchy{RequestedLayerState{79267de SurfaceView[com.spherify.app/com.spherify.app.SharedCameraCaptureActivity]@0#150247 parentId=150246 relativeParentId=150243 z=-2} 2 children}] RelativeParent to LayerHierarchy{RequestedLayerState{com.spherify.app/com.spherify.app.SharedCameraCaptureActivity$_10055#150243 parentId=150242} 2 children}
07-23 23:15:41.416 I/SurfaceFlinger( 1885): [LayerHierarchy{RequestedLayerState{Background for 79267de SurfaceView[com.spherify.app/com.spherify.app.SharedCameraCaptureActivity]@0#150249 parentId=150247 relativeParentId=150243 z=-2147483648} no children}] RelativeParent to LayerHierarchy{RequestedLayerState{com.spherify.app/com.spherify.app.SharedCameraCaptureActivity$_10055#150243 parentId=150242} 3 children}
07-23 23:15:41.417 I/InsetsSourceConsumer(10055): applyRequestedVisibilityToControl: visible=true, type=navigationBars, host=com.spherify.app/com.spherify.app.SharedCameraCaptureActivity
07-23 23:15:41.418 I/InsetsSourceConsumer(10055): applyRequestedVisibilityToControl: visible=true, type=statusBars, host=com.spherify.app/com.spherify.app.SharedCameraCaptureActivity
07-23 23:15:41.418 D/SurfaceFlinger( 1885): [input] setFocusedWindow: 43027d5 com.spherify.app/com.spherify.app.SharedCameraCaptureActivity
07-23 23:15:41.418 D/InputDispatcher( 2724): Once focus requested (0): 43027d5 com.spherify.app/com.spherify.app.SharedCameraCaptureActivity
07-23 23:15:41.418 D/InputDispatcher( 2724): Focus request (0): 43027d5 com.spherify.app/com.spherify.app.SharedCameraCaptureActivity but waiting because NO_WINDOW
07-23 23:15:41.526 D/SurfaceFlinger( 1885):        DEVICE |           43185896161284 | 00000502 | RGBx_8888    |    0.0    0.0 1080.0 1625.0 |    0  254 1080 1879 | da9d5c0 SurfaceView[com.spherify.app[...]fy.app.MainActivity]@0(BLAST)#150237 (54)
07-23 23:15:41.526 D/SurfaceFlinger( 1885):        DEVICE |           43185896161285 | 00002100 | RGBA_8888    |    0.0    0.0 1080.0 2340.0 |    0    0 1080 2340 | com.spherify.app/com.spherify.app.MainActivity$_10055#150232 (38)
07-23 23:15:41.527 D/BLASTSyncEngine( 2724): SyncGroup 15249:  Unfinished container: ActivityRecord{236409941 u0 com.spherify.app/.SharedCameraCaptureActivity t18380} mSyncState=2
07-23 23:15:41.608 D/nativeloader(10055): Load /data/app/~~hIhI4PZSAVBK9Up2rizAyA==/com.spherify.app-JyNhyNJFPOdbeXyBhbHlgg==/base.apk!/lib/arm64-v8a/libarcore_sdk_jni.so using class loader ns clns-9 (caller=/data/app/~~hIhI4PZSAVBK9Up2rizAyA==/com.spherify.app-JyNhyNJFPOdbeXyBhbHlgg==/base.apk): ok
07-23 23:15:41.614 W/om.spherify.app(10055): Loading /data/app/~~f2i8Ugwl1-uq72RfxwKfsA==/com.google.ar.core-wgymCV9WpcnN85pPSmEOIg==/oat/arm64/base.odex non-executable as it requires an image which we failed to load
07-23 23:15:41.615 W/om.spherify.app(10055): Failed to find entry 'classes.dex': Entry not found
07-23 23:15:41.615 W/om.spherify.app(10055): Failed to find entry 'classes.dex': Entry not found
07-23 23:15:41.699 I/native  (10055): I0000 00:00:1784844941.699851   10364 online_calibration_manager.cc:94] OnlineCalibrationManager: Could not open /data/user/0/com.spherify.app/cache/arcore-online-recalibration for reading.
07-23 23:15:41.751 W/om.spherify.app(10055): Attempt to remove index outside index area (38 vs 160-176)
07-23 23:15:41.751 W/om.spherify.app(10055): JNI WARNING: DeleteLocalRef(0x6fed0b2699) failed to find entry
07-23 23:15:41.751 W/om.spherify.app(10055):   at com.google.ar.core.Session.nativeCreateSessionAndWrapperWithFeatures(Native method)
07-23 23:15:41.751 W/om.spherify.app(10055):   at com.google.ar.core.Session.<init>(Session.java:11)
07-23 23:15:41.751 W/om.spherify.app(10055):   at com.spherify.app.SharedCameraCaptureActivity.openSharedCamera(SharedCameraCaptureActivity.java:349)
07-23 23:15:41.751 W/om.spherify.app(10055):   at com.spherify.app.SharedCameraCaptureActivity.onSurfaceCreated(SharedCameraCaptureActivity.java:753)
07-23 23:15:41.751 W/om.spherify.app(10055):   at android.opengl.GLSurfaceView$GLThread.guardedRun(GLSurfaceView.java:1545)
07-23 23:15:41.751 W/om.spherify.app(10055):   at android.opengl.GLSurfaceView$GLThread.run(GLSurfaceView.java:1276)
07-23 23:15:41.830 I/BLASTBufferQueue(10055): [79267de SurfaceView[com.spherify.app/com.spherify.app.SharedCameraCaptureActivity]@0#3](f:0,a:0,s:0) onFrameAvailable the first frame is available
07-23 23:15:41.831 I/SurfaceFlinger( 1885): [79267de SurfaceView[com.spherify.app/com.spherify.app.SharedCameraCaptureActivity]@0(BLAST)#150248] setTransactionState with the first frame. bufferData(ID: 43185896161287, frameNumber: 1)
07-23 23:15:41.831 I/WindowManager(10055): WindowManagerGlobal#addView, ty=2, view=com.android.internal.policy.DecorView{b451fa8 V.E...... R.....I. 0,0-0,0}[SharedCameraCaptureActivity], caller=android.view.WindowManagerImpl.addView:167 android.app.Dialog.show:544 android.app.AlertDialog$Builder.show:1195 
07-23 23:15:41.831 D/VRI[SharedCameraCaptureActivity]@965a616(10055): reportDrawFinished seqId=0
07-23 23:15:41.833 D/WindowManager( 2724): finishDrawingWindow: Window{43027d5 u0 com.spherify.app/com.spherify.app.SharedCameraCaptureActivity} mDrawState=DRAW_PENDING seqId=0
07-23 23:15:41.836 V/WindowManager( 2724): performShowLocked: mDrawState=HAS_DRAWN in Window{43027d5 u0 com.spherify.app/com.spherify.app.SharedCameraCaptureActivity}
07-23 23:15:41.836 D/ChangeTransitionController( 2724):    ChangeInfo{3bc8ee5 container=ActivityRecord{75023820 u0 com.spherify.app/.MainActivity t18380} flags=0x0}
07-23 23:15:41.836 D/ChangeTransitionController( 2724):    ChangeInfo{21297a4 container=Task{b789015 #18380 type=standard A=10601:com.spherify.app} flags=0x0}
07-23 23:15:41.836 D/ChangeTransitionController( 2724):    ChangeInfo{8f6b90d container=ActivityRecord{236409941 u0 com.spherify.app/.SharedCameraCaptureActivity t18380} flags=0x0}
07-23 23:15:41.836 V/WindowManager( 2724): Start calculating TransitionInfo based on participants: {ActivityRecord{75023820 u0 com.spherify.app/.MainActivity t18380}, ActivityRecord{236409941 u0 com.spherify.app/.SharedCameraCaptureActivity t18380}}
07-23 23:15:41.836 V/WindowManager( 2724):   Final targets: [ChangeInfo{8f6b90d container=ActivityRecord{236409941 u0 com.spherify.app/.SharedCameraCaptureActivity t18380} flags=0x0}, ChangeInfo{3bc8ee5 container=ActivityRecord{75023820 u0 com.spherify.app/.MainActivity t18380} flags=0x0}]
07-23 23:15:41.836 I/SurfaceFlinger( 1885): id=150250 createSurf, flag=84004, Transition Root: ActivityRecord{236409941 u0 com.spherify.app/.SharedCameraCaptureActivity t18380}#150250
07-23 23:15:41.837 I/SurfaceControlRegistry( 2724): show, t=StartTransaction_SyncId<15249> sc=ActivityRecord{236409941 u0 com.spherify.app/.SharedCameraCaptureActivity t18380}#150241, caller=android.view.SurfaceControl$Transaction.show:3679 com.android.server.wm.Transition.onTransactionReady:2078 com.android.server.wm.BLASTSyncEngine$SyncGroup.finishNow:261 com.android.server.wm.BLASTSyncEngine.onSurfacePlacement:263 com.android.server.wm.RootWindowContainer.performSurfacePlacement:1105 com.android.server.wm.WindowSurfacePlacer.performSurfacePlacement:163 
07-23 23:15:41.838 V/WindowManager( 2724):         {m=OPEN f=FILLS_TASK|IS_ACTIVITY|EDGE_EXTENSION_RESTRICTION leash=Surface(name=ActivityRecord{236409941 u0 com.spherify.app/.SharedCameraCaptureActivity t18380}#150241)/@0x112746b sb=Rect(0, 0 - 0, 0) eb=Rect(0, 0 - 1080, 2340) epz=Point(1080, 2340) d=-1->0 r=-1->0:-1 bc=fffafafa activity=ActivityTransitionInfo { component = ComponentInfo{com.spherify.app/com.spherify.app.SharedCameraCaptureActivity}, taskId = 18380, appCompatTransitionInfo = null } opt={t=FROM_STYLE mUserId=0} inset=Rect(0, 0 - 0, 0) dim=true taskIdForActivity=18380 allowAppBgLayer=true},
07-23 23:15:41.838 V/WindowManager( 2724):         {m=TO_BACK f=FILLS_TASK|IS_ACTIVITY|EDGE_EXTENSION_RESTRICTION leash=Surface(name=ActivityRecord{75023820 u0 com.spherify.app/.MainActivity t18380}#150221)/@0xdd4aee6 sb=Rect(0, 0 - 1080, 2340) eb=Rect(0, 0 - 1080, 2340) epz=Point(1080, 2340) d=0 bc=fffafafa activity=ActivityTransitionInfo { component = ComponentInfo{com.spherify.app/com.spherify.app.MainActivity}, taskId = 18380, appCompatTransitionInfo = null } opt={t=FROM_STYLE mUserId=0} inset=Rect(0, 0 - 0, 0) dim=true taskIdForActivity=18380 allowAppBgLayer=true}
07-23 23:15:41.840 I/SurfaceFlinger( 1885): [Transition Root: ActivityRecord{236409941 u0 com.spherify.app/.SharedCameraCaptureActivity t18380}#150250] attach to parent LayerHierarchy{RequestedLayerState{Task=18380#150220 parentId=10 z=3} 3 children}
07-23 23:15:41.841 I/ActivityTaskManager( 2724): done cause=notifyTransitionStarting drawn timestamp=313044066505684 info=TransitionInfo{94705e3 a=ActivityRecord{236409941 u0 com.spherify.app/.SharedCameraCaptureActivity t18380} r=null d=true}
07-23 23:15:41.842 I/ActivityTaskManager( 2724): Displayed com.spherify.app/.SharedCameraCaptureActivity for user 0: +540ms
07-23 23:15:41.842 I/Pageboost( 2724): Launch time gathered : pid 10055 com.spherify.app 540
07-23 23:15:41.843 I/SurfaceFlinger( 1885): Capture layer list: 	 Background for da9d5c0 SurfaceView[com.spherify.app/com.spherify.app.MainActivity]@0#150238(preserveDisplayColors:0)
07-23 23:15:41.843 I/SurfaceFlinger( 1885): Capture layer list: 	 da9d5c0 SurfaceView[com.spherify.app/com.spherify.app.MainActivity]@0(BLAST)#150237(preserveDisplayColors:0)
07-23 23:15:41.843 I/SurfaceFlinger( 1885): Capture layer list: 	 com.spherify.app/com.spherify.app.MainActivity$_10055#150232(preserveDisplayColors:0)
07-23 23:15:41.843 D/SurfaceFlinger( 1885): [SEC_SF_EFFECTS] drawLayersInternal,1337, Rendering layer da9d5c0 SurfaceView[com.spherify.app/com.spherify.app.MainActivity]@0(BLAST)#150237 at index 1
07-23 23:15:41.843 D/SurfaceFlinger( 1885): [SEC_SF_EFFECTS] drawLayersInternal,1337, Rendering layer com.spherify.app/com.spherify.app.MainActivity$_10055#150232 at index 2
07-23 23:15:41.844 V/WindowManagerShell( 4213):         {m=OPEN f=FILLS_TASK|IS_ACTIVITY|EDGE_EXTENSION_RESTRICTION leash=Surface(name=ActivityRecord{236409941 u0 com.spherify.app/.SharedCameraCaptureActivity t18380}#150241)/@0xb9812b8 sb=Rect(0, 0 - 0, 0) eb=Rect(0, 0 - 1080, 2340) epz=Point(1080, 2340) d=-1->0 r=-1->0:-1 bc=fffafafa activity=ActivityTransitionInfo { component = ComponentInfo{com.spherify.app/com.spherify.app.SharedCameraCaptureActivity}, taskId = 18380, appCompatTransitionInfo = null } opt={t=FROM_STYLE mUserId=0} inset=Rect(0, 0 - 0, 0) dim=true taskIdForActivity=18380 allowAppBgLayer=true},
07-23 23:15:41.844 V/WindowManagerShell( 4213):         {m=TO_BACK f=FILLS_TASK|IS_ACTIVITY|EDGE_EXTENSION_RESTRICTION leash=Surface(name=ActivityRecord{75023820 u0 com.spherify.app/.MainActivity t18380}#150221)/@0x7c43891 sb=Rect(0, 0 - 1080, 2340) eb=Rect(0, 0 - 1080, 2340) epz=Point(1080, 2340) d=0 bc=fffafafa activity=ActivityTransitionInfo { component = ComponentInfo{com.spherify.app/com.spherify.app.MainActivity}, taskId = 18380, appCompatTransitionInfo = null } opt={t=FROM_STYLE mUserId=0} inset=Rect(0, 0 - 0, 0) dim=true taskIdForActivity=18380 allowAppBgLayer=true}
